00:00 +0: loading /Users/wballard/github/reorderable_tree_list_view/test/core/drag_drop_handler_test.dart
00:00 +0: /Users/wballard/github/reorderable_tree_list_view/test/core/drag_drop_handler_test.dart: DragDropHandler calculateNewPath should move file to different folder
00:00 +1: /Users/wballard/github/reorderable_tree_list_view/test/core/drag_drop_handler_test.dart: DragDropHandler calculateNewPath should move file to root level
00:00 +2: /Users/wballard/github/reorderable_tree_list_view/test/core/drag_drop_handler_test.dart: DragDropHandler calculateNewPath should move folder to different parent
00:00 +3: /Users/wballard/github/reorderable_tree_list_view/test/core/drag_drop_handler_test.dart: DragDropHandler calculateNewPath should reorder within same parent
00:00 +4: /Users/wballard/github/reorderable_tree_list_view/test/core/drag_drop_handler_test.dart: DragDropHandler calculateNewPath should handle moving to end of list
00:00 +5: /Users/wballard/github/reorderable_tree_list_view/test/core/drag_drop_handler_test.dart: DragDropHandler calculateNewPath should handle drop into folder (as last child)
00:00 +6: /Users/wballard/github/reorderable_tree_list_view/test/core/drag_drop_handler_test.dart: DragDropHandler validateDrop should allow valid file moves
00:00 +7: /Users/wballard/github/reorderable_tree_list_view/test/core/drag_drop_handler_test.dart: DragDropHandler validateDrop should prevent moving folder into itself
00:00 +8: /Users/wballard/github/reorderable_tree_list_view/test/core/drag_drop_handler_test.dart: DragDropHandler validateDrop should prevent moving folder into its descendant
00:00 +9: /Users/wballard/github/reorderable_tree_list_view/test/core/drag_drop_handler_test.dart: DragDropHandler validateDrop should prevent duplicate names in same parent
00:00 +10: /Users/wballard/github/reorderable_tree_list_view/test/core/drag_drop_handler_test.dart: DragDropHandler validateDrop should allow moving to same parent (reordering)
00:00 +11: /Users/wballard/github/reorderable_tree_list_view/test/core/drag_drop_handler_test.dart: DragDropHandler validateDrop should handle root level drops
00:00 +12: /Users/wballard/github/reorderable_tree_list_view/test/core/drag_drop_handler_test.dart: DragDropHandler getDropTarget should identify folder drop target
00:00 +13: /Users/wballard/github/reorderable_tree_list_view/test/core/drag_drop_handler_test.dart: DragDropHandler getDropTarget should identify parent from previous sibling
00:00 +14: /Users/wballard/github/reorderable_tree_list_view/test/core/drag_drop_handler_test.dart: DragDropHandler getDropTarget should handle drop at beginning
00:00 +15: /Users/wballard/github/reorderable_tree_list_view/test/core/drag_drop_handler_test.dart: DragDropHandler getDropTarget should handle drop at end
00:00 +16: /Users/wballard/github/reorderable_tree_list_view/test/core/tree_state_test.dart: TreeState provides access to all nodes
00:00 +17: /Users/wballard/github/reorderable_tree_list_view/test/core/tree_state_test.dart: TreeState provides quick lookup by path
00:00 +18: /Users/wballard/github/reorderable_tree_list_view/test/core/tree_state_test.dart: TreeState returns null for non-existent path
00:00 +19: /Users/wballard/github/reorderable_tree_list_view/test/core/tree_state_test.dart: TreeState gets children of a node
00:00 +20: /Users/wballard/github/reorderable_tree_list_view/test/core/tree_state_test.dart: TreeState returns empty list for leaf nodes
00:00 +21: /Users/wballard/github/reorderable_tree_list_view/test/core/tree_state_test.dart: TreeState gets visible nodes (all expanded by default)
00:00 +22: /Users/wballard/github/reorderable_tree_list_view/test/core/tree_state_test.dart: TreeState tracks expansion state
00:00 +23: /Users/wballard/github/reorderable_tree_list_view/test/core/tree_state_test.dart: TreeState visible nodes respect expansion state
00:00 +24: /Users/wballard/github/reorderable_tree_list_view/test/core/tree_state_test.dart: TreeState collapseAll and expandAll work correctly
00:00 +25: /Users/wballard/github/reorderable_tree_list_view/test/core/tree_state_test.dart: TreeState handles expansion state for non-folder nodes gracefully
00:00 +26: /Users/wballard/github/reorderable_tree_list_view/test/core/tree_state_test.dart: TreeState preserves sort order in visible nodes
00:00 +27: /Users/wballard/github/reorderable_tree_list_view/test/core/event_controller_test.dart: EventController can register and invoke expansion callbacks
00:00 +28: /Users/wballard/github/reorderable_tree_list_view/test/core/event_controller_test.dart: EventController handles null callbacks gracefully
00:00 +29: /Users/wballard/github/reorderable_tree_list_view/test/core/event_controller_test.dart: EventController can register and invoke drag callbacks
00:00 +30: /Users/wballard/github/reorderable_tree_list_view/test/core/event_controller_test.dart: EventController can register and invoke selection callbacks
00:00 +31: /Users/wballard/github/reorderable_tree_list_view/test/core/event_controller_test.dart: EventController validation callbacks return true by default
00:00 +32: /Users/wballard/github/reorderable_tree_list_view/test/core/event_controller_test.dart: EventController validation callbacks respect custom implementations
00:00 +33: /Users/wballard/github/reorderable_tree_list_view/test/core/event_controller_test.dart: EventController async validation callbacks work correctly
00:00 +34: /Users/wballard/github/reorderable_tree_list_view/test/core/event_controller_test.dart: EventController async validation callbacks return true by default
00:00 +35: /Users/wballard/github/reorderable_tree_list_view/test/core/event_controller_test.dart: EventController can register and invoke context menu callback
00:00 +36: /Users/wballard/github/reorderable_tree_list_view/test/core/event_controller_test.dart: EventController handles errors in callbacks gracefully
══╡ EXCEPTION CAUGHT BY REORDERABLE_TREE_LIST_VIEW ╞════════════════════════════════════════════════
The following _Exception was thrown while invoking a tree view callback:
Exception: Test error

When the exception was thrown, this was the stack:
#0      main.<anonymous closure>.<anonymous closure>.<anonymous closure> (file:///Users/wballard/github/reorderable_tree_list_view/test/core/event_controller_test.dart:183:9)
#1      EventController.notifyExpandStart.<anonymous closure> (package:reorderable_tree_list_view/src/core/event_controller.dart:69:42)
#2      EventController._invokeCallback (package:reorderable_tree_list_view/src/core/event_controller.dart:159:15)
#3      EventController.notifyExpandStart (package:reorderable_tree_list_view/src/core/event_controller.dart:69:5)
#4      main.<anonymous closure>.<anonymous closure>.<anonymous closure> (file:///Users/wballard/github/reorderable_tree_list_view/test/core/event_controller_test.dart:187:31)
#5      _ReturnsNormally.typedMatches (package:matcher/src/core_matchers.dart:153:8)
#6      FeatureMatcher.matches (package:matcher/src/feature_matcher.dart:16:42)
#7      _expect (package:matcher/src/expect/expect.dart:138:30)
#8      expect (package:matcher/src/expect/expect.dart:56:3)
#9      expect (package:flutter_test/src/widget_tester.dart:474:18)
#10     main.<anonymous closure>.<anonymous closure> (file:///Users/wballard/github/reorderable_tree_list_view/test/core/event_controller_test.dart:187:7)
#11     Declarer.test.<anonymous closure>.<anonymous closure> (package:test_api/src/backend/declarer.dart:229:19)
<asynchronous suspension>
#12     Declarer.test.<anonymous closure> (package:test_api/src/backend/declarer.dart:227:7)
<asynchronous suspension>
#13     Invoker._waitForOutstandingCallbacks.<anonymous closure> (package:test_api/src/backend/invoker.dart:258:9)
<asynchronous suspension>
════════════════════════════════════════════════════════════════════════════════════════════════════
00:00 +37: /Users/wballard/github/reorderable_tree_list_view/test/core/event_controller_test.dart: EventController dispose prevents further callbacks
00:00 +38: /Users/wballard/github/reorderable_tree_list_view/test/core/tree_builder_test.dart: TreeBuilder builds tree from simple paths
00:00 +39: /Users/wballard/github/reorderable_tree_list_view/test/core/tree_builder_test.dart: TreeBuilder handles empty path list
00:00 +40: /Users/wballard/github/reorderable_tree_list_view/test/core/tree_builder_test.dart: TreeBuilder handles duplicate paths
00:00 +41: /Users/wballard/github/reorderable_tree_list_view/test/core/tree_builder_test.dart: TreeBuilder handles multiple schemes
00:00 +42: /Users/wballard/github/reorderable_tree_list_view/test/core/tree_builder_test.dart: TreeBuilder maintains hierarchical order
00:00 +43: /Users/wballard/github/reorderable_tree_list_view/test/core/tree_builder_test.dart: TreeBuilder sorts siblings alphabetically
00:00 +44: /Users/wballard/github/reorderable_tree_list_view/test/core/tree_builder_test.dart: TreeBuilder handles deep nesting efficiently
00:00 +45: /Users/wballard/github/reorderable_tree_list_view/test/core/tree_builder_test.dart: TreeBuilder handles URIs with special characters
00:00 +46: /Users/wballard/github/reorderable_tree_list_view/test/core/tree_builder_test.dart: TreeBuilder performance with large path lists
00:00 +47: /Users/wballard/github/reorderable_tree_list_view/test/integration/drag_drop_integration_test.dart: Drag and Drop Integration complete drag and drop flow
══╡ EXCEPTION CAUGHT BY FLUTTER TEST FRAMEWORK ╞════════════════════════════════════════════════════
The following TestFailure was thrown running a test:
Expected: contains 'file5.txt'
  Actual: 'null'
   Which: does not contain 'file5.txt'

When the exception was thrown, this was the stack:
#4      main.<anonymous closure>.<anonymous closure> (file:///Users/wballard/github/reorderable_tree_list_view/test/integration/drag_drop_integration_test.dart:38:7)
<asynchronous suspension>
#5      testWidgets.<anonymous closure>.<anonymous closure> (package:flutter_test/src/widget_tester.dart:193:15)
<asynchronous suspension>
#6      TestWidgetsFlutterBinding._runTestBody (package:flutter_test/src/binding.dart:1064:5)
<asynchronous suspension>
<asynchronous suspension>
(elided one frame from package:stack_trace)

This was caught by the test expectation on the following line:
  file:///Users/wballard/github/reorderable_tree_list_view/test/integration/drag_drop_integration_test.dart line 38
The test description was:
  complete drag and drop flow
════════════════════════════════════════════════════════════════════════════════════════════════════
00:01 +47 -1: /Users/wballard/github/reorderable_tree_list_view/test/integration/keyboard_navigation_integration_test.dart: Keyboard Navigation Integration complete keyboard navigation flow
00:01 +47 -1: /Users/wballard/github/reorderable_tree_list_view/test/integration/drag_drop_integration_test.dart: Drag and Drop Integration complete drag and drop flow [E]
  Test failed. See exception logs above.
  The test description was: complete drag and drop flow
  
00:01 +48 -1: /Users/wballard/github/reorderable_tree_list_view/test/integration/keyboard_navigation_integration_test.dart: Keyboard Navigation Integration complete keyboard navigation flow
══╡ EXCEPTION CAUGHT BY FLUTTER TEST FRAMEWORK ╞════════════════════════════════════════════════════
The following TestFailure was thrown running a test:
Expected: <1>
  Actual: <0>

When the exception was thrown, this was the stack:
#4      main.<anonymous closure>.<anonymous closure> (file:///Users/wballard/github/reorderable_tree_list_view/test/integration/keyboard_navigation_integration_test.dart:30:7)
<asynchronous suspension>
#5      testWidgets.<anonymous closure>.<anonymous closure> (package:flutter_test/src/widget_tester.dart:193:15)
<asynchronous suspension>
#6      TestWidgetsFlutterBinding._runTestBody (package:flutter_test/src/binding.dart:1064:5)
<asynchronous suspension>
<asynchronous suspension>
(elided one frame from package:stack_trace)

This was caught by the test expectation on the following line:
  file:///Users/wballard/github/reorderable_tree_list_view/test/integration/keyboard_navigation_integration_test.dart line 30
The test description was:
  complete keyboard navigation flow
════════════════════════════════════════════════════════════════════════════════════════════════════
00:01 +48 -2: /Users/wballard/github/reorderable_tree_list_view/test/integration/actions_intents_integration_test.dart: Actions and Intents Integration intent invocation through widget
00:01 +48 -2: /Users/wballard/github/reorderable_tree_list_view/test/integration/keyboard_navigation_integration_test.dart: Keyboard Navigation Integration complete keyboard navigation flow [E]
  Test failed. See exception logs above.
  The test description was: complete keyboard navigation flow
  
00:01 +48 -2: /Users/wballard/github/reorderable_tree_list_view/test/integration/drag_drop_integration_test.dart: Drag and Drop Integration visual feedback during drag
══╡ EXCEPTION CAUGHT BY FLUTTER TEST FRAMEWORK ╞════════════════════════════════════════════════════
The following TestFailure was thrown running a test:
Expected: true
  Actual: <false>

When the exception was thrown, this was the stack:
#4      main.<anonymous closure>.<anonymous closure> (file:///Users/wballard/github/reorderable_tree_list_view/test/integration/drag_drop_integration_test.dart:83:7)
<asynchronous suspension>
#5      testWidgets.<anonymous closure>.<anonymous closure> (package:flutter_test/src/widget_tester.dart:193:15)
<asynchronous suspension>
#6      TestWidgetsFlutterBinding._runTestBody (package:flutter_test/src/binding.dart:1064:5)
<asynchronous suspension>
<asynchronous suspension>
(elided one frame from package:stack_trace)

This was caught by the test expectation on the following line:
  file:///Users/wballard/github/reorderable_tree_list_view/test/integration/drag_drop_integration_test.dart line 83
The test description was:
  visual feedback during drag
════════════════════════════════════════════════════════════════════════════════════════════════════
00:01 +48 -3: /Users/wballard/github/reorderable_tree_list_view/test/integration/actions_intents_integration_test.dart: Actions and Intents Integration intent invocation through widget
00:01 +48 -3: /Users/wballard/github/reorderable_tree_list_view/test/integration/drag_drop_integration_test.dart: Drag and Drop Integration visual feedback during drag [E]
  Test failed. See exception logs above.
  The test description was: visual feedback during drag
  
00:01 +48 -3: /Users/wballard/github/reorderable_tree_list_view/test/integration/actions_intents_integration_test.dart: Actions and Intents Integration intent invocation through widget
══╡ EXCEPTION CAUGHT BY FLUTTER TEST FRAMEWORK ╞════════════════════════════════════════════════════
The following assertion was thrown running a test:
The finder "Found 0 widgets with text "folder1" descending from widgets with type
"ReorderableTreeListViewItem": []" (used in a call to "tap()") could not find any matching widgets.

When the exception was thrown, this was the stack:
#0      WidgetController._getElementPoint (package:flutter_test/src/controller.dart:2009:7)
#1      WidgetController.getCenter (package:flutter_test/src/controller.dart:1861:12)
#2      WidgetController.tap (package:flutter_test/src/controller.dart:1041:7)
#3      main.<anonymous closure>.<anonymous closure> (file:///Users/wballard/github/reorderable_tree_list_view/test/integration/actions_intents_integration_test.dart:50:20)
<asynchronous suspension>
#4      testWidgets.<anonymous closure>.<anonymous closure> (package:flutter_test/src/widget_tester.dart:193:15)
<asynchronous suspension>
#5      TestWidgetsFlutterBinding._runTestBody (package:flutter_test/src/binding.dart:1064:5)
<asynchronous suspension>
<asynchronous suspension>
(elided one frame from package:stack_trace)

The test description was:
  intent invocation through widget
════════════════════════════════════════════════════════════════════════════════════════════════════
00:01 +48 -4: /Users/wballard/github/reorderable_tree_list_view/test/golden/visual_regression_test.dart: Visual Regression Tests basic tree structure
00:01 +48 -4: /Users/wballard/github/reorderable_tree_list_view/test/integration/actions_intents_integration_test.dart: Actions and Intents Integration intent invocation through widget [E]
  Test failed. See exception logs above.
  The test description was: intent invocation through widget
  
00:01 +49 -4: /Users/wballard/github/reorderable_tree_list_view/test/golden/visual_regression_test.dart: Visual Regression Tests basic tree structure
00:01 +50 -4: /Users/wballard/github/reorderable_tree_list_view/test/golden/visual_regression_test.dart: Visual Regression Tests basic tree structure
00:01 +51 -4: /Users/wballard/github/reorderable_tree_list_view/test/golden/visual_regression_test.dart: Visual Regression Tests basic tree structure
00:01 +52 -4: /Users/wballard/github/reorderable_tree_list_view/test/golden/visual_regression_test.dart: Visual Regression Tests basic tree structure
00:01 +53 -4: /Users/wballard/github/reorderable_tree_list_view/test/golden/visual_regression_test.dart: Visual Regression Tests basic tree structure
00:01 +54 -4: /Users/wballard/github/reorderable_tree_list_view/test/golden/visual_regression_test.dart: Visual Regression Tests basic tree structure
00:01 +55 -4: /Users/wballard/github/reorderable_tree_list_view/test/golden/visual_regression_test.dart: Visual Regression Tests basic tree structure
00:01 +56 -4: /Users/wballard/github/reorderable_tree_list_view/test/golden/visual_regression_test.dart: Visual Regression Tests basic tree structure
00:01 +57 -4: /Users/wballard/github/reorderable_tree_list_view/test/golden/visual_regression_test.dart: Visual Regression Tests basic tree structure
00:01 +58 -4: /Users/wballard/github/reorderable_tree_list_view/test/golden/visual_regression_test.dart: Visual Regression Tests basic tree structure
00:01 +59 -4: /Users/wballard/github/reorderable_tree_list_view/test/golden/visual_regression_test.dart: Visual Regression Tests basic tree structure
00:01 +60 -4: /Users/wballard/github/reorderable_tree_list_view/test/golden/visual_regression_test.dart: Visual Regression Tests basic tree structure
00:01 +61 -4: /Users/wballard/github/reorderable_tree_list_view/test/golden/visual_regression_test.dart: Visual Regression Tests basic tree structure
00:01 +62 -4: /Users/wballard/github/reorderable_tree_list_view/test/golden/visual_regression_test.dart: Visual Regression Tests basic tree structure
00:01 +63 -4: /Users/wballard/github/reorderable_tree_list_view/test/golden/visual_regression_test.dart: Visual Regression Tests basic tree structure
00:01 +64 -4: /Users/wballard/github/reorderable_tree_list_view/test/golden/visual_regression_test.dart: Visual Regression Tests basic tree structure
00:01 +65 -4: /Users/wballard/github/reorderable_tree_list_view/test/golden/visual_regression_test.dart: Visual Regression Tests basic tree structure
00:01 +66 -4: /Users/wballard/github/reorderable_tree_list_view/test/golden/visual_regression_test.dart: Visual Regression Tests basic tree structure
00:01 +66 -4: /Users/wballard/github/reorderable_tree_list_view/test/integration/drag_drop_integration_test.dart: Drag and Drop Integration drop validation
══╡ EXCEPTION CAUGHT BY FLUTTER TEST FRAMEWORK ╞════════════════════════════════════════════════════
The following TestFailure was thrown running a test:
Expected: a value greater than <0>
  Actual: <0>
   Which: is not a value greater than <0>

When the exception was thrown, this was the stack:
#4      main.<anonymous closure>.<anonymous closure> (file:///Users/wballard/github/reorderable_tree_list_view/test/integration/drag_drop_integration_test.dart:128:7)
<asynchronous suspension>
#5      testWidgets.<anonymous closure>.<anonymous closure> (package:flutter_test/src/widget_tester.dart:193:15)
<asynchronous suspension>
#6      TestWidgetsFlutterBinding._runTestBody (package:flutter_test/src/binding.dart:1064:5)
<asynchronous suspension>
<asynchronous suspension>
(elided one frame from package:stack_trace)

This was caught by the test expectation on the following line:
  file:///Users/wballard/github/reorderable_tree_list_view/test/integration/drag_drop_integration_test.dart line 128
The test description was:
  drop validation
════════════════════════════════════════════════════════════════════════════════════════════════════
00:01 +66 -5: /Users/wballard/github/reorderable_tree_list_view/test/golden/visual_regression_test.dart: Visual Regression Tests basic tree structure
00:01 +66 -5: /Users/wballard/github/reorderable_tree_list_view/test/integration/drag_drop_integration_test.dart: Drag and Drop Integration drop validation [E]
  Test failed. See exception logs above.
  The test description was: drop validation
  
00:01 +66 -5: /Users/wballard/github/reorderable_tree_list_view/test/integration/keyboard_navigation_integration_test.dart: Keyboard Navigation Integration keyboard shortcuts with modifiers
══╡ EXCEPTION CAUGHT BY FLUTTER TEST FRAMEWORK ╞════════════════════════════════════════════════════
The following TestFailure was thrown running a test:
Expected: a value greater than <2>
  Actual: <2>
   Which: is not a value greater than <2>

When the exception was thrown, this was the stack:
#4      main.<anonymous closure>.<anonymous closure> (file:///Users/wballard/github/reorderable_tree_list_view/test/integration/keyboard_navigation_integration_test.dart:102:7)
<asynchronous suspension>
#5      testWidgets.<anonymous closure>.<anonymous closure> (package:flutter_test/src/widget_tester.dart:193:15)
<asynchronous suspension>
#6      TestWidgetsFlutterBinding._runTestBody (package:flutter_test/src/binding.dart:1064:5)
<asynchronous suspension>
<asynchronous suspension>
(elided one frame from package:stack_trace)

This was caught by the test expectation on the following line:
  file:///Users/wballard/github/reorderable_tree_list_view/test/integration/keyboard_navigation_integration_test.dart line 102
The test description was:
  keyboard shortcuts with modifiers
════════════════════════════════════════════════════════════════════════════════════════════════════
00:01 +66 -6: /Users/wballard/github/reorderable_tree_list_view/test/golden/visual_regression_test.dart: Visual Regression Tests basic tree structure
00:01 +66 -6: /Users/wballard/github/reorderable_tree_list_view/test/integration/keyboard_navigation_integration_test.dart: Keyboard Navigation Integration keyboard shortcuts with modifiers [E]
  Test failed. See exception logs above.
  The test description was: keyboard shortcuts with modifiers
  
00:01 +66 -6: /Users/wballard/github/reorderable_tree_list_view/test/integration/actions_intents_integration_test.dart: Actions and Intents Integration action override behavior
══╡ EXCEPTION CAUGHT BY FLUTTER TEST FRAMEWORK ╞════════════════════════════════════════════════════
The following assertion was thrown running a test:
The finder "Found 0 widgets with text "folder1" descending from widgets with type
"ReorderableTreeListViewItem": []" (used in a call to "tap()") could not find any matching widgets.

When the exception was thrown, this was the stack:
#0      WidgetController._getElementPoint (package:flutter_test/src/controller.dart:2009:7)
#1      WidgetController.getCenter (package:flutter_test/src/controller.dart:1861:12)
#2      WidgetController.tap (package:flutter_test/src/controller.dart:1041:7)
#3      main.<anonymous closure>.<anonymous closure> (file:///Users/wballard/github/reorderable_tree_list_view/test/integration/actions_intents_integration_test.dart:99:20)
<asynchronous suspension>
#4      testWidgets.<anonymous closure>.<anonymous closure> (package:flutter_test/src/widget_tester.dart:193:15)
<asynchronous suspension>
#5      TestWidgetsFlutterBinding._runTestBody (package:flutter_test/src/binding.dart:1064:5)
<asynchronous suspension>
<asynchronous suspension>
(elided one frame from package:stack_trace)

The test description was:
  action override behavior
════════════════════════════════════════════════════════════════════════════════════════════════════
00:01 +66 -7: /Users/wballard/github/reorderable_tree_list_view/test/golden/visual_regression_test.dart: Visual Regression Tests basic tree structure
00:01 +66 -7: /Users/wballard/github/reorderable_tree_list_view/test/integration/actions_intents_integration_test.dart: Actions and Intents Integration action override behavior [E]
  Test failed. See exception logs above.
  The test description was: action override behavior
  
00:01 +66 -7: /Users/wballard/github/reorderable_tree_list_view/test/integration/keyboard_navigation_integration_test.dart: Keyboard Navigation Integration focus management
══╡ EXCEPTION CAUGHT BY WIDGETS LIBRARY ╞═══════════════════════════════════════════════════════════
The following assertion was thrown building _InkResponseStateWidget(gestures: [tap], mouseCursor:
ButtonStyleButton_MouseCursor, clipped to BoxShape.rectangle, dirty, state:
_InkResponseState#75ebe):
No Directionality widget found.
_InkResponseStateWidget widgets require a Directionality widget ancestor.
The specific widget that could not find a Directionality ancestor was:
  _InkResponseStateWidget
The ownership chain for the affected widget is: "_InkResponseStateWidget ← InkWell ←
  DefaultTextStyle ← AnimatedDefaultTextStyle ← _InkFeatures-[GlobalKey#0481a ink renderer] ←
  NotificationListener<LayoutChangedNotification> ← CustomPaint ← _ShapeBorderPaint ← PhysicalShape
  ← _MaterialInterior ← ⋯"
Typically, the Directionality widget is introduced by the MaterialApp or WidgetsApp widget at the
top of your application widget tree. It determines the ambient reading direction and is used, for
example, to determine how to lay out text, how to interpret "start" and "end" values, and to resolve
EdgeInsetsDirectional, AlignmentDirectional, and other *Directional objects.

The relevant error-causing widget was:
  ElevatedButton
  ElevatedButton:file:///Users/wballard/github/reorderable_tree_list_view/test/integration/keyboard_navigation_integration_test.dart:108:11

When the exception was thrown, this was the stack:
#0      debugCheckHasDirectionality.<anonymous closure> (package:flutter/src/widgets/debug.dart:370:7)
#1      debugCheckHasDirectionality (package:flutter/src/widgets/debug.dart:392:4)
#2      InkResponse.debugCheckContext (package:flutter/src/material/ink_well.dart:705:12)
#3      _InkResponseState.build (package:flutter/src/material/ink_well.dart:1312:36)
#4      StatefulElement.build (package:flutter/src/widgets/framework.dart:5823:27)
#5      ComponentElement.performRebuild (package:flutter/src/widgets/framework.dart:5715:15)
#6      StatefulElement.performRebuild (package:flutter/src/widgets/framework.dart:5874:11)
#7      Element.rebuild (package:flutter/src/widgets/framework.dart:5427:7)
#8      ComponentElement._firstBuild (package:flutter/src/widgets/framework.dart:5697:5)
#9      StatefulElement._firstBuild (package:flutter/src/widgets/framework.dart:5865:11)
#10     ComponentElement.mount (package:flutter/src/widgets/framework.dart:5691:5)
...     Normal element mounting (75 frames)
#85     Element.inflateWidget (package:flutter/src/widgets/framework.dart:4539:16)
#86     MultiChildRenderObjectElement.inflateWidget (package:flutter/src/widgets/framework.dart:7159:36)
#87     MultiChildRenderObjectElement.mount (package:flutter/src/widgets/framework.dart:7175:32)
#88     Element.inflateWidget (package:flutter/src/widgets/framework.dart:4539:16)
#89     Element.updateChild (package:flutter/src/widgets/framework.dart:3998:20)
#90     ComponentElement.performRebuild (package:flutter/src/widgets/framework.dart:5738:16)
#91     Element.rebuild (package:flutter/src/widgets/framework.dart:5427:7)
#92     ProxyElement.update (package:flutter/src/widgets/framework.dart:6041:5)
#93     _InheritedNotifierElement.update (package:flutter/src/widgets/inherited_notifier.dart:108:11)
#94     Element.updateChild (package:flutter/src/widgets/framework.dart:3982:15)
#95     ComponentElement.performRebuild (package:flutter/src/widgets/framework.dart:5738:16)
#96     StatefulElement.performRebuild (package:flutter/src/widgets/framework.dart:5874:11)
#97     Element.rebuild (package:flutter/src/widgets/framework.dart:5427:7)
#98     StatefulElement.update (package:flutter/src/widgets/framework.dart:5899:5)
#99     Element.updateChild (package:flutter/src/widgets/framework.dart:3982:15)
#100    ComponentElement.performRebuild (package:flutter/src/widgets/framework.dart:5738:16)
#101    Element.rebuild (package:flutter/src/widgets/framework.dart:5427:7)
#102    ProxyElement.update (package:flutter/src/widgets/framework.dart:6041:5)
#103    _InheritedNotifierElement.update (package:flutter/src/widgets/inherited_notifier.dart:108:11)
#104    Element.updateChild (package:flutter/src/widgets/framework.dart:3982:15)
#105    ComponentElement.performRebuild (package:flutter/src/widgets/framework.dart:5738:16)
#106    StatefulElement.performRebuild (package:flutter/src/widgets/framework.dart:5874:11)
#107    Element.rebuild (package:flutter/src/widgets/framework.dart:5427:7)
#108    StatefulElement.update (package:flutter/src/widgets/framework.dart:5899:5)
#109    Element.updateChild (package:flutter/src/widgets/framework.dart:3982:15)
#110    ComponentElement.performRebuild (package:flutter/src/widgets/framework.dart:5738:16)
#111    StatefulElement.performRebuild (package:flutter/src/widgets/framework.dart:5874:11)
#112    Element.rebuild (package:flutter/src/widgets/framework.dart:5427:7)
#113    StatefulElement.update (package:flutter/src/widgets/framework.dart:5899:5)
#114    Element.updateChild (package:flutter/src/widgets/framework.dart:3982:15)
#115    ComponentElement.performRebuild (package:flutter/src/widgets/framework.dart:5738:16)
#116    Element.rebuild (package:flutter/src/widgets/framework.dart:5427:7)
#117    ProxyElement.update (package:flutter/src/widgets/framework.dart:6041:5)
#118    Element.updateChild (package:flutter/src/widgets/framework.dart:3982:15)
#119    ComponentElement.performRebuild (package:flutter/src/widgets/framework.dart:5738:16)
#120    StatefulElement.performRebuild (package:flutter/src/widgets/framework.dart:5874:11)
#121    Element.rebuild (package:flutter/src/widgets/framework.dart:5427:7)
#122    StatefulElement.update (package:flutter/src/widgets/framework.dart:5899:5)
#123    Element.updateChild (package:flutter/src/widgets/framework.dart:3982:15)
#124    ComponentElement.performRebuild (package:flutter/src/widgets/framework.dart:5738:16)
#125    Element.rebuild (package:flutter/src/widgets/framework.dart:5427:7)
#126    ProxyElement.update (package:flutter/src/widgets/framework.dart:6041:5)
#127    Element.updateChild (package:flutter/src/widgets/framework.dart:3982:15)
#128    ComponentElement.performRebuild (package:flutter/src/widgets/framework.dart:5738:16)
#129    Element.rebuild (package:flutter/src/widgets/framework.dart:5427:7)
#130    ProxyElement.update (package:flutter/src/widgets/framework.dart:6041:5)
#131    Element.updateChild (package:flutter/src/widgets/framework.dart:3982:15)
#132    _RawViewElement._updateChild (package:flutter/src/widgets/view.dart:481:16)
#133    _RawViewElement.update (package:flutter/src/widgets/view.dart:569:5)
#134    Element.updateChild (package:flutter/src/widgets/framework.dart:3982:15)
#135    ComponentElement.performRebuild (package:flutter/src/widgets/framework.dart:5738:16)
#136    Element.rebuild (package:flutter/src/widgets/framework.dart:5427:7)
#137    StatelessElement.update (package:flutter/src/widgets/framework.dart:5787:5)
#138    Element.updateChild (package:flutter/src/widgets/framework.dart:3982:15)
#139    ComponentElement.performRebuild (package:flutter/src/widgets/framework.dart:5738:16)
#140    StatefulElement.performRebuild (package:flutter/src/widgets/framework.dart:5874:11)
#141    Element.rebuild (package:flutter/src/widgets/framework.dart:5427:7)
#142    StatefulElement.update (package:flutter/src/widgets/framework.dart:5899:5)
#143    Element.updateChild (package:flutter/src/widgets/framework.dart:3982:15)
#144    RootElement._rebuild (package:flutter/src/widgets/binding.dart:1698:16)
#145    RootElement.update (package:flutter/src/widgets/binding.dart:1676:5)
#146    RootElement.performRebuild (package:flutter/src/widgets/binding.dart:1690:7)
#147    Element.rebuild (package:flutter/src/widgets/framework.dart:5427:7)
#148    BuildScope._tryRebuild (package:flutter/src/widgets/framework.dart:2694:15)
#149    BuildScope._flushDirtyElements (package:flutter/src/widgets/framework.dart:2752:11)
#150    BuildOwner.buildScope (package:flutter/src/widgets/framework.dart:3056:18)
#151    AutomatedTestWidgetsFlutterBinding.drawFrame (package:flutter_test/src/binding.dart:1515:19)
#152    RendererBinding._handlePersistentFrameCallback (package:flutter/src/rendering/binding.dart:495:5)
#153    SchedulerBinding._invokeFrameCallback (package:flutter/src/scheduler/binding.dart:1438:15)
#154    SchedulerBinding.handleDrawFrame (package:flutter/src/scheduler/binding.dart:1351:9)
#155    AutomatedTestWidgetsFlutterBinding.pump.<anonymous closure> (package:flutter_test/src/binding.dart:1340:9)
#158    TestAsyncUtils.guard (package:flutter_test/src/test_async_utils.dart:74:41)
#159    AutomatedTestWidgetsFlutterBinding.pump (package:flutter_test/src/binding.dart:1329:27)
#160    WidgetTester.pumpWidget.<anonymous closure> (package:flutter_test/src/widget_tester.dart:599:22)
#163    TestAsyncUtils.guard (package:flutter_test/src/test_async_utils.dart:74:41)
#164    WidgetTester.pumpWidget (package:flutter_test/src/widget_tester.dart:596:27)
#165    main.<anonymous closure>.<anonymous closure> (file:///Users/wballard/github/reorderable_tree_list_view/test/integration/keyboard_navigation_integration_test.dart:106:20)
#166    testWidgets.<anonymous closure>.<anonymous closure> (package:flutter_test/src/widget_tester.dart:193:29)
<asynchronous suspension>
#167    TestWidgetsFlutterBinding._runTestBody (package:flutter_test/src/binding.dart:1064:5)
<asynchronous suspension>
<asynchronous suspension>
(elided 5 frames from dart:async and package:stack_trace)

════════════════════════════════════════════════════════════════════════════════════════════════════
══╡ EXCEPTION CAUGHT BY WIDGETS LIBRARY ╞═══════════════════════════════════════════════════════════
The following assertion was thrown building _InkResponseStateWidget(gestures: [tap], mouseCursor:
ButtonStyleButton_MouseCursor, clipped to BoxShape.rectangle, dirty, state:
_InkResponseState#ae21a):
No Directionality widget found.
_InkResponseStateWidget widgets require a Directionality widget ancestor.
The specific widget that could not find a Directionality ancestor was:
  _InkResponseStateWidget
The ownership chain for the affected widget is: "_InkResponseStateWidget ← InkWell ←
  DefaultTextStyle ← AnimatedDefaultTextStyle ← _InkFeatures-[GlobalKey#64d89 ink renderer] ←
  NotificationListener<LayoutChangedNotification> ← CustomPaint ← _ShapeBorderPaint ← PhysicalShape
  ← _MaterialInterior ← ⋯"
Typically, the Directionality widget is introduced by the MaterialApp or WidgetsApp widget at the
top of your application widget tree. It determines the ambient reading direction and is used, for
example, to determine how to lay out text, how to interpret "start" and "end" values, and to resolve
EdgeInsetsDirectional, AlignmentDirectional, and other *Directional objects.

The relevant error-causing widget was:
  ElevatedButton
  ElevatedButton:file:///Users/wballard/github/reorderable_tree_list_view/test/integration/keyboard_navigation_integration_test.dart:118:11

When the exception was thrown, this was the stack:
#0      debugCheckHasDirectionality.<anonymous closure> (package:flutter/src/widgets/debug.dart:370:7)
#1      debugCheckHasDirectionality (package:flutter/src/widgets/debug.dart:392:4)
#2      InkResponse.debugCheckContext (package:flutter/src/material/ink_well.dart:705:12)
#3      _InkResponseState.build (package:flutter/src/material/ink_well.dart:1312:36)
#4      StatefulElement.build (package:flutter/src/widgets/framework.dart:5823:27)
#5      ComponentElement.performRebuild (package:flutter/src/widgets/framework.dart:5715:15)
#6      StatefulElement.performRebuild (package:flutter/src/widgets/framework.dart:5874:11)
#7      Element.rebuild (package:flutter/src/widgets/framework.dart:5427:7)
#8      ComponentElement._firstBuild (package:flutter/src/widgets/framework.dart:5697:5)
#9      StatefulElement._firstBuild (package:flutter/src/widgets/framework.dart:5865:11)
#10     ComponentElement.mount (package:flutter/src/widgets/framework.dart:5691:5)
...     Normal element mounting (75 frames)
#85     Element.inflateWidget (package:flutter/src/widgets/framework.dart:4539:16)
#86     MultiChildRenderObjectElement.inflateWidget (package:flutter/src/widgets/framework.dart:7159:36)
#87     MultiChildRenderObjectElement.mount (package:flutter/src/widgets/framework.dart:7175:32)
#88     Element.inflateWidget (package:flutter/src/widgets/framework.dart:4539:16)
#89     Element.updateChild (package:flutter/src/widgets/framework.dart:3998:20)
#90     ComponentElement.performRebuild (package:flutter/src/widgets/framework.dart:5738:16)
#91     Element.rebuild (package:flutter/src/widgets/framework.dart:5427:7)
#92     ProxyElement.update (package:flutter/src/widgets/framework.dart:6041:5)
#93     _InheritedNotifierElement.update (package:flutter/src/widgets/inherited_notifier.dart:108:11)
#94     Element.updateChild (package:flutter/src/widgets/framework.dart:3982:15)
#95     ComponentElement.performRebuild (package:flutter/src/widgets/framework.dart:5738:16)
#96     StatefulElement.performRebuild (package:flutter/src/widgets/framework.dart:5874:11)
#97     Element.rebuild (package:flutter/src/widgets/framework.dart:5427:7)
#98     StatefulElement.update (package:flutter/src/widgets/framework.dart:5899:5)
#99     Element.updateChild (package:flutter/src/widgets/framework.dart:3982:15)
#100    ComponentElement.performRebuild (package:flutter/src/widgets/framework.dart:5738:16)
#101    Element.rebuild (package:flutter/src/widgets/framework.dart:5427:7)
#102    ProxyElement.update (package:flutter/src/widgets/framework.dart:6041:5)
#103    _InheritedNotifierElement.update (package:flutter/src/widgets/inherited_notifier.dart:108:11)
#104    Element.updateChild (package:flutter/src/widgets/framework.dart:3982:15)
#105    ComponentElement.performRebuild (package:flutter/src/widgets/framework.dart:5738:16)
#106    StatefulElement.performRebuild (package:flutter/src/widgets/framework.dart:5874:11)
#107    Element.rebuild (package:flutter/src/widgets/framework.dart:5427:7)
#108    StatefulElement.update (package:flutter/src/widgets/framework.dart:5899:5)
#109    Element.updateChild (package:flutter/src/widgets/framework.dart:3982:15)
#110    ComponentElement.performRebuild (package:flutter/src/widgets/framework.dart:5738:16)
#111    StatefulElement.performRebuild (package:flutter/src/widgets/framework.dart:5874:11)
#112    Element.rebuild (package:flutter/src/widgets/framework.dart:5427:7)
#113    StatefulElement.update (package:flutter/src/widgets/framework.dart:5899:5)
#114    Element.updateChild (package:flutter/src/widgets/framework.dart:3982:15)
#115    ComponentElement.performRebuild (package:flutter/src/widgets/framework.dart:5738:16)
#116    Element.rebuild (package:flutter/src/widgets/framework.dart:5427:7)
#117    ProxyElement.update (package:flutter/src/widgets/framework.dart:6041:5)
#118    Element.updateChild (package:flutter/src/widgets/framework.dart:3982:15)
#119    ComponentElement.performRebuild (package:flutter/src/widgets/framework.dart:5738:16)
#120    StatefulElement.performRebuild (package:flutter/src/widgets/framework.dart:5874:11)
#121    Element.rebuild (package:flutter/src/widgets/framework.dart:5427:7)
#122    StatefulElement.update (package:flutter/src/widgets/framework.dart:5899:5)
#123    Element.updateChild (package:flutter/src/widgets/framework.dart:3982:15)
#124    ComponentElement.performRebuild (package:flutter/src/widgets/framework.dart:5738:16)
#125    Element.rebuild (package:flutter/src/widgets/framework.dart:5427:7)
#126    ProxyElement.update (package:flutter/src/widgets/framework.dart:6041:5)
#127    Element.updateChild (package:flutter/src/widgets/framework.dart:3982:15)
#128    ComponentElement.performRebuild (package:flutter/src/widgets/framework.dart:5738:16)
#129    Element.rebuild (package:flutter/src/widgets/framework.dart:5427:7)
#130    ProxyElement.update (package:flutter/src/widgets/framework.dart:6041:5)
#131    Element.updateChild (package:flutter/src/widgets/framework.dart:3982:15)
#132    _RawViewElement._updateChild (package:flutter/src/widgets/view.dart:481:16)
#133    _RawViewElement.update (package:flutter/src/widgets/view.dart:569:5)
#134    Element.updateChild (package:flutter/src/widgets/framework.dart:3982:15)
#135    ComponentElement.performRebuild (package:flutter/src/widgets/framework.dart:5738:16)
#136    Element.rebuild (package:flutter/src/widgets/framework.dart:5427:7)
#137    StatelessElement.update (package:flutter/src/widgets/framework.dart:5787:5)
#138    Element.updateChild (package:flutter/src/widgets/framework.dart:3982:15)
#139    ComponentElement.performRebuild (package:flutter/src/widgets/framework.dart:5738:16)
#140    StatefulElement.performRebuild (package:flutter/src/widgets/framework.dart:5874:11)
#141    Element.rebuild (package:flutter/src/widgets/framework.dart:5427:7)
#142    StatefulElement.update (package:flutter/src/widgets/framework.dart:5899:5)
#143    Element.updateChild (package:flutter/src/widgets/framework.dart:3982:15)
#144    RootElement._rebuild (package:flutter/src/widgets/binding.dart:1698:16)
#145    RootElement.update (package:flutter/src/widgets/binding.dart:1676:5)
#146    RootElement.performRebuild (package:flutter/src/widgets/binding.dart:1690:7)
#147    Element.rebuild (package:flutter/src/widgets/framework.dart:5427:7)
#148    BuildScope._tryRebuild (package:flutter/src/widgets/framework.dart:2694:15)
#149    BuildScope._flushDirtyElements (package:flutter/src/widgets/framework.dart:2752:11)
#150    BuildOwner.buildScope (package:flutter/src/widgets/framework.dart:3056:18)
#151    AutomatedTestWidgetsFlutterBinding.drawFrame (package:flutter_test/src/binding.dart:1515:19)
#152    RendererBinding._handlePersistentFrameCallback (package:flutter/src/rendering/binding.dart:495:5)
#153    SchedulerBinding._invokeFrameCallback (package:flutter/src/scheduler/binding.dart:1438:15)
#154    SchedulerBinding.handleDrawFrame (package:flutter/src/scheduler/binding.dart:1351:9)
#155    AutomatedTestWidgetsFlutterBinding.pump.<anonymous closure> (package:flutter_test/src/binding.dart:1340:9)
#158    TestAsyncUtils.guard (package:flutter_test/src/test_async_utils.dart:74:41)
#159    AutomatedTestWidgetsFlutterBinding.pump (package:flutter_test/src/binding.dart:1329:27)
#160    WidgetTester.pumpWidget.<anonymous closure> (package:flutter_test/src/widget_tester.dart:599:22)
#163    TestAsyncUtils.guard (package:flutter_test/src/test_async_utils.dart:74:41)
#164    WidgetTester.pumpWidget (package:flutter_test/src/widget_tester.dart:596:27)
#165    main.<anonymous closure>.<anonymous closure> (file:///Users/wballard/github/reorderable_tree_list_view/test/integration/keyboard_navigation_integration_test.dart:106:20)
#166    testWidgets.<anonymous closure>.<anonymous closure> (package:flutter_test/src/widget_tester.dart:193:29)
<asynchronous suspension>
#167    TestWidgetsFlutterBinding._runTestBody (package:flutter_test/src/binding.dart:1064:5)
<asynchronous suspension>
<asynchronous suspension>
(elided 5 frames from dart:async and package:stack_trace)

════════════════════════════════════════════════════════════════════════════════════════════════════
00:01 +66 -7: /Users/wballard/github/reorderable_tree_list_view/test/integration/drag_drop_integration_test.dart: Drag and Drop Integration reordering within same level
══╡ EXCEPTION CAUGHT BY FLUTTER TEST FRAMEWORK ╞════════════════════════════════════════════════════
The following TestFailure was thrown running a test:
Expected: <4>
  Actual: <5>

When the exception was thrown, this was the stack:
#4      main.<anonymous closure>.<anonymous closure> (file:///Users/wballard/github/reorderable_tree_list_view/test/integration/drag_drop_integration_test.dart:174:7)
<asynchronous suspension>
#5      testWidgets.<anonymous closure>.<anonymous closure> (package:flutter_test/src/widget_tester.dart:193:15)
<asynchronous suspension>
#6      TestWidgetsFlutterBinding._runTestBody (package:flutter_test/src/binding.dart:1064:5)
<asynchronous suspension>
<asynchronous suspension>
(elided one frame from package:stack_trace)

This was caught by the test expectation on the following line:
  file:///Users/wballard/github/reorderable_tree_list_view/test/integration/drag_drop_integration_test.dart line 174
The test description was:
  reordering within same level
════════════════════════════════════════════════════════════════════════════════════════════════════
00:01 +66 -8: /Users/wballard/github/reorderable_tree_list_view/test/golden/visual_regression_test.dart: Visual Regression Tests basic tree structure
00:01 +66 -8: /Users/wballard/github/reorderable_tree_list_view/test/integration/drag_drop_integration_test.dart: Drag and Drop Integration reordering within same level [E]
  Test failed. See exception logs above.
  The test description was: reordering within same level
  
00:01 +66 -8: /Users/wballard/github/reorderable_tree_list_view/test/integration/actions_intents_integration_test.dart: Actions and Intents Integration intent propagation through widget tree
══╡ EXCEPTION CAUGHT BY FLUTTER TEST FRAMEWORK ╞════════════════════════════════════════════════════
The following assertion was thrown running a test:
The finder "Found 0 widgets with text "folder1" descending from widgets with type
"ReorderableTreeListViewItem": []" (used in a call to "tap()") could not find any matching widgets.

When the exception was thrown, this was the stack:
#0      WidgetController._getElementPoint (package:flutter_test/src/controller.dart:2009:7)
#1      WidgetController.getCenter (package:flutter_test/src/controller.dart:1861:12)
#2      WidgetController.tap (package:flutter_test/src/controller.dart:1041:7)
#3      main.<anonymous closure>.<anonymous closure> (file:///Users/wballard/github/reorderable_tree_list_view/test/integration/actions_intents_integration_test.dart:144:20)
<asynchronous suspension>
#4      testWidgets.<anonymous closure>.<anonymous closure> (package:flutter_test/src/widget_tester.dart:193:15)
<asynchronous suspension>
#5      TestWidgetsFlutterBinding._runTestBody (package:flutter_test/src/binding.dart:1064:5)
<asynchronous suspension>
<asynchronous suspension>
(elided one frame from package:stack_trace)

The test description was:
  intent propagation through widget tree
════════════════════════════════════════════════════════════════════════════════════════════════════
00:01 +66 -9: /Users/wballard/github/reorderable_tree_list_view/test/golden/visual_regression_test.dart: Visual Regression Tests basic tree structure
00:01 +66 -9: /Users/wballard/github/reorderable_tree_list_view/test/integration/actions_intents_integration_test.dart: Actions and Intents Integration intent propagation through widget tree [E]
  Test failed. See exception logs above.
  The test description was: intent propagation through widget tree
  
00:01 +66 -9: /Users/wballard/github/reorderable_tree_list_view/test/integration/keyboard_navigation_integration_test.dart: Keyboard Navigation Integration focus management
══╡ EXCEPTION CAUGHT BY RENDERING LIBRARY ╞═════════════════════════════════════════════════════════
The following assertion was thrown during layout:
A RenderFlex overflowed by 199400 pixels on the bottom.

The relevant error-causing widget was:
  Column
  Column:file:///Users/wballard/github/reorderable_tree_list_view/test/integration/keyboard_navigation_integration_test.dart:106:31

The overflowing RenderFlex has an orientation of Axis.vertical.
The edge of the RenderFlex that is overflowing has been marked in the rendering with a yellow and
black striped pattern. This is usually caused by the contents being too big for the RenderFlex.
Consider applying a flex factor (e.g. using an Expanded widget) to force the children of the
RenderFlex to fit within the available space instead of being sized to their natural size.
This is considered an error condition because it indicates that there is content that cannot be
seen. If the content is legitimately bigger than the available space, consider clipping it with a
ClipRect widget before putting it in the flex, or using a scrollable container rather than a Flex,
like a ListView.
The specific RenderFlex in question is: RenderFlex#d1bb3 OVERFLOWING:
  needs compositing
  creator: Column ← _FocusInheritedScope ← _FocusScopeWithExternalFocusNode ← _FocusInheritedScope ←
    Focus ← FocusTraversalGroup ← MediaQuery ← _MediaQueryFromView ← _PipelineOwnerScope ← _ViewScope
    ← _RawViewInternal-[_DeprecatedRawViewKey TestFlutterView#b69b6] ← RawView ← ⋯
  parentData: <none>
  constraints: BoxConstraints(w=800.0, h=600.0)
  size: Size(800.0, 600.0)
  direction: vertical
  mainAxisAlignment: start
  mainAxisSize: max
  crossAxisAlignment: center
  verticalDirection: down
  spacing: 0.0
◢◤◢◤◢◤◢◤◢◤◢◤◢◤◢◤◢◤◢◤◢◤◢◤◢◤◢◤◢◤◢◤◢◤◢◤◢◤◢◤◢◤◢◤◢◤◢◤◢◤◢◤◢◤◢◤◢◤◢◤◢◤◢◤◢◤◢◤◢◤◢◤◢◤◢◤◢◤◢◤◢◤◢◤◢◤◢◤◢◤◢◤◢◤◢◤◢◤◢◤
════════════════════════════════════════════════════════════════════════════════════════════════════
══╡ EXCEPTION CAUGHT BY WIDGETS LIBRARY ╞═══════════════════════════════════════════════════════════
The following assertion was thrown building _InkResponseStateWidget(gestures: [tap], mouseCursor:
ButtonStyleButton_MouseCursor, clipped to BoxShape.rectangle, dirty, dependencies: [MediaQuery],
state: _InkResponseState#75ebe):
No Directionality widget found.
_InkResponseStateWidget widgets require a Directionality widget ancestor.
The specific widget that could not find a Directionality ancestor was:
  _InkResponseStateWidget
The ownership chain for the affected widget is: "_InkResponseStateWidget ← InkWell ←
  DefaultTextStyle ← AnimatedDefaultTextStyle ← _InkFeatures-[GlobalKey#0481a ink renderer] ←
  NotificationListener<LayoutChangedNotification> ← CustomPaint ← _ShapeBorderPaint ← PhysicalShape
  ← _MaterialInterior ← ⋯"
Typically, the Directionality widget is introduced by the MaterialApp or WidgetsApp widget at the
top of your application widget tree. It determines the ambient reading direction and is used, for
example, to determine how to lay out text, how to interpret "start" and "end" values, and to resolve
EdgeInsetsDirectional, AlignmentDirectional, and other *Directional objects.

The relevant error-causing widget was:
  ElevatedButton
  ElevatedButton:file:///Users/wballard/github/reorderable_tree_list_view/test/integration/keyboard_navigation_integration_test.dart:108:11

When the exception was thrown, this was the stack:
#0      debugCheckHasDirectionality.<anonymous closure> (package:flutter/src/widgets/debug.dart:370:7)
#1      debugCheckHasDirectionality (package:flutter/src/widgets/debug.dart:392:4)
#2      InkResponse.debugCheckContext (package:flutter/src/material/ink_well.dart:705:12)
#3      _InkResponseState.build (package:flutter/src/material/ink_well.dart:1312:36)
#4      StatefulElement.build (package:flutter/src/widgets/framework.dart:5823:27)
#5      ComponentElement.performRebuild (package:flutter/src/widgets/framework.dart:5715:15)
#6      StatefulElement.performRebuild (package:flutter/src/widgets/framework.dart:5874:11)
#7      Element.rebuild (package:flutter/src/widgets/framework.dart:5427:7)
#8      BuildScope._tryRebuild (package:flutter/src/widgets/framework.dart:2694:15)
#9      BuildScope._flushDirtyElements (package:flutter/src/widgets/framework.dart:2752:11)
#10     BuildOwner.buildScope (package:flutter/src/widgets/framework.dart:3056:18)
#11     AutomatedTestWidgetsFlutterBinding.drawFrame (package:flutter_test/src/binding.dart:1515:19)
#12     RendererBinding._handlePersistentFrameCallback (package:flutter/src/rendering/binding.dart:495:5)
#13     SchedulerBinding._invokeFrameCallback (package:flutter/src/scheduler/binding.dart:1438:15)
#14     SchedulerBinding.handleDrawFrame (package:flutter/src/scheduler/binding.dart:1351:9)
#15     AutomatedTestWidgetsFlutterBinding.pump.<anonymous closure> (package:flutter_test/src/binding.dart:1340:9)
#18     TestAsyncUtils.guard (package:flutter_test/src/test_async_utils.dart:74:41)
#19     AutomatedTestWidgetsFlutterBinding.pump (package:flutter_test/src/binding.dart:1329:27)
#20     WidgetTester.pump.<anonymous closure> (package:flutter_test/src/widget_tester.dart:653:53)
#23     TestAsyncUtils.guard (package:flutter_test/src/test_async_utils.dart:74:41)
#24     WidgetTester.pump (package:flutter_test/src/widget_tester.dart:653:27)
#25     main.<anonymous closure>.<anonymous closure> (file:///Users/wballard/github/reorderable_tree_list_view/test/integration/keyboard_navigation_integration_test.dart:127:20)
<asynchronous suspension>
#26     testWidgets.<anonymous closure>.<anonymous closure> (package:flutter_test/src/widget_tester.dart:193:15)
<asynchronous suspension>
#27     TestWidgetsFlutterBinding._runTestBody (package:flutter_test/src/binding.dart:1064:5)
<asynchronous suspension>
<asynchronous suspension>
(elided 5 frames from dart:async and package:stack_trace)

════════════════════════════════════════════════════════════════════════════════════════════════════
══╡ EXCEPTION CAUGHT BY WIDGETS LIBRARY ╞═══════════════════════════════════════════════════════════
The following assertion was thrown building _InkResponseStateWidget(gestures: [tap], mouseCursor:
ButtonStyleButton_MouseCursor, clipped to BoxShape.rectangle, dirty, dependencies: [MediaQuery],
state: _InkResponseState#ae21a):
No Directionality widget found.
_InkResponseStateWidget widgets require a Directionality widget ancestor.
The specific widget that could not find a Directionality ancestor was:
  _InkResponseStateWidget
The ownership chain for the affected widget is: "_InkResponseStateWidget ← InkWell ←
  DefaultTextStyle ← AnimatedDefaultTextStyle ← _InkFeatures-[GlobalKey#64d89 ink renderer] ←
  NotificationListener<LayoutChangedNotification> ← CustomPaint ← _ShapeBorderPaint ← PhysicalShape
  ← _MaterialInterior ← ⋯"
Typically, the Directionality widget is introduced by the MaterialApp or WidgetsApp widget at the
top of your application widget tree. It determines the ambient reading direction and is used, for
example, to determine how to lay out text, how to interpret "start" and "end" values, and to resolve
EdgeInsetsDirectional, AlignmentDirectional, and other *Directional objects.

The relevant error-causing widget was:
  ElevatedButton
  ElevatedButton:file:///Users/wballard/github/reorderable_tree_list_view/test/integration/keyboard_navigation_integration_test.dart:118:11

When the exception was thrown, this was the stack:
#0      debugCheckHasDirectionality.<anonymous closure> (package:flutter/src/widgets/debug.dart:370:7)
#1      debugCheckHasDirectionality (package:flutter/src/widgets/debug.dart:392:4)
#2      InkResponse.debugCheckContext (package:flutter/src/material/ink_well.dart:705:12)
#3      _InkResponseState.build (package:flutter/src/material/ink_well.dart:1312:36)
#4      StatefulElement.build (package:flutter/src/widgets/framework.dart:5823:27)
#5      ComponentElement.performRebuild (package:flutter/src/widgets/framework.dart:5715:15)
#6      StatefulElement.performRebuild (package:flutter/src/widgets/framework.dart:5874:11)
#7      Element.rebuild (package:flutter/src/widgets/framework.dart:5427:7)
#8      BuildScope._tryRebuild (package:flutter/src/widgets/framework.dart:2694:15)
#9      BuildScope._flushDirtyElements (package:flutter/src/widgets/framework.dart:2752:11)
#10     BuildOwner.buildScope (package:flutter/src/widgets/framework.dart:3056:18)
#11     AutomatedTestWidgetsFlutterBinding.drawFrame (package:flutter_test/src/binding.dart:1515:19)
#12     RendererBinding._handlePersistentFrameCallback (package:flutter/src/rendering/binding.dart:495:5)
#13     SchedulerBinding._invokeFrameCallback (package:flutter/src/scheduler/binding.dart:1438:15)
#14     SchedulerBinding.handleDrawFrame (package:flutter/src/scheduler/binding.dart:1351:9)
#15     AutomatedTestWidgetsFlutterBinding.pump.<anonymous closure> (package:flutter_test/src/binding.dart:1340:9)
#18     TestAsyncUtils.guard (package:flutter_test/src/test_async_utils.dart:74:41)
#19     AutomatedTestWidgetsFlutterBinding.pump (package:flutter_test/src/binding.dart:1329:27)
#20     WidgetTester.pump.<anonymous closure> (package:flutter_test/src/widget_tester.dart:653:53)
#23     TestAsyncUtils.guard (package:flutter_test/src/test_async_utils.dart:74:41)
#24     WidgetTester.pump (package:flutter_test/src/widget_tester.dart:653:27)
#25     main.<anonymous closure>.<anonymous closure> (file:///Users/wballard/github/reorderable_tree_list_view/test/integration/keyboard_navigation_integration_test.dart:127:20)
<asynchronous suspension>
#26     testWidgets.<anonymous closure>.<anonymous closure> (package:flutter_test/src/widget_tester.dart:193:15)
<asynchronous suspension>
#27     TestWidgetsFlutterBinding._runTestBody (package:flutter_test/src/binding.dart:1064:5)
<asynchronous suspension>
<asynchronous suspension>
(elided 5 frames from dart:async and package:stack_trace)

════════════════════════════════════════════════════════════════════════════════════════════════════
00:01 +67 -9: /Users/wballard/github/reorderable_tree_list_view/test/golden/visual_regression_test.dart: Visual Regression Tests basic tree structure
00:01 +68 -9: /Users/wballard/github/reorderable_tree_list_view/test/golden/visual_regression_test.dart: Visual Regression Tests basic tree structure
00:01 +69 -9: /Users/wballard/github/reorderable_tree_list_view/test/golden/visual_regression_test.dart: Visual Regression Tests basic tree structure
00:01 +70 -9: /Users/wballard/github/reorderable_tree_list_view/test/golden/visual_regression_test.dart: Visual Regression Tests basic tree structure
00:01 +71 -9: /Users/wballard/github/reorderable_tree_list_view/test/golden/visual_regression_test.dart: Visual Regression Tests basic tree structure
00:01 +72 -9: /Users/wballard/github/reorderable_tree_list_view/test/golden/visual_regression_test.dart: Visual Regression Tests basic tree structure
00:01 +72 -9: /Users/wballard/github/reorderable_tree_list_view/test/integration/drag_drop_integration_test.dart: Drag and Drop Integration complex reordering scenarios
══╡ EXCEPTION CAUGHT BY FLUTTER TEST FRAMEWORK ╞════════════════════════════════════════════════════
The following TestFailure was thrown running a test:
Expected: true
  Actual: <false>

When the exception was thrown, this was the stack:
#4      main.<anonymous closure>.<anonymous closure> (file:///Users/wballard/github/reorderable_tree_list_view/test/integration/drag_drop_integration_test.dart:224:7)
<asynchronous suspension>
#5      testWidgets.<anonymous closure>.<anonymous closure> (package:flutter_test/src/widget_tester.dart:193:15)
<asynchronous suspension>
#6      TestWidgetsFlutterBinding._runTestBody (package:flutter_test/src/binding.dart:1064:5)
<asynchronous suspension>
<asynchronous suspension>
(elided one frame from package:stack_trace)

This was caught by the test expectation on the following line:
  file:///Users/wballard/github/reorderable_tree_list_view/test/integration/drag_drop_integration_test.dart line 224
The test description was:
  complex reordering scenarios
════════════════════════════════════════════════════════════════════════════════════════════════════
00:01 +72 -10: /Users/wballard/github/reorderable_tree_list_view/test/golden/visual_regression_test.dart: Visual Regression Tests basic tree structure
00:01 +72 -10: /Users/wballard/github/reorderable_tree_list_view/test/integration/drag_drop_integration_test.dart: Drag and Drop Integration complex reordering scenarios [E]
  Test failed. See exception logs above.
  The test description was: complex reordering scenarios
  
00:01 +72 -10: /Users/wballard/github/reorderable_tree_list_view/test/integration/keyboard_navigation_integration_test.dart: Keyboard Navigation Integration focus management
══╡ EXCEPTION CAUGHT BY FLUTTER TEST FRAMEWORK ╞════════════════════════════════════════════════════
The following StateError was thrown running a test:
Bad state: No element

When the exception was thrown, this was the stack:
#0      Iterable.single (dart:core/iterable.dart:694:25)
#1      WidgetController.element (package:flutter_test/src/controller.dart:864:30)
#2      main.<anonymous closure>.<anonymous closure> (file:///Users/wballard/github/reorderable_tree_list_view/test/integration/keyboard_navigation_integration_test.dart:143:16)
<asynchronous suspension>
#3      testWidgets.<anonymous closure>.<anonymous closure> (package:flutter_test/src/widget_tester.dart:193:15)
<asynchronous suspension>
#4      TestWidgetsFlutterBinding._runTestBody (package:flutter_test/src/binding.dart:1064:5)
<asynchronous suspension>
<asynchronous suspension>
(elided one frame from package:stack_trace)

The test description was:
  focus management
════════════════════════════════════════════════════════════════════════════════════════════════════
══╡ EXCEPTION CAUGHT BY FLUTTER TEST FRAMEWORK ╞════════════════════════════════════════════════════
The following message was thrown:
Multiple exceptions (6) were detected during the running of the current test, and at least one was
unexpected.
════════════════════════════════════════════════════════════════════════════════════════════════════
00:01 +72 -11: /Users/wballard/github/reorderable_tree_list_view/test/golden/visual_regression_test.dart: Visual Regression Tests basic tree structure
00:01 +72 -11: /Users/wballard/github/reorderable_tree_list_view/test/integration/keyboard_navigation_integration_test.dart: Keyboard Navigation Integration focus management [E]
  Test failed. See exception logs above.
  The test description was: focus management
  
00:01 +72 -11: /Users/wballard/github/reorderable_tree_list_view/test/golden/visual_regression_test.dart: Visual Regression Tests basic tree structure
══╡ EXCEPTION CAUGHT BY FLUTTER TEST FRAMEWORK ╞════════════════════════════════════════════════════
The following TestFailure was thrown running a test:
Expected: one widget whose rasterized image matches golden image "basic_tree_structure.png"
  Actual: _TypeWidgetFinder:<Found 1 widget with type "ReorderableTreeListView": [
            ReorderableTreeListView(state: _ReorderableTreeListViewState#cb3a2),
          ]>
   Which: Could not be compared against non-existent file: "basic_tree_structure.png"

When the exception was thrown, this was the stack:
#0      fail (package:matcher/src/expect/expect.dart:149:31)
#1      _expect.<anonymous closure> (package:matcher/src/expect/expect.dart:125:9)
<asynchronous suspension>
<asynchronous suspension>
#8      expectLater.<anonymous closure> (package:flutter_test/src/widget_tester.dart:509:19)
<asynchronous suspension>
#9      main.<anonymous closure>.<anonymous closure> (file:///Users/wballard/github/reorderable_tree_list_view/test/golden/visual_regression_test.dart:36:7)
<asynchronous suspension>
#10     testWidgets.<anonymous closure>.<anonymous closure> (package:flutter_test/src/widget_tester.dart:193:15)
<asynchronous suspension>
#11     TestWidgetsFlutterBinding._runTestBody (package:flutter_test/src/binding.dart:1064:5)
<asynchronous suspension>
<asynchronous suspension>
(elided 7 frames from dart:async and package:stack_trace)

The test description was:
  basic tree structure
════════════════════════════════════════════════════════════════════════════════════════════════════
00:01 +72 -12: /Users/wballard/github/reorderable_tree_list_view/test/integration/actions_intents_integration_test.dart: Actions and Intents Integration custom intents with tree view
00:01 +72 -12: /Users/wballard/github/reorderable_tree_list_view/test/golden/visual_regression_test.dart: Visual Regression Tests basic tree structure [E]
  Test failed. See exception logs above.
  The test description was: basic tree structure
  
00:01 +72 -12: /Users/wballard/github/reorderable_tree_list_view/test/integration/keyboard_navigation_integration_test.dart: Keyboard Navigation Integration keyboard navigation with filtering
══╡ EXCEPTION CAUGHT BY WIDGETS LIBRARY ╞═══════════════════════════════════════════════════════════
The following assertion was thrown building TextField(decoration: InputDecoration(hintText:
"Search...", prefixIcon: Icon(IconData(U+0E567))), dirty, dependencies: [MediaQuery], state:
_TextFieldState#e48d7):
No Material widget found.
TextField widgets require a Material widget ancestor within the closest LookupBoundary.
In Material Design, most widgets are conceptually "printed" on a sheet of material. In Flutter's
material library, that material is represented by the Material widget. It is the Material widget
that renders ink splashes, for instance. Because of this, many material library widgets require that
there be a Material widget in the tree above them.
To introduce a Material widget, you can either directly include one, or use a widget that contains
Material itself, such as a Card, Dialog, Drawer, or Scaffold.
The specific widget that could not find a Material ancestor was:
  TextField
The ancestors of this widget were:
  ...
  Column
  StatefulBuilder
  _FocusInheritedScope
  _FocusScopeWithExternalFocusNode
  _FocusInheritedScope
  ...

The relevant error-causing widget was:
  TextField
  TextField:file:///Users/wballard/github/reorderable_tree_list_view/test/integration/keyboard_navigation_integration_test.dart:157:15

When the exception was thrown, this was the stack:
#0      debugCheckHasMaterial.<anonymous closure> (package:flutter/src/material/debug.dart:40:7)
#1      debugCheckHasMaterial (package:flutter/src/material/debug.dart:67:4)
#2      _TextFieldState.build (package:flutter/src/material/text_field.dart:1477:12)
#3      StatefulElement.build (package:flutter/src/widgets/framework.dart:5823:27)
#4      ComponentElement.performRebuild (package:flutter/src/widgets/framework.dart:5715:15)
#5      StatefulElement.performRebuild (package:flutter/src/widgets/framework.dart:5874:11)
#6      Element.rebuild (package:flutter/src/widgets/framework.dart:5427:7)
#7      ComponentElement._firstBuild (package:flutter/src/widgets/framework.dart:5697:5)
#8      StatefulElement._firstBuild (package:flutter/src/widgets/framework.dart:5865:11)
#9      ComponentElement.mount (package:flutter/src/widgets/framework.dart:5691:5)
#10     Element.inflateWidget (package:flutter/src/widgets/framework.dart:4539:16)
#11     MultiChildRenderObjectElement.inflateWidget (package:flutter/src/widgets/framework.dart:7159:36)
#12     MultiChildRenderObjectElement.mount (package:flutter/src/widgets/framework.dart:7175:32)
...     Normal element mounting (9 frames)
#21     Element.inflateWidget (package:flutter/src/widgets/framework.dart:4539:16)
#22     Element.updateChild (package:flutter/src/widgets/framework.dart:3998:20)
#23     ComponentElement.performRebuild (package:flutter/src/widgets/framework.dart:5738:16)
#24     Element.rebuild (package:flutter/src/widgets/framework.dart:5427:7)
#25     ProxyElement.update (package:flutter/src/widgets/framework.dart:6041:5)
#26     _InheritedNotifierElement.update (package:flutter/src/widgets/inherited_notifier.dart:108:11)
#27     Element.updateChild (package:flutter/src/widgets/framework.dart:3982:15)
#28     ComponentElement.performRebuild (package:flutter/src/widgets/framework.dart:5738:16)
#29     StatefulElement.performRebuild (package:flutter/src/widgets/framework.dart:5874:11)
#30     Element.rebuild (package:flutter/src/widgets/framework.dart:5427:7)
#31     StatefulElement.update (package:flutter/src/widgets/framework.dart:5899:5)
#32     Element.updateChild (package:flutter/src/widgets/framework.dart:3982:15)
#33     ComponentElement.performRebuild (package:flutter/src/widgets/framework.dart:5738:16)
#34     Element.rebuild (package:flutter/src/widgets/framework.dart:5427:7)
#35     ProxyElement.update (package:flutter/src/widgets/framework.dart:6041:5)
#36     _InheritedNotifierElement.update (package:flutter/src/widgets/inherited_notifier.dart:108:11)
#37     Element.updateChild (package:flutter/src/widgets/framework.dart:3982:15)
#38     ComponentElement.performRebuild (package:flutter/src/widgets/framework.dart:5738:16)
#39     StatefulElement.performRebuild (package:flutter/src/widgets/framework.dart:5874:11)
#40     Element.rebuild (package:flutter/src/widgets/framework.dart:5427:7)
#41     StatefulElement.update (package:flutter/src/widgets/framework.dart:5899:5)
#42     Element.updateChild (package:flutter/src/widgets/framework.dart:3982:15)
#43     ComponentElement.performRebuild (package:flutter/src/widgets/framework.dart:5738:16)
#44     StatefulElement.performRebuild (package:flutter/src/widgets/framework.dart:5874:11)
#45     Element.rebuild (package:flutter/src/widgets/framework.dart:5427:7)
#46     StatefulElement.update (package:flutter/src/widgets/framework.dart:5899:5)
#47     Element.updateChild (package:flutter/src/widgets/framework.dart:3982:15)
#48     ComponentElement.performRebuild (package:flutter/src/widgets/framework.dart:5738:16)
#49     Element.rebuild (package:flutter/src/widgets/framework.dart:5427:7)
#50     ProxyElement.update (package:flutter/src/widgets/framework.dart:6041:5)
#51     Element.updateChild (package:flutter/src/widgets/framework.dart:3982:15)
#52     ComponentElement.performRebuild (package:flutter/src/widgets/framework.dart:5738:16)
#53     StatefulElement.performRebuild (package:flutter/src/widgets/framework.dart:5874:11)
#54     Element.rebuild (package:flutter/src/widgets/framework.dart:5427:7)
#55     StatefulElement.update (package:flutter/src/widgets/framework.dart:5899:5)
#56     Element.updateChild (package:flutter/src/widgets/framework.dart:3982:15)
#57     ComponentElement.performRebuild (package:flutter/src/widgets/framework.dart:5738:16)
#58     Element.rebuild (package:flutter/src/widgets/framework.dart:5427:7)
#59     ProxyElement.update (package:flutter/src/widgets/framework.dart:6041:5)
#60     Element.updateChild (package:flutter/src/widgets/framework.dart:3982:15)
#61     ComponentElement.performRebuild (package:flutter/src/widgets/framework.dart:5738:16)
#62     Element.rebuild (package:flutter/src/widgets/framework.dart:5427:7)
#63     ProxyElement.update (package:flutter/src/widgets/framework.dart:6041:5)
#64     Element.updateChild (package:flutter/src/widgets/framework.dart:3982:15)
#65     _RawViewElement._updateChild (package:flutter/src/widgets/view.dart:481:16)
#66     _RawViewElement.update (package:flutter/src/widgets/view.dart:569:5)
#67     Element.updateChild (package:flutter/src/widgets/framework.dart:3982:15)
#68     ComponentElement.performRebuild (package:flutter/src/widgets/framework.dart:5738:16)
#69     Element.rebuild (package:flutter/src/widgets/framework.dart:5427:7)
#70     StatelessElement.update (package:flutter/src/widgets/framework.dart:5787:5)
#71     Element.updateChild (package:flutter/src/widgets/framework.dart:3982:15)
#72     ComponentElement.performRebuild (package:flutter/src/widgets/framework.dart:5738:16)
#73     StatefulElement.performRebuild (package:flutter/src/widgets/framework.dart:5874:11)
#74     Element.rebuild (package:flutter/src/widgets/framework.dart:5427:7)
#75     StatefulElement.update (package:flutter/src/widgets/framework.dart:5899:5)
#76     Element.updateChild (package:flutter/src/widgets/framework.dart:3982:15)
#77     RootElement._rebuild (package:flutter/src/widgets/binding.dart:1698:16)
#78     RootElement.update (package:flutter/src/widgets/binding.dart:1676:5)
#79     RootElement.performRebuild (package:flutter/src/widgets/binding.dart:1690:7)
#80     Element.rebuild (package:flutter/src/widgets/framework.dart:5427:7)
#81     BuildScope._tryRebuild (package:flutter/src/widgets/framework.dart:2694:15)
#82     BuildScope._flushDirtyElements (package:flutter/src/widgets/framework.dart:2752:11)
#83     BuildOwner.buildScope (package:flutter/src/widgets/framework.dart:3056:18)
#84     AutomatedTestWidgetsFlutterBinding.drawFrame (package:flutter_test/src/binding.dart:1515:19)
#85     RendererBinding._handlePersistentFrameCallback (package:flutter/src/rendering/binding.dart:495:5)
#86     SchedulerBinding._invokeFrameCallback (package:flutter/src/scheduler/binding.dart:1438:15)
#87     SchedulerBinding.handleDrawFrame (package:flutter/src/scheduler/binding.dart:1351:9)
#88     AutomatedTestWidgetsFlutterBinding.pump.<anonymous closure> (package:flutter_test/src/binding.dart:1340:9)
#91     TestAsyncUtils.guard (package:flutter_test/src/test_async_utils.dart:74:41)
#92     AutomatedTestWidgetsFlutterBinding.pump (package:flutter_test/src/binding.dart:1329:27)
#93     WidgetTester.pumpWidget.<anonymous closure> (package:flutter_test/src/widget_tester.dart:599:22)
#96     TestAsyncUtils.guard (package:flutter_test/src/test_async_utils.dart:74:41)
#97     WidgetTester.pumpWidget (package:flutter_test/src/widget_tester.dart:596:27)
#98     main.<anonymous closure>.<anonymous closure> (file:///Users/wballard/github/reorderable_tree_list_view/test/integration/keyboard_navigation_integration_test.dart:153:20)
#99     testWidgets.<anonymous closure>.<anonymous closure> (package:flutter_test/src/widget_tester.dart:193:29)
<asynchronous suspension>
#100    TestWidgetsFlutterBinding._runTestBody (package:flutter_test/src/binding.dart:1064:5)
<asynchronous suspension>
<asynchronous suspension>
(elided 5 frames from dart:async and package:stack_trace)

════════════════════════════════════════════════════════════════════════════════════════════════════
══╡ EXCEPTION CAUGHT BY WIDGETS LIBRARY ╞═══════════════════════════════════════════════════════════
The following assertion was thrown building ReorderableListView(dirty, state:
_ReorderableListViewState#1c576):
No MaterialLocalizations found.
ReorderableListView widgets require MaterialLocalizations to be provided by a Localizations widget
ancestor.
The material library uses Localizations to generate messages, labels, and abbreviations.
To introduce a MaterialLocalizations, either use a MaterialApp at the root of your application to
include them automatically, or add a Localization widget with a MaterialLocalizations delegate.
The specific widget that could not find a MaterialLocalizations ancestor was:
  ReorderableListView
The ancestors of this widget were:
  ...
  _ActionsScope
  Actions
  Semantics
  _FocusInheritedScope
  Focus
  ...

The relevant error-causing widget was:
  ReorderableListView
  ReorderableListView:file:///Users/wballard/github/reorderable_tree_list_view/lib/src/widgets/reorderable_tree_list_view.dart:480:49

When the exception was thrown, this was the stack:
#0      debugCheckHasMaterialLocalizations.<anonymous closure> (package:flutter/src/material/debug.dart:97:7)
#1      debugCheckHasMaterialLocalizations (package:flutter/src/material/debug.dart:117:4)
#2      _ReorderableListViewState.build (package:flutter/src/material/reorderable_list.dart:420:12)
#3      StatefulElement.build (package:flutter/src/widgets/framework.dart:5823:27)
#4      ComponentElement.performRebuild (package:flutter/src/widgets/framework.dart:5715:15)
#5      StatefulElement.performRebuild (package:flutter/src/widgets/framework.dart:5874:11)
#6      Element.rebuild (package:flutter/src/widgets/framework.dart:5427:7)
#7      ComponentElement._firstBuild (package:flutter/src/widgets/framework.dart:5697:5)
#8      StatefulElement._firstBuild (package:flutter/src/widgets/framework.dart:5865:11)
#9      ComponentElement.mount (package:flutter/src/widgets/framework.dart:5691:5)
...     Normal element mounting (77 frames)
#86     Element.inflateWidget (package:flutter/src/widgets/framework.dart:4539:16)
#87     MultiChildRenderObjectElement.inflateWidget (package:flutter/src/widgets/framework.dart:7159:36)
#88     MultiChildRenderObjectElement.mount (package:flutter/src/widgets/framework.dart:7175:32)
...     Normal element mounting (9 frames)
#97     Element.inflateWidget (package:flutter/src/widgets/framework.dart:4539:16)
#98     Element.updateChild (package:flutter/src/widgets/framework.dart:3998:20)
#99     ComponentElement.performRebuild (package:flutter/src/widgets/framework.dart:5738:16)
#100    Element.rebuild (package:flutter/src/widgets/framework.dart:5427:7)
#101    ProxyElement.update (package:flutter/src/widgets/framework.dart:6041:5)
#102    _InheritedNotifierElement.update (package:flutter/src/widgets/inherited_notifier.dart:108:11)
#103    Element.updateChild (package:flutter/src/widgets/framework.dart:3982:15)
#104    ComponentElement.performRebuild (package:flutter/src/widgets/framework.dart:5738:16)
#105    StatefulElement.performRebuild (package:flutter/src/widgets/framework.dart:5874:11)
#106    Element.rebuild (package:flutter/src/widgets/framework.dart:5427:7)
#107    StatefulElement.update (package:flutter/src/widgets/framework.dart:5899:5)
#108    Element.updateChild (package:flutter/src/widgets/framework.dart:3982:15)
#109    ComponentElement.performRebuild (package:flutter/src/widgets/framework.dart:5738:16)
#110    Element.rebuild (package:flutter/src/widgets/framework.dart:5427:7)
#111    ProxyElement.update (package:flutter/src/widgets/framework.dart:6041:5)
#112    _InheritedNotifierElement.update (package:flutter/src/widgets/inherited_notifier.dart:108:11)
#113    Element.updateChild (package:flutter/src/widgets/framework.dart:3982:15)
#114    ComponentElement.performRebuild (package:flutter/src/widgets/framework.dart:5738:16)
#115    StatefulElement.performRebuild (package:flutter/src/widgets/framework.dart:5874:11)
#116    Element.rebuild (package:flutter/src/widgets/framework.dart:5427:7)
#117    StatefulElement.update (package:flutter/src/widgets/framework.dart:5899:5)
#118    Element.updateChild (package:flutter/src/widgets/framework.dart:3982:15)
#119    ComponentElement.performRebuild (package:flutter/src/widgets/framework.dart:5738:16)
#120    StatefulElement.performRebuild (package:flutter/src/widgets/framework.dart:5874:11)
#121    Element.rebuild (package:flutter/src/widgets/framework.dart:5427:7)
#122    StatefulElement.update (package:flutter/src/widgets/framework.dart:5899:5)
#123    Element.updateChild (package:flutter/src/widgets/framework.dart:3982:15)
#124    ComponentElement.performRebuild (package:flutter/src/widgets/framework.dart:5738:16)
#125    Element.rebuild (package:flutter/src/widgets/framework.dart:5427:7)
#126    ProxyElement.update (package:flutter/src/widgets/framework.dart:6041:5)
#127    Element.updateChild (package:flutter/src/widgets/framework.dart:3982:15)
#128    ComponentElement.performRebuild (package:flutter/src/widgets/framework.dart:5738:16)
#129    StatefulElement.performRebuild (package:flutter/src/widgets/framework.dart:5874:11)
#130    Element.rebuild (package:flutter/src/widgets/framework.dart:5427:7)
#131    StatefulElement.update (package:flutter/src/widgets/framework.dart:5899:5)
#132    Element.updateChild (package:flutter/src/widgets/framework.dart:3982:15)
#133    ComponentElement.performRebuild (package:flutter/src/widgets/framework.dart:5738:16)
#134    Element.rebuild (package:flutter/src/widgets/framework.dart:5427:7)
#135    ProxyElement.update (package:flutter/src/widgets/framework.dart:6041:5)
#136    Element.updateChild (package:flutter/src/widgets/framework.dart:3982:15)
#137    ComponentElement.performRebuild (package:flutter/src/widgets/framework.dart:5738:16)
#138    Element.rebuild (package:flutter/src/widgets/framework.dart:5427:7)
#139    ProxyElement.update (package:flutter/src/widgets/framework.dart:6041:5)
#140    Element.updateChild (package:flutter/src/widgets/framework.dart:3982:15)
#141    _RawViewElement._updateChild (package:flutter/src/widgets/view.dart:481:16)
#142    _RawViewElement.update (package:flutter/src/widgets/view.dart:569:5)
#143    Element.updateChild (package:flutter/src/widgets/framework.dart:3982:15)
#144    ComponentElement.performRebuild (package:flutter/src/widgets/framework.dart:5738:16)
#145    Element.rebuild (package:flutter/src/widgets/framework.dart:5427:7)
#146    StatelessElement.update (package:flutter/src/widgets/framework.dart:5787:5)
#147    Element.updateChild (package:flutter/src/widgets/framework.dart:3982:15)
#148    ComponentElement.performRebuild (package:flutter/src/widgets/framework.dart:5738:16)
#149    StatefulElement.performRebuild (package:flutter/src/widgets/framework.dart:5874:11)
#150    Element.rebuild (package:flutter/src/widgets/framework.dart:5427:7)
#151    StatefulElement.update (package:flutter/src/widgets/framework.dart:5899:5)
#152    Element.updateChild (package:flutter/src/widgets/framework.dart:3982:15)
#153    RootElement._rebuild (package:flutter/src/widgets/binding.dart:1698:16)
#154    RootElement.update (package:flutter/src/widgets/binding.dart:1676:5)
#155    RootElement.performRebuild (package:flutter/src/widgets/binding.dart:1690:7)
#156    Element.rebuild (package:flutter/src/widgets/framework.dart:5427:7)
#157    BuildScope._tryRebuild (package:flutter/src/widgets/framework.dart:2694:15)
#158    BuildScope._flushDirtyElements (package:flutter/src/widgets/framework.dart:2752:11)
#159    BuildOwner.buildScope (package:flutter/src/widgets/framework.dart:3056:18)
#160    AutomatedTestWidgetsFlutterBinding.drawFrame (package:flutter_test/src/binding.dart:1515:19)
#161    RendererBinding._handlePersistentFrameCallback (package:flutter/src/rendering/binding.dart:495:5)
#162    SchedulerBinding._invokeFrameCallback (package:flutter/src/scheduler/binding.dart:1438:15)
#163    SchedulerBinding.handleDrawFrame (package:flutter/src/scheduler/binding.dart:1351:9)
#164    AutomatedTestWidgetsFlutterBinding.pump.<anonymous closure> (package:flutter_test/src/binding.dart:1340:9)
#167    TestAsyncUtils.guard (package:flutter_test/src/test_async_utils.dart:74:41)
#168    AutomatedTestWidgetsFlutterBinding.pump (package:flutter_test/src/binding.dart:1329:27)
#169    WidgetTester.pumpWidget.<anonymous closure> (package:flutter_test/src/widget_tester.dart:599:22)
#172    TestAsyncUtils.guard (package:flutter_test/src/test_async_utils.dart:74:41)
#173    WidgetTester.pumpWidget (package:flutter_test/src/widget_tester.dart:596:27)
#174    main.<anonymous closure>.<anonymous closure> (file:///Users/wballard/github/reorderable_tree_list_view/test/integration/keyboard_navigation_integration_test.dart:153:20)
#175    testWidgets.<anonymous closure>.<anonymous closure> (package:flutter_test/src/widget_tester.dart:193:29)
<asynchronous suspension>
#176    TestWidgetsFlutterBinding._runTestBody (package:flutter_test/src/binding.dart:1064:5)
<asynchronous suspension>
<asynchronous suspension>
(elided 5 frames from dart:async and package:stack_trace)

════════════════════════════════════════════════════════════════════════════════════════════════════
══╡ EXCEPTION CAUGHT BY RENDERING LIBRARY ╞═════════════════════════════════════════════════════════
The following assertion was thrown during layout:
A RenderFlex overflowed by 99400 pixels on the bottom.

The relevant error-causing widget was:
  Column
  Column:file:///Users/wballard/github/reorderable_tree_list_view/test/integration/keyboard_navigation_integration_test.dart:155:18

The overflowing RenderFlex has an orientation of Axis.vertical.
The edge of the RenderFlex that is overflowing has been marked in the rendering with a yellow and
black striped pattern. This is usually caused by the contents being too big for the RenderFlex.
Consider applying a flex factor (e.g. using an Expanded widget) to force the children of the
RenderFlex to fit within the available space instead of being sized to their natural size.
This is considered an error condition because it indicates that there is content that cannot be
seen. If the content is legitimately bigger than the available space, consider clipping it with a
ClipRect widget before putting it in the flex, or using a scrollable container rather than a Flex,
like a ListView.
The specific RenderFlex in question is: RenderFlex#0d556 OVERFLOWING:
  creator: Column ← StatefulBuilder ← _FocusInheritedScope ← _FocusScopeWithExternalFocusNode ←
    _FocusInheritedScope ← Focus ← FocusTraversalGroup ← MediaQuery ← _MediaQueryFromView ←
    _PipelineOwnerScope ← _ViewScope ← _RawViewInternal-[_DeprecatedRawViewKey TestFlutterView#b69b6]
    ← ⋯
  parentData: <none>
  constraints: BoxConstraints(w=800.0, h=600.0)
  size: Size(800.0, 600.0)
  direction: vertical
  mainAxisAlignment: start
  mainAxisSize: max
  crossAxisAlignment: center
  verticalDirection: down
  spacing: 0.0
◢◤◢◤◢◤◢◤◢◤◢◤◢◤◢◤◢◤◢◤◢◤◢◤◢◤◢◤◢◤◢◤◢◤◢◤◢◤◢◤◢◤◢◤◢◤◢◤◢◤◢◤◢◤◢◤◢◤◢◤◢◤◢◤◢◤◢◤◢◤◢◤◢◤◢◤◢◤◢◤◢◤◢◤◢◤◢◤◢◤◢◤◢◤◢◤◢◤◢◤
════════════════════════════════════════════════════════════════════════════════════════════════════

Warning: A call to tap() with finder "Found 1 widget with type "TextField": [
  TextField(decoration: InputDecoration(hintText: "Search...", prefixIcon: Icon(IconData(U+0E567))), dependencies: [MediaQuery], state: _TextFieldState#e48d7),
]" derived an Offset (Offset(400.0, 50000.0)) that would not hit test on the specified widget.
Maybe the widget is actually off-screen, or another widget is obscuring it, or the widget cannot receive pointer events.
Indeed, Offset(400.0, 50000.0) is outside the bounds of the root of the render tree, Size(800.0, 600.0).
The finder corresponds to this RenderBox: RenderErrorBox#26764
The hit test result at that offset is: HitTestResult(HitTestEntry<HitTestTarget>#5efd0(_ReusableRenderView#ed69f), HitTestEntry<HitTestTarget>#95244(<AutomatedTestWidgetsFlutterBinding>))
#0      WidgetController._getElementPoint (package:flutter_test/src/controller.dart:2077:25)
#1      WidgetController.getCenter (package:flutter_test/src/controller.dart:1861:12)
#2      WidgetController.tap (package:flutter_test/src/controller.dart:1041:7)
#3      main.<anonymous closure>.<anonymous closure> (file:///Users/wballard/github/reorderable_tree_list_view/test/integration/keyboard_navigation_integration_test.dart:188:20)
<asynchronous suspension>
#4      testWidgets.<anonymous closure>.<anonymous closure> (package:flutter_test/src/widget_tester.dart:193:15)
<asynchronous suspension>
#5      TestWidgetsFlutterBinding._runTestBody (package:flutter_test/src/binding.dart:1064:5)
<asynchronous suspension>
#6      StackZoneSpecification._registerCallback.<anonymous closure> (package:stack_trace/src/stack_zone_specification.dart:114:42)
<asynchronous suspension>
To silence this warning, pass "warnIfMissed: false" to "tap()".
To make this warning fatal, set WidgetController.hitTestWarningShouldBeFatal to true.

00:01 +73 -12: /Users/wballard/github/reorderable_tree_list_view/test/integration/actions_intents_integration_test.dart: Actions and Intents Integration custom intents with tree view
00:01 +74 -12: /Users/wballard/github/reorderable_tree_list_view/test/integration/keyboard_navigation_integration_test.dart: Keyboard Navigation Integration keyboard navigation with filtering
══╡ EXCEPTION CAUGHT BY FLUTTER TEST FRAMEWORK ╞════════════════════════════════════════════════════
The following StateError was thrown running a test:
Bad state: No element

When the exception was thrown, this was the stack:
#0      Iterable.single (dart:core/iterable.dart:694:25)
#1      WidgetController.state (package:flutter_test/src/controller.dart:908:42)
#2      WidgetTester.showKeyboard.<anonymous closure> (package:flutter_test/src/widget_tester.dart:1127:42)
#5      TestAsyncUtils.guard (package:flutter_test/src/test_async_utils.dart:74:41)
#6      WidgetTester.showKeyboard (package:flutter_test/src/widget_tester.dart:1126:27)
#7      WidgetTester.enterText.<anonymous closure> (package:flutter_test/src/widget_tester.dart:1162:13)
#10     TestAsyncUtils.guard (package:flutter_test/src/test_async_utils.dart:74:41)
#11     WidgetTester.enterText (package:flutter_test/src/widget_tester.dart:1161:27)
#12     main.<anonymous closure>.<anonymous closure> (file:///Users/wballard/github/reorderable_tree_list_view/test/integration/keyboard_navigation_integration_test.dart:189:20)
<asynchronous suspension>
#13     testWidgets.<anonymous closure>.<anonymous closure> (package:flutter_test/src/widget_tester.dart:193:15)
<asynchronous suspension>
#14     TestWidgetsFlutterBinding._runTestBody (package:flutter_test/src/binding.dart:1064:5)
<asynchronous suspension>
<asynchronous suspension>
(elided 5 frames from dart:async and package:stack_trace)

The test description was:
  keyboard navigation with filtering
════════════════════════════════════════════════════════════════════════════════════════════════════
══╡ EXCEPTION CAUGHT BY FLUTTER TEST FRAMEWORK ╞════════════════════════════════════════════════════
The following message was thrown:
Multiple exceptions (4) were detected during the running of the current test, and at least one was
unexpected.
════════════════════════════════════════════════════════════════════════════════════════════════════
00:01 +74 -13: /Users/wballard/github/reorderable_tree_list_view/test/golden/visual_regression_test.dart: Visual Regression Tests expanded tree structure
00:01 +74 -13: /Users/wballard/github/reorderable_tree_list_view/test/integration/keyboard_navigation_integration_test.dart: Keyboard Navigation Integration keyboard navigation with filtering [E]
  Test failed. See exception logs above.
  The test description was: keyboard navigation with filtering
  
00:01 +74 -13: /Users/wballard/github/reorderable_tree_list_view/test/integration/drag_drop_integration_test.dart: Drag and Drop Integration multi-level drag and drop
══╡ EXCEPTION CAUGHT BY FLUTTER TEST FRAMEWORK ╞════════════════════════════════════════════════════
The following TestFailure was thrown running a test:
Expected: true
  Actual: <false>

When the exception was thrown, this was the stack:
#4      main.<anonymous closure>.<anonymous closure> (file:///Users/wballard/github/reorderable_tree_list_view/test/integration/drag_drop_integration_test.dart:287:7)
<asynchronous suspension>
#5      testWidgets.<anonymous closure>.<anonymous closure> (package:flutter_test/src/widget_tester.dart:193:15)
<asynchronous suspension>
#6      TestWidgetsFlutterBinding._runTestBody (package:flutter_test/src/binding.dart:1064:5)
<asynchronous suspension>
<asynchronous suspension>
(elided one frame from package:stack_trace)

This was caught by the test expectation on the following line:
  file:///Users/wballard/github/reorderable_tree_list_view/test/integration/drag_drop_integration_test.dart line 287
The test description was:
  multi-level drag and drop
════════════════════════════════════════════════════════════════════════════════════════════════════
00:01 +74 -14: /Users/wballard/github/reorderable_tree_list_view/test/golden/visual_regression_test.dart: Visual Regression Tests expanded tree structure
00:01 +74 -14: /Users/wballard/github/reorderable_tree_list_view/test/integration/drag_drop_integration_test.dart: Drag and Drop Integration multi-level drag and drop [E]
  Test failed. See exception logs above.
  The test description was: multi-level drag and drop
  
00:01 +75 -14: /Users/wballard/github/reorderable_tree_list_view/test/golden/visual_regression_test.dart: Visual Regression Tests expanded tree structure
00:01 +76 -14: /Users/wballard/github/reorderable_tree_list_view/test/golden/visual_regression_test.dart: Visual Regression Tests expanded tree structure
00:01 +77 -14: /Users/wballard/github/reorderable_tree_list_view/test/golden/visual_regression_test.dart: Visual Regression Tests expanded tree structure
00:01 +78 -14: /Users/wballard/github/reorderable_tree_list_view/test/golden/visual_regression_test.dart: Visual Regression Tests expanded tree structure
══╡ EXCEPTION CAUGHT BY FLUTTER TEST FRAMEWORK ╞════════════════════════════════════════════════════
The following TestFailure was thrown running a test:
Expected: one widget whose rasterized image matches golden image "expanded_tree_structure.png"
  Actual: _TypeWidgetFinder:<Found 1 widget with type "ReorderableTreeListView": [
            ReorderableTreeListView(state: _ReorderableTreeListViewState#486fc),
          ]>
   Which: Could not be compared against non-existent file: "expanded_tree_structure.png"

When the exception was thrown, this was the stack:
#0      fail (package:matcher/src/expect/expect.dart:149:31)
#1      _expect.<anonymous closure> (package:matcher/src/expect/expect.dart:125:9)
<asynchronous suspension>
<asynchronous suspension>
#8      expectLater.<anonymous closure> (package:flutter_test/src/widget_tester.dart:509:19)
<asynchronous suspension>
#9      main.<anonymous closure>.<anonymous closure> (file:///Users/wballard/github/reorderable_tree_list_view/test/golden/visual_regression_test.dart:74:7)
<asynchronous suspension>
#10     testWidgets.<anonymous closure>.<anonymous closure> (package:flutter_test/src/widget_tester.dart:193:15)
<asynchronous suspension>
#11     TestWidgetsFlutterBinding._runTestBody (package:flutter_test/src/binding.dart:1064:5)
<asynchronous suspension>
<asynchronous suspension>
(elided 7 frames from dart:async and package:stack_trace)

The test description was:
  expanded tree structure
════════════════════════════════════════════════════════════════════════════════════════════════════
00:01 +78 -15: /Users/wballard/github/reorderable_tree_list_view/test/integration/actions_intents_integration_test.dart: Actions and Intents Integration intent context and data passing
00:01 +78 -15: /Users/wballard/github/reorderable_tree_list_view/test/golden/visual_regression_test.dart: Visual Regression Tests expanded tree structure [E]
  Test failed. See exception logs above.
  The test description was: expanded tree structure
  
00:01 +79 -15: /Users/wballard/github/reorderable_tree_list_view/test/integration/actions_intents_integration_test.dart: Actions and Intents Integration intent context and data passing
00:01 +80 -15: /Users/wballard/github/reorderable_tree_list_view/test/integration/actions_intents_integration_test.dart: Actions and Intents Integration intent context and data passing
══╡ EXCEPTION CAUGHT BY FLUTTER TEST FRAMEWORK ╞════════════════════════════════════════════════════
The following TestFailure was thrown running a test:
Expected: contains 'file5.txt'
  Actual: <null>
   Which: is not a string, map or iterable

When the exception was thrown, this was the stack:
#4      main.<anonymous closure>.<anonymous closure> (file:///Users/wballard/github/reorderable_tree_list_view/test/integration/actions_intents_integration_test.dart:243:7)
<asynchronous suspension>
#5      testWidgets.<anonymous closure>.<anonymous closure> (package:flutter_test/src/widget_tester.dart:193:15)
<asynchronous suspension>
#6      TestWidgetsFlutterBinding._runTestBody (package:flutter_test/src/binding.dart:1064:5)
<asynchronous suspension>
<asynchronous suspension>
(elided one frame from package:stack_trace)

This was caught by the test expectation on the following line:
  file:///Users/wballard/github/reorderable_tree_list_view/test/integration/actions_intents_integration_test.dart line 243
The test description was:
  intent context and data passing
════════════════════════════════════════════════════════════════════════════════════════════════════
00:01 +80 -16: /Users/wballard/github/reorderable_tree_list_view/test/integration/keyboard_navigation_integration_test.dart: Keyboard Navigation Integration vim-style keyboard shortcuts
00:01 +80 -16: /Users/wballard/github/reorderable_tree_list_view/test/integration/actions_intents_integration_test.dart: Actions and Intents Integration intent context and data passing [E]
  Test failed. See exception logs above.
  The test description was: intent context and data passing
  
00:01 +81 -16: /Users/wballard/github/reorderable_tree_list_view/test/golden/visual_regression_test.dart: Visual Regression Tests dark theme
00:01 +81 -16: /Users/wballard/github/reorderable_tree_list_view/test/integration/actions_intents_integration_test.dart: Actions and Intents Integration action composition and chaining
══╡ EXCEPTION CAUGHT BY FLUTTER TEST FRAMEWORK ╞════════════════════════════════════════════════════
The following assertion was thrown running a test:
The finder "Found 0 widgets with text "folder1" descending from widgets with type
"ReorderableTreeListViewItem": []" (used in a call to "tap()") could not find any matching widgets.

When the exception was thrown, this was the stack:
#0      WidgetController._getElementPoint (package:flutter_test/src/controller.dart:2009:7)
#1      WidgetController.getCenter (package:flutter_test/src/controller.dart:1861:12)
#2      WidgetController.tap (package:flutter_test/src/controller.dart:1041:7)
#3      main.<anonymous closure>.<anonymous closure> (file:///Users/wballard/github/reorderable_tree_list_view/test/integration/actions_intents_integration_test.dart:284:20)
<asynchronous suspension>
#4      testWidgets.<anonymous closure>.<anonymous closure> (package:flutter_test/src/widget_tester.dart:193:15)
<asynchronous suspension>
#5      TestWidgetsFlutterBinding._runTestBody (package:flutter_test/src/binding.dart:1064:5)
<asynchronous suspension>
<asynchronous suspension>
(elided one frame from package:stack_trace)

The test description was:
  action composition and chaining
════════════════════════════════════════════════════════════════════════════════════════════════════
00:01 +81 -17: /Users/wballard/github/reorderable_tree_list_view/test/golden/visual_regression_test.dart: Visual Regression Tests dark theme
00:01 +81 -17: /Users/wballard/github/reorderable_tree_list_view/test/integration/actions_intents_integration_test.dart: Actions and Intents Integration action composition and chaining [E]
  Test failed. See exception logs above.
  The test description was: action composition and chaining
  
00:01 +81 -17: /Users/wballard/github/reorderable_tree_list_view/test/integration/actions_intents_integration_test.dart: Actions and Intents Integration action availability and enablement
══╡ EXCEPTION CAUGHT BY WIDGETS LIBRARY ╞═══════════════════════════════════════════════════════════
The following assertion was thrown building _MaterialSwitch(dirty, state:
_MaterialSwitchState#8e4b9(tickers: tracking 4 tickers)):
No Material widget found.
_MaterialSwitch widgets require a Material widget ancestor within the closest LookupBoundary.
In Material Design, most widgets are conceptually "printed" on a sheet of material. In Flutter's
material library, that material is represented by the Material widget. It is the Material widget
that renders ink splashes, for instance. Because of this, many material library widgets require that
there be a Material widget in the tree above them.
To introduce a Material widget, you can either directly include one, or use a widget that contains
Material itself, such as a Card, Dialog, Drawer, or Scaffold.
The specific widget that could not find a Material ancestor was:
  _MaterialSwitch
The ancestors of this widget were:
  ...
  Switch
  Column
  Semantics
  Builder
  RepaintBoundary-[GlobalKey#ae8e1]
  ...

The relevant error-causing widget was:
  Switch
  Switch:file:///Users/wballard/github/reorderable_tree_list_view/test/integration/actions_intents_integration_test.dart:303:17

When the exception was thrown, this was the stack:
#0      debugCheckHasMaterial.<anonymous closure> (package:flutter/src/material/debug.dart:40:7)
#1      debugCheckHasMaterial (package:flutter/src/material/debug.dart:67:4)
#2      _MaterialSwitchState.build (package:flutter/src/material/switch.dart:882:12)
#3      StatefulElement.build (package:flutter/src/widgets/framework.dart:5823:27)
#4      ComponentElement.performRebuild (package:flutter/src/widgets/framework.dart:5715:15)
#5      StatefulElement.performRebuild (package:flutter/src/widgets/framework.dart:5874:11)
#6      Element.rebuild (package:flutter/src/widgets/framework.dart:5427:7)
#7      ComponentElement._firstBuild (package:flutter/src/widgets/framework.dart:5697:5)
#8      StatefulElement._firstBuild (package:flutter/src/widgets/framework.dart:5865:11)
#9      ComponentElement.mount (package:flutter/src/widgets/framework.dart:5691:5)
...     Normal element mounting (7 frames)
#16     Element.inflateWidget (package:flutter/src/widgets/framework.dart:4539:16)
#17     MultiChildRenderObjectElement.inflateWidget (package:flutter/src/widgets/framework.dart:7159:36)
#18     MultiChildRenderObjectElement.mount (package:flutter/src/widgets/framework.dart:7175:32)
...     Normal element mounting (228 frames)
#246    Element.inflateWidget (package:flutter/src/widgets/framework.dart:4539:16)
#247    MultiChildRenderObjectElement.inflateWidget (package:flutter/src/widgets/framework.dart:7159:36)
#248    MultiChildRenderObjectElement.mount (package:flutter/src/widgets/framework.dart:7175:32)
...     Normal element mounting (465 frames)
#713    Element.inflateWidget (package:flutter/src/widgets/framework.dart:4539:16)
#714    Element.updateChild (package:flutter/src/widgets/framework.dart:3998:20)
#715    ComponentElement.performRebuild (package:flutter/src/widgets/framework.dart:5738:16)
#716    Element.rebuild (package:flutter/src/widgets/framework.dart:5427:7)
#717    ProxyElement.update (package:flutter/src/widgets/framework.dart:6041:5)
#718    _InheritedNotifierElement.update (package:flutter/src/widgets/inherited_notifier.dart:108:11)
#719    Element.updateChild (package:flutter/src/widgets/framework.dart:3982:15)
#720    ComponentElement.performRebuild (package:flutter/src/widgets/framework.dart:5738:16)
#721    StatefulElement.performRebuild (package:flutter/src/widgets/framework.dart:5874:11)
#722    Element.rebuild (package:flutter/src/widgets/framework.dart:5427:7)
#723    StatefulElement.update (package:flutter/src/widgets/framework.dart:5899:5)
#724    Element.updateChild (package:flutter/src/widgets/framework.dart:3982:15)
#725    ComponentElement.performRebuild (package:flutter/src/widgets/framework.dart:5738:16)
#726    Element.rebuild (package:flutter/src/widgets/framework.dart:5427:7)
#727    ProxyElement.update (package:flutter/src/widgets/framework.dart:6041:5)
#728    _InheritedNotifierElement.update (package:flutter/src/widgets/inherited_notifier.dart:108:11)
#729    Element.updateChild (package:flutter/src/widgets/framework.dart:3982:15)
#730    ComponentElement.performRebuild (package:flutter/src/widgets/framework.dart:5738:16)
#731    StatefulElement.performRebuild (package:flutter/src/widgets/framework.dart:5874:11)
#732    Element.rebuild (package:flutter/src/widgets/framework.dart:5427:7)
#733    StatefulElement.update (package:flutter/src/widgets/framework.dart:5899:5)
#734    Element.updateChild (package:flutter/src/widgets/framework.dart:3982:15)
#735    ComponentElement.performRebuild (package:flutter/src/widgets/framework.dart:5738:16)
#736    StatefulElement.performRebuild (package:flutter/src/widgets/framework.dart:5874:11)
#737    Element.rebuild (package:flutter/src/widgets/framework.dart:5427:7)
#738    StatefulElement.update (package:flutter/src/widgets/framework.dart:5899:5)
#739    Element.updateChild (package:flutter/src/widgets/framework.dart:3982:15)
#740    ComponentElement.performRebuild (package:flutter/src/widgets/framework.dart:5738:16)
#741    Element.rebuild (package:flutter/src/widgets/framework.dart:5427:7)
#742    ProxyElement.update (package:flutter/src/widgets/framework.dart:6041:5)
#743    Element.updateChild (package:flutter/src/widgets/framework.dart:3982:15)
#744    ComponentElement.performRebuild (package:flutter/src/widgets/framework.dart:5738:16)
#745    StatefulElement.performRebuild (package:flutter/src/widgets/framework.dart:5874:11)
#746    Element.rebuild (package:flutter/src/widgets/framework.dart:5427:7)
#747    StatefulElement.update (package:flutter/src/widgets/framework.dart:5899:5)
#748    Element.updateChild (package:flutter/src/widgets/framework.dart:3982:15)
#749    ComponentElement.performRebuild (package:flutter/src/widgets/framework.dart:5738:16)
#750    Element.rebuild (package:flutter/src/widgets/framework.dart:5427:7)
#751    ProxyElement.update (package:flutter/src/widgets/framework.dart:6041:5)
#752    Element.updateChild (package:flutter/src/widgets/framework.dart:3982:15)
#753    ComponentElement.performRebuild (package:flutter/src/widgets/framework.dart:5738:16)
#754    Element.rebuild (package:flutter/src/widgets/framework.dart:5427:7)
#755    ProxyElement.update (package:flutter/src/widgets/framework.dart:6041:5)
#756    Element.updateChild (package:flutter/src/widgets/framework.dart:3982:15)
#757    _RawViewElement._updateChild (package:flutter/src/widgets/view.dart:481:16)
#758    _RawViewElement.update (package:flutter/src/widgets/view.dart:569:5)
#759    Element.updateChild (package:flutter/src/widgets/framework.dart:3982:15)
#760    ComponentElement.performRebuild (package:flutter/src/widgets/framework.dart:5738:16)
#761    Element.rebuild (package:flutter/src/widgets/framework.dart:5427:7)
#762    StatelessElement.update (package:flutter/src/widgets/framework.dart:5787:5)
#763    Element.updateChild (package:flutter/src/widgets/framework.dart:3982:15)
#764    ComponentElement.performRebuild (package:flutter/src/widgets/framework.dart:5738:16)
#765    StatefulElement.performRebuild (package:flutter/src/widgets/framework.dart:5874:11)
#766    Element.rebuild (package:flutter/src/widgets/framework.dart:5427:7)
#767    StatefulElement.update (package:flutter/src/widgets/framework.dart:5899:5)
#768    Element.updateChild (package:flutter/src/widgets/framework.dart:3982:15)
#769    RootElement._rebuild (package:flutter/src/widgets/binding.dart:1698:16)
#770    RootElement.update (package:flutter/src/widgets/binding.dart:1676:5)
#771    RootElement.performRebuild (package:flutter/src/widgets/binding.dart:1690:7)
#772    Element.rebuild (package:flutter/src/widgets/framework.dart:5427:7)
#773    BuildScope._tryRebuild (package:flutter/src/widgets/framework.dart:2694:15)
#774    BuildScope._flushDirtyElements (package:flutter/src/widgets/framework.dart:2752:11)
#775    BuildOwner.buildScope (package:flutter/src/widgets/framework.dart:3056:18)
#776    AutomatedTestWidgetsFlutterBinding.drawFrame (package:flutter_test/src/binding.dart:1515:19)
#777    RendererBinding._handlePersistentFrameCallback (package:flutter/src/rendering/binding.dart:495:5)
#778    SchedulerBinding._invokeFrameCallback (package:flutter/src/scheduler/binding.dart:1438:15)
#779    SchedulerBinding.handleDrawFrame (package:flutter/src/scheduler/binding.dart:1351:9)
#780    AutomatedTestWidgetsFlutterBinding.pump.<anonymous closure> (package:flutter_test/src/binding.dart:1340:9)
#783    TestAsyncUtils.guard (package:flutter_test/src/test_async_utils.dart:74:41)
#784    AutomatedTestWidgetsFlutterBinding.pump (package:flutter_test/src/binding.dart:1329:27)
#785    WidgetTester.pumpWidget.<anonymous closure> (package:flutter_test/src/widget_tester.dart:599:22)
#788    TestAsyncUtils.guard (package:flutter_test/src/test_async_utils.dart:74:41)
#789    WidgetTester.pumpWidget (package:flutter_test/src/widget_tester.dart:596:27)
#790    main.<anonymous closure>.<anonymous closure> (file:///Users/wballard/github/reorderable_tree_list_view/test/integration/actions_intents_integration_test.dart:298:20)
#791    testWidgets.<anonymous closure>.<anonymous closure> (package:flutter_test/src/widget_tester.dart:193:29)
<asynchronous suspension>
#792    TestWidgetsFlutterBinding._runTestBody (package:flutter_test/src/binding.dart:1064:5)
<asynchronous suspension>
<asynchronous suspension>
(elided 5 frames from dart:async and package:stack_trace)

════════════════════════════════════════════════════════════════════════════════════════════════════
══╡ EXCEPTION CAUGHT BY RENDERING LIBRARY ╞═════════════════════════════════════════════════════════
The following assertion was thrown during layout:
A RenderFlex overflowed by 99400 pixels on the bottom.

The relevant error-causing widget was:
  Column
  Column:file:///Users/wballard/github/reorderable_tree_list_view/test/integration/actions_intents_integration_test.dart:301:19

The overflowing RenderFlex has an orientation of Axis.vertical.
The edge of the RenderFlex that is overflowing has been marked in the rendering with a yellow and
black striped pattern. This is usually caused by the contents being too big for the RenderFlex.
Consider applying a flex factor (e.g. using an Expanded widget) to force the children of the
RenderFlex to fit within the available space instead of being sized to their natural size.
This is considered an error condition because it indicates that there is content that cannot be
seen. If the content is legitimately bigger than the available space, consider clipping it with a
ClipRect widget before putting it in the flex, or using a scrollable container rather than a Flex,
like a ListView.
The specific RenderFlex in question is: RenderFlex#ca9c3 OVERFLOWING:
  needs compositing
  creator: Column ← Semantics ← Builder ← RepaintBoundary-[GlobalKey#ae8e1] ← IgnorePointer ←
    ListenableBuilder ← SnapshotWidget ← _ZoomExitTransition ← SnapshotWidget ← _ZoomEnterTransition ←
    DualTransitionBuilder ← SnapshotWidget ← ⋯
  parentData: <none> (can use size)
  constraints: BoxConstraints(w=800.0, h=600.0)
  size: Size(800.0, 600.0)
  direction: vertical
  mainAxisAlignment: start
  mainAxisSize: max
  crossAxisAlignment: center
  verticalDirection: down
  spacing: 0.0
◢◤◢◤◢◤◢◤◢◤◢◤◢◤◢◤◢◤◢◤◢◤◢◤◢◤◢◤◢◤◢◤◢◤◢◤◢◤◢◤◢◤◢◤◢◤◢◤◢◤◢◤◢◤◢◤◢◤◢◤◢◤◢◤◢◤◢◤◢◤◢◤◢◤◢◤◢◤◢◤◢◤◢◤◢◤◢◤◢◤◢◤◢◤◢◤◢◤◢◤
════════════════════════════════════════════════════════════════════════════════════════════════════
00:01 +81 -17: /Users/wballard/github/reorderable_tree_list_view/test/golden/visual_regression_test.dart: Visual Regression Tests dark theme
══╡ EXCEPTION CAUGHT BY FLUTTER TEST FRAMEWORK ╞════════════════════════════════════════════════════
The following TestFailure was thrown running a test:
Expected: one widget whose rasterized image matches golden image "dark_theme.png"
  Actual: _TypeWidgetFinder:<Found 1 widget with type "ReorderableTreeListView": [
            ReorderableTreeListView(state: _ReorderableTreeListViewState#fc229),
          ]>
   Which: Could not be compared against non-existent file: "dark_theme.png"

When the exception was thrown, this was the stack:
#0      fail (package:matcher/src/expect/expect.dart:149:31)
#1      _expect.<anonymous closure> (package:matcher/src/expect/expect.dart:125:9)
<asynchronous suspension>
<asynchronous suspension>
#8      expectLater.<anonymous closure> (package:flutter_test/src/widget_tester.dart:509:19)
<asynchronous suspension>
#9      main.<anonymous closure>.<anonymous closure> (file:///Users/wballard/github/reorderable_tree_list_view/test/golden/visual_regression_test.dart:112:7)
<asynchronous suspension>
#10     testWidgets.<anonymous closure>.<anonymous closure> (package:flutter_test/src/widget_tester.dart:193:15)
<asynchronous suspension>
#11     TestWidgetsFlutterBinding._runTestBody (package:flutter_test/src/binding.dart:1064:5)
<asynchronous suspension>
<asynchronous suspension>
(elided 7 frames from dart:async and package:stack_trace)

The test description was:
  dark theme
════════════════════════════════════════════════════════════════════════════════════════════════════
00:01 +81 -18: /Users/wballard/github/reorderable_tree_list_view/test/theme/tree_theme_test.dart: TreeTheme should be accessible via InheritedWidget
00:01 +81 -18: /Users/wballard/github/reorderable_tree_list_view/test/golden/visual_regression_test.dart: Visual Regression Tests dark theme [E]
  Test failed. See exception logs above.
  The test description was: dark theme
  
00:01 +81 -18: /Users/wballard/github/reorderable_tree_list_view/test/integration/actions_intents_integration_test.dart: Actions and Intents Integration action availability and enablement
══╡ EXCEPTION CAUGHT BY FLUTTER TEST FRAMEWORK ╞════════════════════════════════════════════════════
The following assertion was thrown running a test:
The finder "Found 0 widgets with text "folder1" descending from widgets with type
"ReorderableTreeListViewItem": []" (used in a call to "tap()") could not find any matching widgets.

When the exception was thrown, this was the stack:
#0      WidgetController._getElementPoint (package:flutter_test/src/controller.dart:2009:7)
#1      WidgetController.getCenter (package:flutter_test/src/controller.dart:1861:12)
#2      WidgetController.tap (package:flutter_test/src/controller.dart:1041:7)
#3      main.<anonymous closure>.<anonymous closure> (file:///Users/wballard/github/reorderable_tree_list_view/test/integration/actions_intents_integration_test.dart:335:20)
<asynchronous suspension>
#4      testWidgets.<anonymous closure>.<anonymous closure> (package:flutter_test/src/widget_tester.dart:193:15)
<asynchronous suspension>
#5      TestWidgetsFlutterBinding._runTestBody (package:flutter_test/src/binding.dart:1064:5)
<asynchronous suspension>
<asynchronous suspension>
(elided one frame from package:stack_trace)

The test description was:
  action availability and enablement
════════════════════════════════════════════════════════════════════════════════════════════════════
══╡ EXCEPTION CAUGHT BY FLUTTER TEST FRAMEWORK ╞════════════════════════════════════════════════════
The following message was thrown:
Multiple exceptions (3) were detected during the running of the current test, and at least one was
unexpected.
════════════════════════════════════════════════════════════════════════════════════════════════════
00:01 +81 -19: /Users/wballard/github/reorderable_tree_list_view/test/theme/tree_theme_test.dart: TreeTheme should be accessible via InheritedWidget
00:01 +81 -19: /Users/wballard/github/reorderable_tree_list_view/test/integration/actions_intents_integration_test.dart: Actions and Intents Integration action availability and enablement [E]
  Test failed. See exception logs above.
  The test description was: action availability and enablement
  
00:01 +82 -19: /Users/wballard/github/reorderable_tree_list_view/test/theme/tree_theme_test.dart: TreeTheme should be accessible via InheritedWidget
00:01 +83 -19: /Users/wballard/github/reorderable_tree_list_view/test/theme/tree_theme_test.dart: TreeTheme should be accessible via InheritedWidget
00:01 +84 -19: /Users/wballard/github/reorderable_tree_list_view/test/theme/tree_theme_test.dart: TreeTheme should be accessible via InheritedWidget
00:01 +85 -19: /Users/wballard/github/reorderable_tree_list_view/test/theme/tree_theme_test.dart: TreeTheme should be accessible via InheritedWidget
00:01 +86 -19: /Users/wballard/github/reorderable_tree_list_view/test/theme/tree_theme_test.dart: TreeTheme should be accessible via InheritedWidget
00:01 +87 -19: /Users/wballard/github/reorderable_tree_list_view/test/theme/tree_theme_test.dart: TreeTheme should be accessible via InheritedWidget
00:01 +88 -19: /Users/wballard/github/reorderable_tree_list_view/test/theme/tree_theme_test.dart: TreeTheme should be accessible via InheritedWidget
00:01 +89 -19: /Users/wballard/github/reorderable_tree_list_view/test/theme/tree_theme_test.dart: TreeTheme should be accessible via InheritedWidget
00:01 +90 -19: /Users/wballard/github/reorderable_tree_list_view/test/theme/tree_theme_test.dart: TreeTheme should be accessible via InheritedWidget
00:01 +91 -19: /Users/wballard/github/reorderable_tree_list_view/test/theme/tree_theme_test.dart: TreeTheme should be accessible via InheritedWidget
00:01 +92 -19: /Users/wballard/github/reorderable_tree_list_view/test/theme/tree_theme_test.dart: TreeTheme should be accessible via InheritedWidget
00:01 +93 -19: /Users/wballard/github/reorderable_tree_list_view/test/theme/tree_theme_test.dart: TreeTheme should be accessible via InheritedWidget
00:01 +93 -19: /Users/wballard/github/reorderable_tree_list_view/test/golden/visual_regression_test.dart: Visual Regression Tests selected items state
══╡ EXCEPTION CAUGHT BY FLUTTER TEST FRAMEWORK ╞════════════════════════════════════════════════════
The following TestFailure was thrown running a test:
Expected: one widget whose rasterized image matches golden image "selected_items_state.png"
  Actual: _TypeWidgetFinder:<Found 1 widget with type "ReorderableTreeListView": [
            ReorderableTreeListView(state: _ReorderableTreeListViewState#a04ca),
          ]>
   Which: Could not be compared against non-existent file: "selected_items_state.png"

When the exception was thrown, this was the stack:
#0      fail (package:matcher/src/expect/expect.dart:149:31)
#1      _expect.<anonymous closure> (package:matcher/src/expect/expect.dart:125:9)
<asynchronous suspension>
<asynchronous suspension>
#8      expectLater.<anonymous closure> (package:flutter_test/src/widget_tester.dart:509:19)
<asynchronous suspension>
#9      main.<anonymous closure>.<anonymous closure> (file:///Users/wballard/github/reorderable_tree_list_view/test/golden/visual_regression_test.dart:159:7)
<asynchronous suspension>
#10     testWidgets.<anonymous closure>.<anonymous closure> (package:flutter_test/src/widget_tester.dart:193:15)
<asynchronous suspension>
#11     TestWidgetsFlutterBinding._runTestBody (package:flutter_test/src/binding.dart:1064:5)
<asynchronous suspension>
<asynchronous suspension>
(elided 7 frames from dart:async and package:stack_trace)

The test description was:
  selected items state
════════════════════════════════════════════════════════════════════════════════════════════════════
00:01 +93 -20: /Users/wballard/github/reorderable_tree_list_view/test/theme/tree_theme_test.dart: TreeTheme should be accessible via InheritedWidget
00:01 +93 -20: /Users/wballard/github/reorderable_tree_list_view/test/golden/visual_regression_test.dart: Visual Regression Tests selected items state [E]
  Test failed. See exception logs above.
  The test description was: selected items state
  
00:01 +94 -20: /Users/wballard/github/reorderable_tree_list_view/test/golden/visual_regression_test.dart: Visual Regression Tests drag feedback visual
00:01 +95 -20: /Users/wballard/github/reorderable_tree_list_view/test/golden/visual_regression_test.dart: Visual Regression Tests drag feedback visual
00:01 +96 -20: /Users/wballard/github/reorderable_tree_list_view/test/golden/visual_regression_test.dart: Visual Regression Tests drag feedback visual
00:01 +97 -20: /Users/wballard/github/reorderable_tree_list_view/test/golden/visual_regression_test.dart: Visual Regression Tests drag feedback visual
00:01 +98 -20: /Users/wballard/github/reorderable_tree_list_view/test/golden/visual_regression_test.dart: Visual Regression Tests drag feedback visual
00:01 +99 -20: /Users/wballard/github/reorderable_tree_list_view/test/golden/visual_regression_test.dart: Visual Regression Tests drag feedback visual
00:01 +100 -20: /Users/wballard/github/reorderable_tree_list_view/test/golden/visual_regression_test.dart: Visual Regression Tests drag feedback visual
00:01 +101 -20: /Users/wballard/github/reorderable_tree_list_view/test/golden/visual_regression_test.dart: Visual Regression Tests drag feedback visual
00:01 +102 -20: /Users/wballard/github/reorderable_tree_list_view/test/golden/visual_regression_test.dart: Visual Regression Tests drag feedback visual
00:01 +103 -20: /Users/wballard/github/reorderable_tree_list_view/test/golden/visual_regression_test.dart: Visual Regression Tests drag feedback visual
00:01 +104 -20: /Users/wballard/github/reorderable_tree_list_view/test/golden/visual_regression_test.dart: Visual Regression Tests drag feedback visual
══╡ EXCEPTION CAUGHT BY FLUTTER TEST FRAMEWORK ╞════════════════════════════════════════════════════
The following TestFailure was thrown running a test:
Expected: one widget whose rasterized image matches golden image "drag_feedback_visual.png"
  Actual: _TypeWidgetFinder:<Found 1 widget with type "MaterialApp": [
            MaterialApp(state: _MaterialAppState#7899c),
          ]>
   Which: Could not be compared against non-existent file: "drag_feedback_visual.png"

When the exception was thrown, this was the stack:
#0      fail (package:matcher/src/expect/expect.dart:149:31)
#1      _expect.<anonymous closure> (package:matcher/src/expect/expect.dart:125:9)
<asynchronous suspension>
<asynchronous suspension>
#8      expectLater.<anonymous closure> (package:flutter_test/src/widget_tester.dart:509:19)
<asynchronous suspension>
#9      main.<anonymous closure>.<anonymous closure> (file:///Users/wballard/github/reorderable_tree_list_view/test/golden/visual_regression_test.dart:213:7)
<asynchronous suspension>
#10     testWidgets.<anonymous closure>.<anonymous closure> (package:flutter_test/src/widget_tester.dart:193:15)
<asynchronous suspension>
#11     TestWidgetsFlutterBinding._runTestBody (package:flutter_test/src/binding.dart:1064:5)
<asynchronous suspension>
<asynchronous suspension>
(elided 7 frames from dart:async and package:stack_trace)

The test description was:
  drag feedback visual
════════════════════════════════════════════════════════════════════════════════════════════════════
00:02 +104 -21: /Users/wballard/github/reorderable_tree_list_view/test/performance/rebuild_efficiency_test.dart: Rebuild Efficiency should minimize rebuilds on state changes
00:02 +104 -21: /Users/wballard/github/reorderable_tree_list_view/test/golden/visual_regression_test.dart: Visual Regression Tests drag feedback visual [E]
  Test failed. See exception logs above.
  The test description was: drag feedback visual
  
00:02 +104 -21: /Users/wballard/github/reorderable_tree_list_view/test/golden/visual_regression_test.dart: Visual Regression Tests custom indentation
══╡ EXCEPTION CAUGHT BY FLUTTER TEST FRAMEWORK ╞════════════════════════════════════════════════════
The following TestFailure was thrown running a test:
Expected: one widget whose rasterized image matches golden image "custom_indentation.png"
  Actual: _TypeWidgetFinder:<Found 1 widget with type "ReorderableTreeListView": [
            ReorderableTreeListView(state: _ReorderableTreeListViewState#abaae),
          ]>
   Which: Could not be compared against non-existent file: "custom_indentation.png"

When the exception was thrown, this was the stack:
#0      fail (package:matcher/src/expect/expect.dart:149:31)
#1      _expect.<anonymous closure> (package:matcher/src/expect/expect.dart:125:9)
<asynchronous suspension>
<asynchronous suspension>
#8      expectLater.<anonymous closure> (package:flutter_test/src/widget_tester.dart:509:19)
<asynchronous suspension>
#9      main.<anonymous closure>.<anonymous closure> (file:///Users/wballard/github/reorderable_tree_list_view/test/golden/visual_regression_test.dart:256:7)
<asynchronous suspension>
#10     testWidgets.<anonymous closure>.<anonymous closure> (package:flutter_test/src/widget_tester.dart:193:15)
<asynchronous suspension>
#11     TestWidgetsFlutterBinding._runTestBody (package:flutter_test/src/binding.dart:1064:5)
<asynchronous suspension>
<asynchronous suspension>
(elided 7 frames from dart:async and package:stack_trace)

The test description was:
  custom indentation
════════════════════════════════════════════════════════════════════════════════════════════════════
00:02 +104 -22: /Users/wballard/github/reorderable_tree_list_view/test/performance/rebuild_efficiency_test.dart: Rebuild Efficiency should minimize rebuilds on state changes
00:02 +104 -22: /Users/wballard/github/reorderable_tree_list_view/test/golden/visual_regression_test.dart: Visual Regression Tests custom indentation [E]
  Test failed. See exception logs above.
  The test description was: custom indentation
  
00:02 +104 -22: /Users/wballard/github/reorderable_tree_list_view/test/golden/visual_regression_test.dart: Visual Regression Tests compact density
══╡ EXCEPTION CAUGHT BY FLUTTER TEST FRAMEWORK ╞════════════════════════════════════════════════════
The following TestFailure was thrown running a test:
Expected: one widget whose rasterized image matches golden image "compact_density.png"
  Actual: _TypeWidgetFinder:<Found 1 widget with type "ReorderableTreeListView": [
            ReorderableTreeListView(state: _ReorderableTreeListViewState#16e74),
          ]>
   Which: Could not be compared against non-existent file: "compact_density.png"

When the exception was thrown, this was the stack:
#0      fail (package:matcher/src/expect/expect.dart:149:31)
#1      _expect.<anonymous closure> (package:matcher/src/expect/expect.dart:125:9)
<asynchronous suspension>
<asynchronous suspension>
#8      expectLater.<anonymous closure> (package:flutter_test/src/widget_tester.dart:509:19)
<asynchronous suspension>
#9      main.<anonymous closure>.<anonymous closure> (file:///Users/wballard/github/reorderable_tree_list_view/test/golden/visual_regression_test.dart:299:7)
<asynchronous suspension>
#10     testWidgets.<anonymous closure>.<anonymous closure> (package:flutter_test/src/widget_tester.dart:193:15)
<asynchronous suspension>
#11     TestWidgetsFlutterBinding._runTestBody (package:flutter_test/src/binding.dart:1064:5)
<asynchronous suspension>
<asynchronous suspension>
(elided 7 frames from dart:async and package:stack_trace)

The test description was:
  compact density
════════════════════════════════════════════════════════════════════════════════════════════════════
00:02 +104 -23: /Users/wballard/github/reorderable_tree_list_view/test/performance/rebuild_efficiency_test.dart: Rebuild Efficiency should minimize rebuilds on state changes
00:02 +104 -23: /Users/wballard/github/reorderable_tree_list_view/test/golden/visual_regression_test.dart: Visual Regression Tests compact density [E]
  Test failed. See exception logs above.
  The test description was: compact density
  
00:02 +104 -23: /Users/wballard/github/reorderable_tree_list_view/test/golden/visual_regression_test.dart: Visual Regression Tests mixed content types
══╡ EXCEPTION CAUGHT BY FLUTTER TEST FRAMEWORK ╞════════════════════════════════════════════════════
The following TestFailure was thrown running a test:
Expected: one widget whose rasterized image matches golden image "mixed_content_types.png"
  Actual: _TypeWidgetFinder:<Found 1 widget with type "ReorderableTreeListView": [
            ReorderableTreeListView(state: _ReorderableTreeListViewState#2979c),
          ]>
   Which: Could not be compared against non-existent file: "mixed_content_types.png"

When the exception was thrown, this was the stack:
#0      fail (package:matcher/src/expect/expect.dart:149:31)
#1      _expect.<anonymous closure> (package:matcher/src/expect/expect.dart:125:9)
<asynchronous suspension>
<asynchronous suspension>
#8      expectLater.<anonymous closure> (package:flutter_test/src/widget_tester.dart:509:19)
<asynchronous suspension>
#9      main.<anonymous closure>.<anonymous closure> (file:///Users/wballard/github/reorderable_tree_list_view/test/golden/visual_regression_test.dart:368:7)
<asynchronous suspension>
#10     testWidgets.<anonymous closure>.<anonymous closure> (package:flutter_test/src/widget_tester.dart:193:15)
<asynchronous suspension>
#11     TestWidgetsFlutterBinding._runTestBody (package:flutter_test/src/binding.dart:1064:5)
<asynchronous suspension>
<asynchronous suspension>
(elided 7 frames from dart:async and package:stack_trace)

The test description was:
  mixed content types
════════════════════════════════════════════════════════════════════════════════════════════════════
00:02 +104 -24: /Users/wballard/github/reorderable_tree_list_view/test/performance/rebuild_efficiency_test.dart: Rebuild Efficiency should minimize rebuilds on state changes
00:02 +104 -24: /Users/wballard/github/reorderable_tree_list_view/test/golden/visual_regression_test.dart: Visual Regression Tests mixed content types [E]
  Test failed. See exception logs above.
  The test description was: mixed content types
  
00:02 +104 -24: /Users/wballard/github/reorderable_tree_list_view/test/performance/rebuild_efficiency_test.dart: Rebuild Efficiency should minimize rebuilds on state changes
══╡ EXCEPTION CAUGHT BY FLUTTER TEST FRAMEWORK ╞════════════════════════════════════════════════════
The following _TypeError was thrown running a test:
type 'String' is not a subtype of type 'Uri' in type cast

When the exception was thrown, this was the stack:
#0      new LinkedHashMap.from.<anonymous closure> (dart:collection/linked_hash_map.dart:193:16)
#1      _LinkedHashMapMixin.forEach (dart:_compact_hash:764:13)
#2      new LinkedHashMap.from (dart:collection/linked_hash_map.dart:192:11)
#3      main.<anonymous closure>.<anonymous closure> (file:///Users/wballard/github/reorderable_tree_list_view/test/performance/rebuild_efficiency_test.dart:32:47)
<asynchronous suspension>
#4      testWidgets.<anonymous closure>.<anonymous closure> (package:flutter_test/src/widget_tester.dart:193:15)
<asynchronous suspension>
#5      TestWidgetsFlutterBinding._runTestBody (package:flutter_test/src/binding.dart:1064:5)
<asynchronous suspension>
<asynchronous suspension>
(elided one frame from package:stack_trace)

The test description was:
  should minimize rebuilds on state changes
════════════════════════════════════════════════════════════════════════════════════════════════════
00:02 +104 -25: /Users/wballard/github/reorderable_tree_list_view/test/performance/large_dataset_test.dart: Large Dataset Performance should render 1000+ items efficiently
00:02 +104 -25: /Users/wballard/github/reorderable_tree_list_view/test/performance/rebuild_efficiency_test.dart: Rebuild Efficiency should minimize rebuilds on state changes [E]
  Test failed. See exception logs above.
  The test description was: should minimize rebuilds on state changes
  
00:02 +105 -25: /Users/wballard/github/reorderable_tree_list_view/test/accessibility/screen_reader_test.dart: Screen Reader Accessibility should provide semantic labels for all items
00:02 +106 -25: /Users/wballard/github/reorderable_tree_list_view/test/accessibility/screen_reader_test.dart: Screen Reader Accessibility should provide semantic labels for all items
00:02 +107 -25: /Users/wballard/github/reorderable_tree_list_view/test/accessibility/keyboard_test.dart: Keyboard Accessibility should support tab traversal
00:02 +108 -25: /Users/wballard/github/reorderable_tree_list_view/test/accessibility/keyboard_test.dart: Keyboard Accessibility should support tab traversal
00:02 +108 -25: /Users/wballard/github/reorderable_tree_list_view/test/performance/large_dataset_test.dart: Large Dataset Performance should handle expansion of large folders
══╡ EXCEPTION CAUGHT BY FLUTTER TEST FRAMEWORK ╞════════════════════════════════════════════════════
The following assertion was thrown running a test:
The finder "Found 0 widgets with text "folder0" descending from widgets with type
"ReorderableTreeListViewItem": []" (used in a call to "tap()") could not find any matching widgets.

When the exception was thrown, this was the stack:
#0      WidgetController._getElementPoint (package:flutter_test/src/controller.dart:2009:7)
#1      WidgetController.getCenter (package:flutter_test/src/controller.dart:1861:12)
#2      WidgetController.tap (package:flutter_test/src/controller.dart:1041:7)
#3      main.<anonymous closure>.<anonymous closure> (file:///Users/wballard/github/reorderable_tree_list_view/test/performance/large_dataset_test.dart:73:20)
<asynchronous suspension>
#4      testWidgets.<anonymous closure>.<anonymous closure> (package:flutter_test/src/widget_tester.dart:193:15)
<asynchronous suspension>
#5      TestWidgetsFlutterBinding._runTestBody (package:flutter_test/src/binding.dart:1064:5)
<asynchronous suspension>
<asynchronous suspension>
(elided one frame from package:stack_trace)

The test description was:
  should handle expansion of large folders
════════════════════════════════════════════════════════════════════════════════════════════════════
00:02 +108 -26: /Users/wballard/github/reorderable_tree_list_view/test/accessibility/keyboard_test.dart: Keyboard Accessibility should support tab traversal
00:02 +108 -26: /Users/wballard/github/reorderable_tree_list_view/test/performance/large_dataset_test.dart: Large Dataset Performance should handle expansion of large folders [E]
  Test failed. See exception logs above.
  The test description was: should handle expansion of large folders
  
00:02 +108 -26: /Users/wballard/github/reorderable_tree_list_view/test/performance/rebuild_efficiency_test.dart: Rebuild Efficiency should not rebuild on scroll
══╡ EXCEPTION CAUGHT BY FLUTTER TEST FRAMEWORK ╞════════════════════════════════════════════════════
The following TestFailure was thrown running a test:
Expected: a value less than <23>
  Actual: <33>
   Which: is not a value less than <23>

When the exception was thrown, this was the stack:
#4      main.<anonymous closure>.<anonymous closure> (file:///Users/wballard/github/reorderable_tree_list_view/test/performance/rebuild_efficiency_test.dart:75:7)
<asynchronous suspension>
#5      testWidgets.<anonymous closure>.<anonymous closure> (package:flutter_test/src/widget_tester.dart:193:15)
<asynchronous suspension>
#6      TestWidgetsFlutterBinding._runTestBody (package:flutter_test/src/binding.dart:1064:5)
<asynchronous suspension>
<asynchronous suspension>
(elided one frame from package:stack_trace)

This was caught by the test expectation on the following line:
  file:///Users/wballard/github/reorderable_tree_list_view/test/performance/rebuild_efficiency_test.dart line 75
The test description was:
  should not rebuild on scroll
════════════════════════════════════════════════════════════════════════════════════════════════════
00:02 +108 -27: /Users/wballard/github/reorderable_tree_list_view/test/accessibility/keyboard_test.dart: Keyboard Accessibility should support tab traversal
00:02 +108 -27: /Users/wballard/github/reorderable_tree_list_view/test/performance/rebuild_efficiency_test.dart: Rebuild Efficiency should not rebuild on scroll [E]
  Test failed. See exception logs above.
  The test description was: should not rebuild on scroll
  
00:02 +108 -27: /Users/wballard/github/reorderable_tree_list_view/test/accessibility/screen_reader_test.dart: Screen Reader Accessibility should announce expansion state changes
══╡ EXCEPTION CAUGHT BY FLUTTER TEST FRAMEWORK ╞════════════════════════════════════════════════════
The following assertion was thrown running a test:
The finder "Found 0 widgets with text "folder1" descending from widgets with type
"ReorderableTreeListViewItem": []" (used in a call to "tap()") could not find any matching widgets.

When the exception was thrown, this was the stack:
#0      WidgetController._getElementPoint (package:flutter_test/src/controller.dart:2009:7)
#1      WidgetController.getCenter (package:flutter_test/src/controller.dart:1861:12)
#2      WidgetController.tap (package:flutter_test/src/controller.dart:1041:7)
#3      main.<anonymous closure>.<anonymous closure> (file:///Users/wballard/github/reorderable_tree_list_view/test/accessibility/screen_reader_test.dart:53:20)
<asynchronous suspension>
#4      testWidgets.<anonymous closure>.<anonymous closure> (package:flutter_test/src/widget_tester.dart:193:15)
<asynchronous suspension>
#5      TestWidgetsFlutterBinding._runTestBody (package:flutter_test/src/binding.dart:1064:5)
<asynchronous suspension>
<asynchronous suspension>
(elided one frame from package:stack_trace)

The test description was:
  should announce expansion state changes
════════════════════════════════════════════════════════════════════════════════════════════════════
00:02 +108 -28: /Users/wballard/github/reorderable_tree_list_view/test/accessibility/keyboard_test.dart: Keyboard Accessibility should support tab traversal
00:02 +108 -28: /Users/wballard/github/reorderable_tree_list_view/test/accessibility/screen_reader_test.dart: Screen Reader Accessibility should announce expansion state changes [E]
  Test failed. See exception logs above.
  The test description was: should announce expansion state changes
  
00:03 +108 -28: /Users/wballard/github/reorderable_tree_list_view/test/performance/rebuild_efficiency_test.dart: Rebuild Efficiency should efficiently handle selection changes
══╡ EXCEPTION CAUGHT BY FLUTTER TEST FRAMEWORK ╞════════════════════════════════════════════════════
The following TestFailure was thrown running a test:
Expected: <1>
  Actual: <9>

When the exception was thrown, this was the stack:
#4      main.<anonymous closure>.<anonymous closure> (file:///Users/wballard/github/reorderable_tree_list_view/test/performance/rebuild_efficiency_test.dart:115:7)
<asynchronous suspension>
#5      testWidgets.<anonymous closure>.<anonymous closure> (package:flutter_test/src/widget_tester.dart:193:15)
<asynchronous suspension>
#6      TestWidgetsFlutterBinding._runTestBody (package:flutter_test/src/binding.dart:1064:5)
<asynchronous suspension>
<asynchronous suspension>
(elided one frame from package:stack_trace)

This was caught by the test expectation on the following line:
  file:///Users/wballard/github/reorderable_tree_list_view/test/performance/rebuild_efficiency_test.dart line 115
The test description was:
  should efficiently handle selection changes
════════════════════════════════════════════════════════════════════════════════════════════════════
00:03 +108 -29: /Users/wballard/github/reorderable_tree_list_view/test/accessibility/keyboard_test.dart: Keyboard Accessibility should support tab traversal
00:03 +108 -29: /Users/wballard/github/reorderable_tree_list_view/test/performance/rebuild_efficiency_test.dart: Rebuild Efficiency should efficiently handle selection changes [E]
  Test failed. See exception logs above.
  The test description was: should efficiently handle selection changes
  
00:03 +109 -29: /Users/wballard/github/reorderable_tree_list_view/test/accessibility/keyboard_test.dart: Keyboard Accessibility should support tab traversal
00:03 +110 -29: /Users/wballard/github/reorderable_tree_list_view/test/accessibility/keyboard_test.dart: Keyboard Accessibility should support tab traversal
00:03 +110 -29: /Users/wballard/github/reorderable_tree_list_view/test/performance/large_dataset_test.dart: Large Dataset Performance should not rebuild unnecessary widgets
══╡ EXCEPTION CAUGHT BY FLUTTER TEST FRAMEWORK ╞════════════════════════════════════════════════════
The following assertion was thrown running a test:
The finder "Found 0 widgets with text "folder0" descending from widgets with type
"ReorderableTreeListViewItem": []" (used in a call to "tap()") could not find any matching widgets.

When the exception was thrown, this was the stack:
#0      WidgetController._getElementPoint (package:flutter_test/src/controller.dart:2009:7)
#1      WidgetController.getCenter (package:flutter_test/src/controller.dart:1861:12)
#2      WidgetController.tap (package:flutter_test/src/controller.dart:1041:7)
#3      main.<anonymous closure>.<anonymous closure> (file:///Users/wballard/github/reorderable_tree_list_view/test/performance/large_dataset_test.dart:133:20)
<asynchronous suspension>
#4      testWidgets.<anonymous closure>.<anonymous closure> (package:flutter_test/src/widget_tester.dart:193:15)
<asynchronous suspension>
#5      TestWidgetsFlutterBinding._runTestBody (package:flutter_test/src/binding.dart:1064:5)
<asynchronous suspension>
<asynchronous suspension>
(elided one frame from package:stack_trace)

The test description was:
  should not rebuild unnecessary widgets
════════════════════════════════════════════════════════════════════════════════════════════════════
00:03 +110 -30: /Users/wballard/github/reorderable_tree_list_view/test/accessibility/keyboard_test.dart: Keyboard Accessibility should support tab traversal
00:03 +110 -30: /Users/wballard/github/reorderable_tree_list_view/test/performance/large_dataset_test.dart: Large Dataset Performance should not rebuild unnecessary widgets [E]
  Test failed. See exception logs above.
  The test description was: should not rebuild unnecessary widgets
  
00:03 +110 -30: /Users/wballard/github/reorderable_tree_list_view/test/accessibility/keyboard_test.dart: Keyboard Accessibility should support tab traversal
══╡ EXCEPTION CAUGHT BY FLUTTER TEST FRAMEWORK ╞════════════════════════════════════════════════════
The following assertion was thrown running a test:
Focus.of() was called with a context that does not contain a Focus widget.
No Focus widget ancestor could be found starting from the context that was passed to Focus.of().
This can happen because you are using a widget that looks for a Focus ancestor, and do not have a
Focus widget descendant in the nearest FocusScope.
The context used was:
  ReorderableTreeListView(dependencies: [_FocusInheritedScope], state:
_ReorderableTreeListViewState#e25ba)

When the exception was thrown, this was the stack:
#0      Focus.of.<anonymous closure> (package:flutter/src/widgets/focus_scope.dart:406:9)
#1      Focus.of (package:flutter/src/widgets/focus_scope.dart:416:6)
#2      main.<anonymous closure>.<anonymous closure> (file:///Users/wballard/github/reorderable_tree_list_view/test/accessibility/keyboard_test.dart:34:41)
<asynchronous suspension>
#3      testWidgets.<anonymous closure>.<anonymous closure> (package:flutter_test/src/widget_tester.dart:193:15)
<asynchronous suspension>
#4      TestWidgetsFlutterBinding._runTestBody (package:flutter_test/src/binding.dart:1064:5)
<asynchronous suspension>
<asynchronous suspension>
(elided one frame from package:stack_trace)

The test description was:
  should support tab traversal
════════════════════════════════════════════════════════════════════════════════════════════════════
00:03 +110 -31: /Users/wballard/github/reorderable_tree_list_view/test/widgets/reorderable_tree_list_view_drag_drop_test.dart: ReorderableTreeListView Drag and Drop should call onReorder when item is moved
00:03 +110 -31: /Users/wballard/github/reorderable_tree_list_view/test/accessibility/keyboard_test.dart: Keyboard Accessibility should support tab traversal [E]
  Test failed. See exception logs above.
  The test description was: should support tab traversal
  
00:03 +110 -31: /Users/wballard/github/reorderable_tree_list_view/test/performance/rebuild_efficiency_test.dart: Rebuild Efficiency should cache expensive computations
══╡ EXCEPTION CAUGHT BY FLUTTER TEST FRAMEWORK ╞════════════════════════════════════════════════════
The following TestFailure was thrown running a test:
Expected: a value less than or equal to <14>
  Actual: <18>
   Which: is not a value less than or equal to <14>

When the exception was thrown, this was the stack:
#4      main.<anonymous closure>.<anonymous closure> (file:///Users/wballard/github/reorderable_tree_list_view/test/performance/rebuild_efficiency_test.dart:146:7)
<asynchronous suspension>
#5      testWidgets.<anonymous closure>.<anonymous closure> (package:flutter_test/src/widget_tester.dart:193:15)
<asynchronous suspension>
#6      TestWidgetsFlutterBinding._runTestBody (package:flutter_test/src/binding.dart:1064:5)
<asynchronous suspension>
<asynchronous suspension>
(elided one frame from package:stack_trace)

This was caught by the test expectation on the following line:
  file:///Users/wballard/github/reorderable_tree_list_view/test/performance/rebuild_efficiency_test.dart line 146
The test description was:
  should cache expensive computations
════════════════════════════════════════════════════════════════════════════════════════════════════
00:03 +110 -32: /Users/wballard/github/reorderable_tree_list_view/test/widgets/reorderable_tree_list_view_drag_drop_test.dart: ReorderableTreeListView Drag and Drop should call onReorder when item is moved
00:03 +110 -32: /Users/wballard/github/reorderable_tree_list_view/test/performance/rebuild_efficiency_test.dart: Rebuild Efficiency should cache expensive computations [E]
  Test failed. See exception logs above.
  The test description was: should cache expensive computations
  
00:03 +111 -32: /Users/wballard/github/reorderable_tree_list_view/test/widgets/reorderable_tree_list_view_drag_drop_test.dart: ReorderableTreeListView Drag and Drop should call onReorder when item is moved
00:03 +111 -32: /Users/wballard/github/reorderable_tree_list_view/test/accessibility/screen_reader_test.dart: Screen Reader Accessibility should announce selection changes
══╡ EXCEPTION CAUGHT BY FLUTTER TEST FRAMEWORK ╞════════════════════════════════════════════════════
The following TestFailure was thrown running a test:
Expected: non-empty
  Actual: Set:[]

When the exception was thrown, this was the stack:
#4      main.<anonymous closure>.<anonymous closure> (file:///Users/wballard/github/reorderable_tree_list_view/test/accessibility/screen_reader_test.dart:94:7)
<asynchronous suspension>
#5      testWidgets.<anonymous closure>.<anonymous closure> (package:flutter_test/src/widget_tester.dart:193:15)
<asynchronous suspension>
#6      TestWidgetsFlutterBinding._runTestBody (package:flutter_test/src/binding.dart:1064:5)
<asynchronous suspension>
<asynchronous suspension>
(elided one frame from package:stack_trace)

This was caught by the test expectation on the following line:
  file:///Users/wballard/github/reorderable_tree_list_view/test/accessibility/screen_reader_test.dart line 94
The test description was:
  should announce selection changes
════════════════════════════════════════════════════════════════════════════════════════════════════
00:03 +111 -33: /Users/wballard/github/reorderable_tree_list_view/test/widgets/reorderable_tree_list_view_drag_drop_test.dart: ReorderableTreeListView Drag and Drop should call onReorder when item is moved
00:03 +111 -33: /Users/wballard/github/reorderable_tree_list_view/test/accessibility/screen_reader_test.dart: Screen Reader Accessibility should announce selection changes [E]
  Test failed. See exception logs above.
  The test description was: should announce selection changes
  
00:03 +112 -33: /Users/wballard/github/reorderable_tree_list_view/test/widgets/reorderable_tree_list_view_drag_drop_test.dart: ReorderableTreeListView Drag and Drop should call onReorder when item is moved
00:03 +113 -33: /Users/wballard/github/reorderable_tree_list_view/test/widgets/reorderable_tree_list_view_drag_drop_test.dart: ReorderableTreeListView Drag and Drop should call onReorder when item is moved
00:03 +114 -33: /Users/wballard/github/reorderable_tree_list_view/test/widgets/reorderable_tree_list_view_drag_drop_test.dart: ReorderableTreeListView Drag and Drop should call onReorder when item is moved
00:03 +115 -33: /Users/wballard/github/reorderable_tree_list_view/test/widgets/reorderable_tree_list_view_expansion_test.dart: ReorderableTreeListView Expansion Integration initialization should expand all folders by default
00:03 +116 -33: /Users/wballard/github/reorderable_tree_list_view/test/widgets/reorderable_tree_list_view_expansion_test.dart: ReorderableTreeListView Expansion Integration initialization should expand all folders by default
00:03 +116 -33: /Users/wballard/github/reorderable_tree_list_view/test/performance/rebuild_efficiency_test.dart: Rebuild Efficiency should batch updates efficiently
══╡ EXCEPTION CAUGHT BY WIDGETS LIBRARY ╞═══════════════════════════════════════════════════════════
The following assertion was thrown building _InkResponseStateWidget(gestures: [tap], mouseCursor:
ButtonStyleButton_MouseCursor, clipped to BoxShape.rectangle, dirty, state:
_InkResponseState#46be3):
No Directionality widget found.
_InkResponseStateWidget widgets require a Directionality widget ancestor.
The specific widget that could not find a Directionality ancestor was:
  _InkResponseStateWidget
The ownership chain for the affected widget is: "_InkResponseStateWidget ← InkWell ←
  DefaultTextStyle ← AnimatedDefaultTextStyle ← _InkFeatures-[GlobalKey#03a71 ink renderer] ←
  NotificationListener<LayoutChangedNotification> ← CustomPaint ← _ShapeBorderPaint ← PhysicalShape
  ← _MaterialInterior ← ⋯"
Typically, the Directionality widget is introduced by the MaterialApp or WidgetsApp widget at the
top of your application widget tree. It determines the ambient reading direction and is used, for
example, to determine how to lay out text, how to interpret "start" and "end" values, and to resolve
EdgeInsetsDirectional, AlignmentDirectional, and other *Directional objects.

The relevant error-causing widget was:
  ElevatedButton
  ElevatedButton:file:///Users/wballard/github/reorderable_tree_list_view/test/performance/rebuild_efficiency_test.dart:217:15

When the exception was thrown, this was the stack:
#0      debugCheckHasDirectionality.<anonymous closure> (package:flutter/src/widgets/debug.dart:370:7)
#1      debugCheckHasDirectionality (package:flutter/src/widgets/debug.dart:392:4)
#2      InkResponse.debugCheckContext (package:flutter/src/material/ink_well.dart:705:12)
#3      _InkResponseState.build (package:flutter/src/material/ink_well.dart:1312:36)
#4      StatefulElement.build (package:flutter/src/widgets/framework.dart:5823:27)
#5      ComponentElement.performRebuild (package:flutter/src/widgets/framework.dart:5715:15)
#6      StatefulElement.performRebuild (package:flutter/src/widgets/framework.dart:5874:11)
#7      Element.rebuild (package:flutter/src/widgets/framework.dart:5427:7)
#8      ComponentElement._firstBuild (package:flutter/src/widgets/framework.dart:5697:5)
#9      StatefulElement._firstBuild (package:flutter/src/widgets/framework.dart:5865:11)
#10     ComponentElement.mount (package:flutter/src/widgets/framework.dart:5691:5)
...     Normal element mounting (75 frames)
#85     Element.inflateWidget (package:flutter/src/widgets/framework.dart:4539:16)
#86     MultiChildRenderObjectElement.inflateWidget (package:flutter/src/widgets/framework.dart:7159:36)
#87     MultiChildRenderObjectElement.mount (package:flutter/src/widgets/framework.dart:7175:32)
...     Normal element mounting (9 frames)
#96     Element.inflateWidget (package:flutter/src/widgets/framework.dart:4539:16)
#97     Element.updateChild (package:flutter/src/widgets/framework.dart:3998:20)
#98     ComponentElement.performRebuild (package:flutter/src/widgets/framework.dart:5738:16)
#99     Element.rebuild (package:flutter/src/widgets/framework.dart:5427:7)
#100    ProxyElement.update (package:flutter/src/widgets/framework.dart:6041:5)
#101    _InheritedNotifierElement.update (package:flutter/src/widgets/inherited_notifier.dart:108:11)
#102    Element.updateChild (package:flutter/src/widgets/framework.dart:3982:15)
#103    ComponentElement.performRebuild (package:flutter/src/widgets/framework.dart:5738:16)
#104    StatefulElement.performRebuild (package:flutter/src/widgets/framework.dart:5874:11)
#105    Element.rebuild (package:flutter/src/widgets/framework.dart:5427:7)
#106    StatefulElement.update (package:flutter/src/widgets/framework.dart:5899:5)
#107    Element.updateChild (package:flutter/src/widgets/framework.dart:3982:15)
#108    ComponentElement.performRebuild (package:flutter/src/widgets/framework.dart:5738:16)
#109    Element.rebuild (package:flutter/src/widgets/framework.dart:5427:7)
#110    ProxyElement.update (package:flutter/src/widgets/framework.dart:6041:5)
#111    _InheritedNotifierElement.update (package:flutter/src/widgets/inherited_notifier.dart:108:11)
#112    Element.updateChild (package:flutter/src/widgets/framework.dart:3982:15)
#113    ComponentElement.performRebuild (package:flutter/src/widgets/framework.dart:5738:16)
#114    StatefulElement.performRebuild (package:flutter/src/widgets/framework.dart:5874:11)
#115    Element.rebuild (package:flutter/src/widgets/framework.dart:5427:7)
#116    StatefulElement.update (package:flutter/src/widgets/framework.dart:5899:5)
#117    Element.updateChild (package:flutter/src/widgets/framework.dart:3982:15)
#118    ComponentElement.performRebuild (package:flutter/src/widgets/framework.dart:5738:16)
#119    StatefulElement.performRebuild (package:flutter/src/widgets/framework.dart:5874:11)
#120    Element.rebuild (package:flutter/src/widgets/framework.dart:5427:7)
#121    StatefulElement.update (package:flutter/src/widgets/framework.dart:5899:5)
#122    Element.updateChild (package:flutter/src/widgets/framework.dart:3982:15)
#123    ComponentElement.performRebuild (package:flutter/src/widgets/framework.dart:5738:16)
#124    Element.rebuild (package:flutter/src/widgets/framework.dart:5427:7)
#125    ProxyElement.update (package:flutter/src/widgets/framework.dart:6041:5)
#126    Element.updateChild (package:flutter/src/widgets/framework.dart:3982:15)
#127    ComponentElement.performRebuild (package:flutter/src/widgets/framework.dart:5738:16)
#128    StatefulElement.performRebuild (package:flutter/src/widgets/framework.dart:5874:11)
#129    Element.rebuild (package:flutter/src/widgets/framework.dart:5427:7)
#130    StatefulElement.update (package:flutter/src/widgets/framework.dart:5899:5)
#131    Element.updateChild (package:flutter/src/widgets/framework.dart:3982:15)
#132    ComponentElement.performRebuild (package:flutter/src/widgets/framework.dart:5738:16)
#133    Element.rebuild (package:flutter/src/widgets/framework.dart:5427:7)
#134    ProxyElement.update (package:flutter/src/widgets/framework.dart:6041:5)
#135    Element.updateChild (package:flutter/src/widgets/framework.dart:3982:15)
#136    ComponentElement.performRebuild (package:flutter/src/widgets/framework.dart:5738:16)
#137    Element.rebuild (package:flutter/src/widgets/framework.dart:5427:7)
#138    ProxyElement.update (package:flutter/src/widgets/framework.dart:6041:5)
#139    Element.updateChild (package:flutter/src/widgets/framework.dart:3982:15)
#140    _RawViewElement._updateChild (package:flutter/src/widgets/view.dart:481:16)
#141    _RawViewElement.update (package:flutter/src/widgets/view.dart:569:5)
#142    Element.updateChild (package:flutter/src/widgets/framework.dart:3982:15)
#143    ComponentElement.performRebuild (package:flutter/src/widgets/framework.dart:5738:16)
#144    Element.rebuild (package:flutter/src/widgets/framework.dart:5427:7)
#145    StatelessElement.update (package:flutter/src/widgets/framework.dart:5787:5)
#146    Element.updateChild (package:flutter/src/widgets/framework.dart:3982:15)
#147    ComponentElement.performRebuild (package:flutter/src/widgets/framework.dart:5738:16)
#148    StatefulElement.performRebuild (package:flutter/src/widgets/framework.dart:5874:11)
#149    Element.rebuild (package:flutter/src/widgets/framework.dart:5427:7)
#150    StatefulElement.update (package:flutter/src/widgets/framework.dart:5899:5)
#151    Element.updateChild (package:flutter/src/widgets/framework.dart:3982:15)
#152    RootElement._rebuild (package:flutter/src/widgets/binding.dart:1698:16)
#153    RootElement.update (package:flutter/src/widgets/binding.dart:1676:5)
#154    RootElement.performRebuild (package:flutter/src/widgets/binding.dart:1690:7)
#155    Element.rebuild (package:flutter/src/widgets/framework.dart:5427:7)
#156    BuildScope._tryRebuild (package:flutter/src/widgets/framework.dart:2694:15)
#157    BuildScope._flushDirtyElements (package:flutter/src/widgets/framework.dart:2752:11)
#158    BuildOwner.buildScope (package:flutter/src/widgets/framework.dart:3056:18)
#159    AutomatedTestWidgetsFlutterBinding.drawFrame (package:flutter_test/src/binding.dart:1515:19)
#160    RendererBinding._handlePersistentFrameCallback (package:flutter/src/rendering/binding.dart:495:5)
#161    SchedulerBinding._invokeFrameCallback (package:flutter/src/scheduler/binding.dart:1438:15)
#162    SchedulerBinding.handleDrawFrame (package:flutter/src/scheduler/binding.dart:1351:9)
#163    AutomatedTestWidgetsFlutterBinding.pump.<anonymous closure> (package:flutter_test/src/binding.dart:1340:9)
#166    TestAsyncUtils.guard (package:flutter_test/src/test_async_utils.dart:74:41)
#167    AutomatedTestWidgetsFlutterBinding.pump (package:flutter_test/src/binding.dart:1329:27)
#168    WidgetTester.pumpWidget.<anonymous closure> (package:flutter_test/src/widget_tester.dart:599:22)
#171    TestAsyncUtils.guard (package:flutter_test/src/test_async_utils.dart:74:41)
#172    WidgetTester.pumpWidget (package:flutter_test/src/widget_tester.dart:596:27)
#173    main.<anonymous closure>.<anonymous closure> (file:///Users/wballard/github/reorderable_tree_list_view/test/performance/rebuild_efficiency_test.dart:213:20)
#174    testWidgets.<anonymous closure>.<anonymous closure> (package:flutter_test/src/widget_tester.dart:193:29)
<asynchronous suspension>
#175    TestWidgetsFlutterBinding._runTestBody (package:flutter_test/src/binding.dart:1064:5)
<asynchronous suspension>
<asynchronous suspension>
(elided 5 frames from dart:async and package:stack_trace)

════════════════════════════════════════════════════════════════════════════════════════════════════
══╡ EXCEPTION CAUGHT BY WIDGETS LIBRARY ╞═══════════════════════════════════════════════════════════
The following assertion was thrown building ReorderableListView(dirty, state:
_ReorderableListViewState#f19bb):
No MaterialLocalizations found.
ReorderableListView widgets require MaterialLocalizations to be provided by a Localizations widget
ancestor.
The material library uses Localizations to generate messages, labels, and abbreviations.
To introduce a MaterialLocalizations, either use a MaterialApp at the root of your application to
include them automatically, or add a Localization widget with a MaterialLocalizations delegate.
The specific widget that could not find a MaterialLocalizations ancestor was:
  ReorderableListView
The ancestors of this widget were:
  ...
  _ActionsScope
  Actions
  Semantics
  _FocusInheritedScope
  Focus
  ...

The relevant error-causing widget was:
  ReorderableListView
  ReorderableListView:file:///Users/wballard/github/reorderable_tree_list_view/lib/src/widgets/reorderable_tree_list_view.dart:480:49

When the exception was thrown, this was the stack:
#0      debugCheckHasMaterialLocalizations.<anonymous closure> (package:flutter/src/material/debug.dart:97:7)
#1      debugCheckHasMaterialLocalizations (package:flutter/src/material/debug.dart:117:4)
#2      _ReorderableListViewState.build (package:flutter/src/material/reorderable_list.dart:420:12)
#3      StatefulElement.build (package:flutter/src/widgets/framework.dart:5823:27)
#4      ComponentElement.performRebuild (package:flutter/src/widgets/framework.dart:5715:15)
#5      StatefulElement.performRebuild (package:flutter/src/widgets/framework.dart:5874:11)
#6      Element.rebuild (package:flutter/src/widgets/framework.dart:5427:7)
#7      ComponentElement._firstBuild (package:flutter/src/widgets/framework.dart:5697:5)
#8      StatefulElement._firstBuild (package:flutter/src/widgets/framework.dart:5865:11)
#9      ComponentElement.mount (package:flutter/src/widgets/framework.dart:5691:5)
...     Normal element mounting (77 frames)
#86     Element.inflateWidget (package:flutter/src/widgets/framework.dart:4539:16)
#87     MultiChildRenderObjectElement.inflateWidget (package:flutter/src/widgets/framework.dart:7159:36)
#88     MultiChildRenderObjectElement.mount (package:flutter/src/widgets/framework.dart:7175:32)
...     Normal element mounting (9 frames)
#97     Element.inflateWidget (package:flutter/src/widgets/framework.dart:4539:16)
#98     Element.updateChild (package:flutter/src/widgets/framework.dart:3998:20)
#99     ComponentElement.performRebuild (package:flutter/src/widgets/framework.dart:5738:16)
#100    Element.rebuild (package:flutter/src/widgets/framework.dart:5427:7)
#101    ProxyElement.update (package:flutter/src/widgets/framework.dart:6041:5)
#102    _InheritedNotifierElement.update (package:flutter/src/widgets/inherited_notifier.dart:108:11)
#103    Element.updateChild (package:flutter/src/widgets/framework.dart:3982:15)
#104    ComponentElement.performRebuild (package:flutter/src/widgets/framework.dart:5738:16)
#105    StatefulElement.performRebuild (package:flutter/src/widgets/framework.dart:5874:11)
#106    Element.rebuild (package:flutter/src/widgets/framework.dart:5427:7)
#107    StatefulElement.update (package:flutter/src/widgets/framework.dart:5899:5)
#108    Element.updateChild (package:flutter/src/widgets/framework.dart:3982:15)
#109    ComponentElement.performRebuild (package:flutter/src/widgets/framework.dart:5738:16)
#110    Element.rebuild (package:flutter/src/widgets/framework.dart:5427:7)
#111    ProxyElement.update (package:flutter/src/widgets/framework.dart:6041:5)
#112    _InheritedNotifierElement.update (package:flutter/src/widgets/inherited_notifier.dart:108:11)
#113    Element.updateChild (package:flutter/src/widgets/framework.dart:3982:15)
#114    ComponentElement.performRebuild (package:flutter/src/widgets/framework.dart:5738:16)
#115    StatefulElement.performRebuild (package:flutter/src/widgets/framework.dart:5874:11)
#116    Element.rebuild (package:flutter/src/widgets/framework.dart:5427:7)
#117    StatefulElement.update (package:flutter/src/widgets/framework.dart:5899:5)
#118    Element.updateChild (package:flutter/src/widgets/framework.dart:3982:15)
#119    ComponentElement.performRebuild (package:flutter/src/widgets/framework.dart:5738:16)
#120    StatefulElement.performRebuild (package:flutter/src/widgets/framework.dart:5874:11)
#121    Element.rebuild (package:flutter/src/widgets/framework.dart:5427:7)
#122    StatefulElement.update (package:flutter/src/widgets/framework.dart:5899:5)
#123    Element.updateChild (package:flutter/src/widgets/framework.dart:3982:15)
#124    ComponentElement.performRebuild (package:flutter/src/widgets/framework.dart:5738:16)
#125    Element.rebuild (package:flutter/src/widgets/framework.dart:5427:7)
#126    ProxyElement.update (package:flutter/src/widgets/framework.dart:6041:5)
#127    Element.updateChild (package:flutter/src/widgets/framework.dart:3982:15)
#128    ComponentElement.performRebuild (package:flutter/src/widgets/framework.dart:5738:16)
#129    StatefulElement.performRebuild (package:flutter/src/widgets/framework.dart:5874:11)
#130    Element.rebuild (package:flutter/src/widgets/framework.dart:5427:7)
#131    StatefulElement.update (package:flutter/src/widgets/framework.dart:5899:5)
#132    Element.updateChild (package:flutter/src/widgets/framework.dart:3982:15)
#133    ComponentElement.performRebuild (package:flutter/src/widgets/framework.dart:5738:16)
#134    Element.rebuild (package:flutter/src/widgets/framework.dart:5427:7)
#135    ProxyElement.update (package:flutter/src/widgets/framework.dart:6041:5)
#136    Element.updateChild (package:flutter/src/widgets/framework.dart:3982:15)
#137    ComponentElement.performRebuild (package:flutter/src/widgets/framework.dart:5738:16)
#138    Element.rebuild (package:flutter/src/widgets/framework.dart:5427:7)
#139    ProxyElement.update (package:flutter/src/widgets/framework.dart:6041:5)
#140    Element.updateChild (package:flutter/src/widgets/framework.dart:3982:15)
#141    _RawViewElement._updateChild (package:flutter/src/widgets/view.dart:481:16)
#142    _RawViewElement.update (package:flutter/src/widgets/view.dart:569:5)
#143    Element.updateChild (package:flutter/src/widgets/framework.dart:3982:15)
#144    ComponentElement.performRebuild (package:flutter/src/widgets/framework.dart:5738:16)
#145    Element.rebuild (package:flutter/src/widgets/framework.dart:5427:7)
#146    StatelessElement.update (package:flutter/src/widgets/framework.dart:5787:5)
#147    Element.updateChild (package:flutter/src/widgets/framework.dart:3982:15)
#148    ComponentElement.performRebuild (package:flutter/src/widgets/framework.dart:5738:16)
#149    StatefulElement.performRebuild (package:flutter/src/widgets/framework.dart:5874:11)
#150    Element.rebuild (package:flutter/src/widgets/framework.dart:5427:7)
#151    StatefulElement.update (package:flutter/src/widgets/framework.dart:5899:5)
#152    Element.updateChild (package:flutter/src/widgets/framework.dart:3982:15)
#153    RootElement._rebuild (package:flutter/src/widgets/binding.dart:1698:16)
#154    RootElement.update (package:flutter/src/widgets/binding.dart:1676:5)
#155    RootElement.performRebuild (package:flutter/src/widgets/binding.dart:1690:7)
#156    Element.rebuild (package:flutter/src/widgets/framework.dart:5427:7)
#157    BuildScope._tryRebuild (package:flutter/src/widgets/framework.dart:2694:15)
#158    BuildScope._flushDirtyElements (package:flutter/src/widgets/framework.dart:2752:11)
#159    BuildOwner.buildScope (package:flutter/src/widgets/framework.dart:3056:18)
#160    AutomatedTestWidgetsFlutterBinding.drawFrame (package:flutter_test/src/binding.dart:1515:19)
#161    RendererBinding._handlePersistentFrameCallback (package:flutter/src/rendering/binding.dart:495:5)
#162    SchedulerBinding._invokeFrameCallback (package:flutter/src/scheduler/binding.dart:1438:15)
#163    SchedulerBinding.handleDrawFrame (package:flutter/src/scheduler/binding.dart:1351:9)
#164    AutomatedTestWidgetsFlutterBinding.pump.<anonymous closure> (package:flutter_test/src/binding.dart:1340:9)
#167    TestAsyncUtils.guard (package:flutter_test/src/test_async_utils.dart:74:41)
#168    AutomatedTestWidgetsFlutterBinding.pump (package:flutter_test/src/binding.dart:1329:27)
#169    WidgetTester.pumpWidget.<anonymous closure> (package:flutter_test/src/widget_tester.dart:599:22)
#172    TestAsyncUtils.guard (package:flutter_test/src/test_async_utils.dart:74:41)
#173    WidgetTester.pumpWidget (package:flutter_test/src/widget_tester.dart:596:27)
#174    main.<anonymous closure>.<anonymous closure> (file:///Users/wballard/github/reorderable_tree_list_view/test/performance/rebuild_efficiency_test.dart:213:20)
#175    testWidgets.<anonymous closure>.<anonymous closure> (package:flutter_test/src/widget_tester.dart:193:29)
<asynchronous suspension>
#176    TestWidgetsFlutterBinding._runTestBody (package:flutter_test/src/binding.dart:1064:5)
<asynchronous suspension>
<asynchronous suspension>
(elided 5 frames from dart:async and package:stack_trace)

════════════════════════════════════════════════════════════════════════════════════════════════════
══╡ EXCEPTION CAUGHT BY RENDERING LIBRARY ╞═════════════════════════════════════════════════════════
The following assertion was thrown during layout:
A RenderFlex overflowed by 99400 pixels on the bottom.

The relevant error-causing widget was:
  Column
  Column:file:///Users/wballard/github/reorderable_tree_list_view/test/performance/rebuild_efficiency_test.dart:215:18

The overflowing RenderFlex has an orientation of Axis.vertical.
The edge of the RenderFlex that is overflowing has been marked in the rendering with a yellow and
black striped pattern. This is usually caused by the contents being too big for the RenderFlex.
Consider applying a flex factor (e.g. using an Expanded widget) to force the children of the
RenderFlex to fit within the available space instead of being sized to their natural size.
This is considered an error condition because it indicates that there is content that cannot be
seen. If the content is legitimately bigger than the available space, consider clipping it with a
ClipRect widget before putting it in the flex, or using a scrollable container rather than a Flex,
like a ListView.
The specific RenderFlex in question is: RenderFlex#5ee6d OVERFLOWING:
  creator: Column ← StatefulBuilder ← _FocusInheritedScope ← _FocusScopeWithExternalFocusNode ←
    _FocusInheritedScope ← Focus ← FocusTraversalGroup ← MediaQuery ← _MediaQueryFromView ←
    _PipelineOwnerScope ← _ViewScope ← _RawViewInternal-[_DeprecatedRawViewKey TestFlutterView#211a3]
    ← ⋯
  parentData: <none>
  constraints: BoxConstraints(w=800.0, h=600.0)
  size: Size(800.0, 600.0)
  direction: vertical
  mainAxisAlignment: start
  mainAxisSize: max
  crossAxisAlignment: center
  verticalDirection: down
  spacing: 0.0
◢◤◢◤◢◤◢◤◢◤◢◤◢◤◢◤◢◤◢◤◢◤◢◤◢◤◢◤◢◤◢◤◢◤◢◤◢◤◢◤◢◤◢◤◢◤◢◤◢◤◢◤◢◤◢◤◢◤◢◤◢◤◢◤◢◤◢◤◢◤◢◤◢◤◢◤◢◤◢◤◢◤◢◤◢◤◢◤◢◤◢◤◢◤◢◤◢◤◢◤
════════════════════════════════════════════════════════════════════════════════════════════════════
00:03 +117 -33: /Users/wballard/github/reorderable_tree_list_view/test/widgets/reorderable_tree_list_view_integration_test.dart: ReorderableTreeListView Integration uses ReorderableListView instead of ListView
00:03 +117 -33: /Users/wballard/github/reorderable_tree_list_view/test/performance/rebuild_efficiency_test.dart: Rebuild Efficiency should batch updates efficiently
══╡ EXCEPTION CAUGHT BY FLUTTER TEST FRAMEWORK ╞════════════════════════════════════════════════════
The following assertion was thrown running a test:
The finder "Found 0 widgets with text "Add Items": []" (used in a call to "tap()") could not find
any matching widgets.

When the exception was thrown, this was the stack:
#0      WidgetController._getElementPoint (package:flutter_test/src/controller.dart:2009:7)
#1      WidgetController.getCenter (package:flutter_test/src/controller.dart:1861:12)
#2      WidgetController.tap (package:flutter_test/src/controller.dart:1041:7)
#3      main.<anonymous closure>.<anonymous closure> (file:///Users/wballard/github/reorderable_tree_list_view/test/performance/rebuild_efficiency_test.dart:247:20)
<asynchronous suspension>
#4      testWidgets.<anonymous closure>.<anonymous closure> (package:flutter_test/src/widget_tester.dart:193:15)
<asynchronous suspension>
#5      TestWidgetsFlutterBinding._runTestBody (package:flutter_test/src/binding.dart:1064:5)
<asynchronous suspension>
<asynchronous suspension>
(elided one frame from package:stack_trace)

The test description was:
  should batch updates efficiently
════════════════════════════════════════════════════════════════════════════════════════════════════
══╡ EXCEPTION CAUGHT BY FLUTTER TEST FRAMEWORK ╞════════════════════════════════════════════════════
The following message was thrown:
Multiple exceptions (4) were detected during the running of the current test, and at least one was
unexpected.
════════════════════════════════════════════════════════════════════════════════════════════════════
00:03 +117 -34: /Users/wballard/github/reorderable_tree_list_view/test/widgets/reorderable_tree_list_view_integration_test.dart: ReorderableTreeListView Integration uses ReorderableListView instead of ListView
00:03 +117 -34: /Users/wballard/github/reorderable_tree_list_view/test/performance/rebuild_efficiency_test.dart: Rebuild Efficiency should batch updates efficiently [E]
  Test failed. See exception logs above.
  The test description was: should batch updates efficiently
  
00:03 +118 -34: /Users/wballard/github/reorderable_tree_list_view/test/widgets/reorderable_tree_list_view_integration_test.dart: ReorderableTreeListView Integration uses ReorderableListView instead of ListView
00:03 +119 -34: /Users/wballard/github/reorderable_tree_list_view/test/widgets/reorderable_tree_list_view_integration_test.dart: ReorderableTreeListView Integration uses ReorderableListView instead of ListView
00:03 +120 -34: /Users/wballard/github/reorderable_tree_list_view/test/widgets/reorderable_tree_list_view_integration_test.dart: ReorderableTreeListView Integration uses ReorderableListView instead of ListView
00:03 +121 -34: /Users/wballard/github/reorderable_tree_list_view/test/widgets/reorderable_tree_list_view_integration_test.dart: ReorderableTreeListView Integration uses ReorderableListView instead of ListView
00:03 +121 -34: /Users/wballard/github/reorderable_tree_list_view/test/accessibility/keyboard_test.dart: Keyboard Accessibility should expand/collapse with Enter key
══╡ EXCEPTION CAUGHT BY FLUTTER TEST FRAMEWORK ╞════════════════════════════════════════════════════
The following assertion was thrown running a test:
The finder "Found 0 widgets with text "folder1" descending from widgets with type
"ReorderableTreeListViewItem": []" (used in a call to "tap()") could not find any matching widgets.

When the exception was thrown, this was the stack:
#0      WidgetController._getElementPoint (package:flutter_test/src/controller.dart:2009:7)
#1      WidgetController.getCenter (package:flutter_test/src/controller.dart:1861:12)
#2      WidgetController.tap (package:flutter_test/src/controller.dart:1041:7)
#3      main.<anonymous closure>.<anonymous closure> (file:///Users/wballard/github/reorderable_tree_list_view/test/accessibility/keyboard_test.dart:76:20)
<asynchronous suspension>
#4      testWidgets.<anonymous closure>.<anonymous closure> (package:flutter_test/src/widget_tester.dart:193:15)
<asynchronous suspension>
#5      TestWidgetsFlutterBinding._runTestBody (package:flutter_test/src/binding.dart:1064:5)
<asynchronous suspension>
<asynchronous suspension>
(elided one frame from package:stack_trace)

The test description was:
  should expand/collapse with Enter key
════════════════════════════════════════════════════════════════════════════════════════════════════
00:03 +121 -35: /Users/wballard/github/reorderable_tree_list_view/test/widgets/reorderable_tree_list_view_integration_test.dart: ReorderableTreeListView Integration uses ReorderableListView instead of ListView
00:03 +121 -35: /Users/wballard/github/reorderable_tree_list_view/test/accessibility/keyboard_test.dart: Keyboard Accessibility should expand/collapse with Enter key [E]
  Test failed. See exception logs above.
  The test description was: should expand/collapse with Enter key
  
00:03 +122 -35: /Users/wballard/github/reorderable_tree_list_view/test/widgets/reorderable_tree_list_view_integration_test.dart: ReorderableTreeListView Integration uses ReorderableListView instead of ListView
00:03 +123 -35: /Users/wballard/github/reorderable_tree_list_view/test/widgets/reorderable_tree_list_view_integration_test.dart: ReorderableTreeListView Integration uses ReorderableListView instead of ListView
00:03 +124 -35: /Users/wballard/github/reorderable_tree_list_view/test/widgets/reorderable_tree_list_view_integration_test.dart: ReorderableTreeListView Integration uses ReorderableListView instead of ListView
00:03 +125 -35: /Users/wballard/github/reorderable_tree_list_view/test/widgets/reorderable_tree_list_view_integration_test.dart: ReorderableTreeListView Integration uses ReorderableListView instead of ListView
00:03 +125 -35: /Users/wballard/github/reorderable_tree_list_view/test/performance/large_dataset_test.dart: Large Dataset Performance should handle deep nesting efficiently
══╡ EXCEPTION CAUGHT BY FLUTTER TEST FRAMEWORK ╞════════════════════════════════════════════════════
The following TestFailure was thrown running a test:
Expected: exactly one matching candidate
  Actual: _TextWidgetFinder:<Found 0 widgets with text "deep_file.txt": []>
   Which: means none were found but one was expected

When the exception was thrown, this was the stack:
#4      main.<anonymous closure>.<anonymous closure> (file:///Users/wballard/github/reorderable_tree_list_view/test/performance/large_dataset_test.dart:201:7)
<asynchronous suspension>
#5      testWidgets.<anonymous closure>.<anonymous closure> (package:flutter_test/src/widget_tester.dart:193:15)
<asynchronous suspension>
#6      TestWidgetsFlutterBinding._runTestBody (package:flutter_test/src/binding.dart:1064:5)
<asynchronous suspension>
<asynchronous suspension>
(elided one frame from package:stack_trace)

This was caught by the test expectation on the following line:
  file:///Users/wballard/github/reorderable_tree_list_view/test/performance/large_dataset_test.dart line 201
The test description was:
  should handle deep nesting efficiently
════════════════════════════════════════════════════════════════════════════════════════════════════
00:03 +125 -36: /Users/wballard/github/reorderable_tree_list_view/test/widgets/reorderable_tree_list_view_integration_test.dart: ReorderableTreeListView Integration uses ReorderableListView instead of ListView
00:03 +125 -36: /Users/wballard/github/reorderable_tree_list_view/test/performance/large_dataset_test.dart: Large Dataset Performance should handle deep nesting efficiently [E]
  Test failed. See exception logs above.
  The test description was: should handle deep nesting efficiently
  
00:03 +126 -36: /Users/wballard/github/reorderable_tree_list_view/test/widgets/reorderable_tree_list_view_integration_test.dart: ReorderableTreeListView Integration uses ReorderableListView instead of ListView
00:03 +126 -36: /Users/wballard/github/reorderable_tree_list_view/test/accessibility/keyboard_test.dart: Keyboard Accessibility should select with Space key
══╡ EXCEPTION CAUGHT BY FLUTTER TEST FRAMEWORK ╞════════════════════════════════════════════════════
The following TestFailure was thrown running a test:
Expected: <2>
  Actual: <1>

When the exception was thrown, this was the stack:
#4      main.<anonymous closure>.<anonymous closure> (file:///Users/wballard/github/reorderable_tree_list_view/test/accessibility/keyboard_test.dart:121:7)
<asynchronous suspension>
#5      testWidgets.<anonymous closure>.<anonymous closure> (package:flutter_test/src/widget_tester.dart:193:15)
<asynchronous suspension>
#6      TestWidgetsFlutterBinding._runTestBody (package:flutter_test/src/binding.dart:1064:5)
<asynchronous suspension>
<asynchronous suspension>
(elided one frame from package:stack_trace)

This was caught by the test expectation on the following line:
  file:///Users/wballard/github/reorderable_tree_list_view/test/accessibility/keyboard_test.dart line 121
The test description was:
  should select with Space key
════════════════════════════════════════════════════════════════════════════════════════════════════
00:03 +126 -37: /Users/wballard/github/reorderable_tree_list_view/test/widgets/reorderable_tree_list_view_integration_test.dart: ReorderableTreeListView Integration uses ReorderableListView instead of ListView
00:03 +126 -37: /Users/wballard/github/reorderable_tree_list_view/test/accessibility/keyboard_test.dart: Keyboard Accessibility should select with Space key [E]
  Test failed. See exception logs above.
  The test description was: should select with Space key
  
00:03 +127 -37: /Users/wballard/github/reorderable_tree_list_view/test/widgets/reorderable_tree_list_view_callbacks_test.dart: ReorderableTreeListView Callbacks invokes expansion callbacks
00:03 +128 -37: /Users/wballard/github/reorderable_tree_list_view/test/widgets/reorderable_tree_list_view_callbacks_test.dart: ReorderableTreeListView Callbacks invokes expansion callbacks
00:03 +129 -37: /Users/wballard/github/reorderable_tree_list_view/test/widgets/reorderable_tree_list_view_callbacks_test.dart: ReorderableTreeListView Callbacks invokes expansion callbacks
00:03 +129 -37: /Users/wballard/github/reorderable_tree_list_view/test/accessibility/keyboard_test.dart: Keyboard Accessibility should handle focus indicators
══╡ EXCEPTION CAUGHT BY FLUTTER TEST FRAMEWORK ╞════════════════════════════════════════════════════
The following StateError was thrown running a test:
Bad state: Too many elements

When the exception was thrown, this was the stack:
#0      Iterable.single (dart:core/iterable.dart:696:24)
#1      WidgetController.widget (package:flutter_test/src/controller.dart:804:30)
#2      main.<anonymous closure>.<anonymous closure> (file:///Users/wballard/github/reorderable_tree_list_view/test/accessibility/keyboard_test.dart:137:38)
<asynchronous suspension>
#3      testWidgets.<anonymous closure>.<anonymous closure> (package:flutter_test/src/widget_tester.dart:193:15)
<asynchronous suspension>
#4      TestWidgetsFlutterBinding._runTestBody (package:flutter_test/src/binding.dart:1064:5)
<asynchronous suspension>
<asynchronous suspension>
(elided one frame from package:stack_trace)

The test description was:
  should handle focus indicators
════════════════════════════════════════════════════════════════════════════════════════════════════
00:03 +129 -38: /Users/wballard/github/reorderable_tree_list_view/test/widgets/reorderable_tree_list_view_callbacks_test.dart: ReorderableTreeListView Callbacks invokes expansion callbacks
00:03 +129 -38: /Users/wballard/github/reorderable_tree_list_view/test/accessibility/keyboard_test.dart: Keyboard Accessibility should handle focus indicators [E]
  Test failed. See exception logs above.
  The test description was: should handle focus indicators
  
00:03 +129 -38: /Users/wballard/github/reorderable_tree_list_view/test/widgets/reorderable_tree_list_view_expansion_test.dart: ReorderableTreeListView Expansion Integration interaction should toggle expansion when icon is tapped
══╡ EXCEPTION CAUGHT BY FLUTTER TEST FRAMEWORK ╞════════════════════════════════════════════════════
The following TestFailure was thrown running a test:
Expected: no matching candidates
  Actual: _TextWidgetFinder:<Found 1 widget with text "file1.txt": [
            Text("file1.txt", dependencies: [DefaultSelectionStyle, DefaultTextStyle, MediaQuery]),
          ]>
   Which: means one was found but none were expected

When the exception was thrown, this was the stack:
#4      main.<anonymous closure>.<anonymous closure>.<anonymous closure> (file:///Users/wballard/github/reorderable_tree_list_view/test/widgets/reorderable_tree_list_view_expansion_test.dart:152:9)
<asynchronous suspension>
#5      testWidgets.<anonymous closure>.<anonymous closure> (package:flutter_test/src/widget_tester.dart:193:15)
<asynchronous suspension>
#6      TestWidgetsFlutterBinding._runTestBody (package:flutter_test/src/binding.dart:1064:5)
<asynchronous suspension>
<asynchronous suspension>
(elided one frame from package:stack_trace)

This was caught by the test expectation on the following line:
  file:///Users/wballard/github/reorderable_tree_list_view/test/widgets/reorderable_tree_list_view_expansion_test.dart line 152
The test description was:
  should toggle expansion when icon is tapped
════════════════════════════════════════════════════════════════════════════════════════════════════
00:03 +129 -39: /Users/wballard/github/reorderable_tree_list_view/test/widgets/reorderable_tree_list_view_callbacks_test.dart: ReorderableTreeListView Callbacks invokes expansion callbacks
00:03 +129 -39: /Users/wballard/github/reorderable_tree_list_view/test/widgets/reorderable_tree_list_view_expansion_test.dart: ReorderableTreeListView Expansion Integration interaction should toggle expansion when icon is tapped [E]
  Test failed. See exception logs above.
  The test description was: should toggle expansion when icon is tapped
  
00:03 +130 -39: /Users/wballard/github/reorderable_tree_list_view/test/widgets/reorderable_tree_list_view_callbacks_test.dart: ReorderableTreeListView Callbacks invokes expansion callbacks
00:03 +130 -39: /Users/wballard/github/reorderable_tree_list_view/test/widgets/reorderable_tree_list_view_drag_drop_test.dart: ReorderableTreeListView Drag and Drop should handle complex tree reorganization
══╡ EXCEPTION CAUGHT BY GESTURE LIBRARY ╞═══════════════════════════════════════════════════════════
The following RangeError was thrown while routing a pointer event:
RangeError (length): Invalid value: Not in inclusive range 0..14: 15

When the exception was thrown, this was the stack:
#0      List.[] (dart:core-patch/growable_array.dart)
#1      _ReorderableTreeListViewState.build.<anonymous closure> (package:reorderable_tree_list_view/src/widgets/reorderable_tree_list_view.dart:545:52)
#2      _ReorderableListViewState.build.<anonymous closure> (package:flutter/src/material/reorderable_list.dart:481:36)
#3      SliverReorderableListState._dragEnd (package:flutter/src/widgets/reorderable_list.dart:881:26)
#4      _DragInfo.end (package:flutter/src/widgets/reorderable_list.dart:1470:12)
#5      MultiDragPointerState._up (package:flutter/src/gestures/multidrag.dart:163:14)
#6      MultiDragGestureRecognizer._handleEvent (package:flutter/src/gestures/multidrag.dart:266:13)
#7      PointerRouter._dispatch (package:flutter/src/gestures/pointer_router.dart:97:12)
#8      PointerRouter._dispatchEventToRoutes.<anonymous closure> (package:flutter/src/gestures/pointer_router.dart:143:9)
#9      _LinkedHashMapMixin.forEach (dart:_compact_hash:764:13)
#10     PointerRouter._dispatchEventToRoutes (package:flutter/src/gestures/pointer_router.dart:141:18)
#11     PointerRouter.route (package:flutter/src/gestures/pointer_router.dart:131:7)
#12     GestureBinding.handleEvent (package:flutter/src/gestures/binding.dart:530:19)
#13     GestureBinding.dispatchEvent (package:flutter/src/gestures/binding.dart:499:22)
#14     RendererBinding.dispatchEvent (package:flutter/src/rendering/binding.dart:473:11)
#15     GestureBinding._handlePointerEventImmediately (package:flutter/src/gestures/binding.dart:437:7)
#16     GestureBinding.handlePointerEvent (package:flutter/src/gestures/binding.dart:394:5)
#17     TestWidgetsFlutterBinding.handlePointerEventForSource.<anonymous closure> (package:flutter_test/src/binding.dart:678:42)
#18     TestWidgetsFlutterBinding.withPointerEventSource (package:flutter_test/src/binding.dart:688:11)
#19     TestWidgetsFlutterBinding.handlePointerEventForSource (package:flutter_test/src/binding.dart:678:5)
#20     WidgetTester.sendEventToBinding.<anonymous closure> (package:flutter_test/src/widget_tester.dart:870:15)
#23     TestAsyncUtils.guard (package:flutter_test/src/test_async_utils.dart:74:41)
#24     WidgetTester.sendEventToBinding (package:flutter_test/src/widget_tester.dart:869:27)
#25     TestGesture.up.<anonymous closure> (package:flutter_test/src/test_pointer.dart:538:26)
#28     TestAsyncUtils.guard (package:flutter_test/src/test_async_utils.dart:74:41)
#29     TestGesture.up (package:flutter_test/src/test_pointer.dart:531:27)
#30     main.<anonymous closure>.<anonymous closure> (file:///Users/wballard/github/reorderable_tree_list_view/test/widgets/reorderable_tree_list_view_drag_drop_test.dart:282:21)
<asynchronous suspension>
#31     testWidgets.<anonymous closure>.<anonymous closure> (package:flutter_test/src/widget_tester.dart:193:15)
<asynchronous suspension>
#32     TestWidgetsFlutterBinding._runTestBody (package:flutter_test/src/binding.dart:1064:5)
<asynchronous suspension>
<asynchronous suspension>
(elided 5 frames from dart:async and package:stack_trace)

router: Instance of 'PointerRouter'
route: Closure: (PointerEvent) => void from Function '_handleEvent@450470698':.
event: PointerUpEvent#e3e0d(position: Offset(462.0, 722.0))
════════════════════════════════════════════════════════════════════════════════════════════════════
00:03 +130 -40: /Users/wballard/github/reorderable_tree_list_view/test/widgets/reorderable_tree_list_view_callbacks_test.dart: ReorderableTreeListView Callbacks invokes expansion callbacks
00:03 +130 -40: /Users/wballard/github/reorderable_tree_list_view/test/widgets/reorderable_tree_list_view_drag_drop_test.dart: ReorderableTreeListView Drag and Drop should handle complex tree reorganization [E]
  Test failed. See exception logs above.
  The test description was: should handle complex tree reorganization
  
00:03 +131 -40: /Users/wballard/github/reorderable_tree_list_view/test/widgets/reorderable_tree_list_view_callbacks_test.dart: ReorderableTreeListView Callbacks invokes expansion callbacks
00:03 +131 -40: /Users/wballard/github/reorderable_tree_list_view/test/accessibility/keyboard_test.dart: Keyboard Accessibility should not conflict with global shortcuts
══╡ EXCEPTION CAUGHT BY FLUTTER TEST FRAMEWORK ╞════════════════════════════════════════════════════
The following TestFailure was thrown running a test:
Expected: true
  Actual: <false>

When the exception was thrown, this was the stack:
#4      main.<anonymous closure>.<anonymous closure> (file:///Users/wballard/github/reorderable_tree_list_view/test/accessibility/keyboard_test.dart:186:7)
<asynchronous suspension>
#5      testWidgets.<anonymous closure>.<anonymous closure> (package:flutter_test/src/widget_tester.dart:193:15)
<asynchronous suspension>
#6      TestWidgetsFlutterBinding._runTestBody (package:flutter_test/src/binding.dart:1064:5)
<asynchronous suspension>
<asynchronous suspension>
(elided one frame from package:stack_trace)

This was caught by the test expectation on the following line:
  file:///Users/wballard/github/reorderable_tree_list_view/test/accessibility/keyboard_test.dart line 186
The test description was:
  should not conflict with global shortcuts
════════════════════════════════════════════════════════════════════════════════════════════════════
00:03 +131 -41: /Users/wballard/github/reorderable_tree_list_view/test/widgets/reorderable_tree_list_view_callbacks_test.dart: ReorderableTreeListView Callbacks invokes expansion callbacks
00:03 +131 -41: /Users/wballard/github/reorderable_tree_list_view/test/accessibility/keyboard_test.dart: Keyboard Accessibility should not conflict with global shortcuts [E]
  Test failed. See exception logs above.
  The test description was: should not conflict with global shortcuts
  
00:03 +131 -41: /Users/wballard/github/reorderable_tree_list_view/test/widgets/reorderable_tree_list_view_expansion_test.dart: ReorderableTreeListView Expansion Integration interaction should expand collapsed folder when icon is tapped
══╡ EXCEPTION CAUGHT BY FLUTTER TEST FRAMEWORK ╞════════════════════════════════════════════════════
The following TestFailure was thrown running a test:
Expected: exactly one matching candidate
  Actual: _TextWidgetFinder:<Found 0 widgets with text "file1.txt": []>
   Which: means none were found but one was expected

When the exception was thrown, this was the stack:
#4      main.<anonymous closure>.<anonymous closure>.<anonymous closure> (file:///Users/wballard/github/reorderable_tree_list_view/test/widgets/reorderable_tree_list_view_expansion_test.dart:207:9)
<asynchronous suspension>
#5      testWidgets.<anonymous closure>.<anonymous closure> (package:flutter_test/src/widget_tester.dart:193:15)
<asynchronous suspension>
#6      TestWidgetsFlutterBinding._runTestBody (package:flutter_test/src/binding.dart:1064:5)
<asynchronous suspension>
<asynchronous suspension>
(elided one frame from package:stack_trace)

This was caught by the test expectation on the following line:
  file:///Users/wballard/github/reorderable_tree_list_view/test/widgets/reorderable_tree_list_view_expansion_test.dart line 207
The test description was:
  should expand collapsed folder when icon is tapped
════════════════════════════════════════════════════════════════════════════════════════════════════
00:03 +131 -42: /Users/wballard/github/reorderable_tree_list_view/test/widgets/reorderable_tree_list_view_callbacks_test.dart: ReorderableTreeListView Callbacks invokes expansion callbacks
00:03 +131 -42: /Users/wballard/github/reorderable_tree_list_view/test/widgets/reorderable_tree_list_view_expansion_test.dart: ReorderableTreeListView Expansion Integration interaction should expand collapsed folder when icon is tapped [E]
  Test failed. See exception logs above.
  The test description was: should expand collapsed folder when icon is tapped
  
00:03 +131 -42: /Users/wballard/github/reorderable_tree_list_view/test/widgets/reorderable_tree_list_view_callbacks_test.dart: ReorderableTreeListView Callbacks invokes expansion callbacks
══╡ EXCEPTION CAUGHT BY FLUTTER TEST FRAMEWORK ╞════════════════════════════════════════════════════
The following TestFailure was thrown running a test:
Expected: contains Uri:<file:///folder1>
  Actual: []
   Which: does not contain Uri:<file:///folder1>

When the exception was thrown, this was the stack:
#4      main.<anonymous closure>.<anonymous closure> (file:///Users/wballard/github/reorderable_tree_list_view/test/widgets/reorderable_tree_list_view_callbacks_test.dart:42:7)
<asynchronous suspension>
#5      testWidgets.<anonymous closure>.<anonymous closure> (package:flutter_test/src/widget_tester.dart:193:15)
<asynchronous suspension>
#6      TestWidgetsFlutterBinding._runTestBody (package:flutter_test/src/binding.dart:1064:5)
<asynchronous suspension>
<asynchronous suspension>
(elided one frame from package:stack_trace)

This was caught by the test expectation on the following line:
  file:///Users/wballard/github/reorderable_tree_list_view/test/widgets/reorderable_tree_list_view_callbacks_test.dart line 42
The test description was:
  invokes expansion callbacks
════════════════════════════════════════════════════════════════════════════════════════════════════
00:03 +131 -43: /Users/wballard/github/reorderable_tree_list_view/test/widgets/reorderable_tree_list_view_integration_test.dart: ReorderableTreeListView Integration passes through padding and other properties
00:03 +131 -43: /Users/wballard/github/reorderable_tree_list_view/test/widgets/reorderable_tree_list_view_callbacks_test.dart: ReorderableTreeListView Callbacks invokes expansion callbacks [E]
  Test failed. See exception logs above.
  The test description was: invokes expansion callbacks
  
00:03 +132 -43: /Users/wballard/github/reorderable_tree_list_view/test/widgets/reorderable_tree_list_view_integration_test.dart: ReorderableTreeListView Integration passes through padding and other properties
00:03 +133 -43: /Users/wballard/github/reorderable_tree_list_view/test/accessibility/keyboard_test.dart: Keyboard Accessibility should announce focus changes for screen readers
00:03 +134 -43: /Users/wballard/github/reorderable_tree_list_view/test/widgets/reorderable_tree_list_view_callbacks_test.dart: ReorderableTreeListView Callbacks invokes drag callbacks
00:03 +135 -43: /Users/wballard/github/reorderable_tree_list_view/test/widgets/reorderable_tree_list_view_callbacks_test.dart: ReorderableTreeListView Callbacks invokes drag callbacks
00:03 +136 -43: /Users/wballard/github/reorderable_tree_list_view/test/widgets/reorderable_tree_list_view_callbacks_test.dart: ReorderableTreeListView Callbacks invokes drag callbacks
00:03 +137 -43: /Users/wballard/github/reorderable_tree_list_view/test/widgets/reorderable_tree_list_view_callbacks_test.dart: ReorderableTreeListView Callbacks invokes drag callbacks
00:03 +138 -43: /Users/wballard/github/reorderable_tree_list_view/test/widgets/reorderable_tree_list_view_callbacks_test.dart: ReorderableTreeListView Callbacks invokes drag callbacks
══╡ EXCEPTION CAUGHT BY FLUTTER TEST FRAMEWORK ╞════════════════════════════════════════════════════
The following TestFailure was thrown running a test:
Expected: non-empty
  Actual: []

When the exception was thrown, this was the stack:
#4      main.<anonymous closure>.<anonymous closure> (file:///Users/wballard/github/reorderable_tree_list_view/test/widgets/reorderable_tree_list_view_callbacks_test.dart:91:7)
<asynchronous suspension>
#5      testWidgets.<anonymous closure>.<anonymous closure> (package:flutter_test/src/widget_tester.dart:193:15)
<asynchronous suspension>
#6      TestWidgetsFlutterBinding._runTestBody (package:flutter_test/src/binding.dart:1064:5)
<asynchronous suspension>
<asynchronous suspension>
(elided one frame from package:stack_trace)

This was caught by the test expectation on the following line:
  file:///Users/wballard/github/reorderable_tree_list_view/test/widgets/reorderable_tree_list_view_callbacks_test.dart line 91
The test description was:
  invokes drag callbacks
════════════════════════════════════════════════════════════════════════════════════════════════════
00:03 +138 -44: /Users/wballard/github/reorderable_tree_list_view/test/widgets/reorderable_tree_list_view_integration_test.dart: ReorderableTreeListView Integration items are draggable
00:03 +138 -44: /Users/wballard/github/reorderable_tree_list_view/test/widgets/reorderable_tree_list_view_callbacks_test.dart: ReorderableTreeListView Callbacks invokes drag callbacks [E]
  Test failed. See exception logs above.
  The test description was: invokes drag callbacks
  
00:03 +139 -44: /Users/wballard/github/reorderable_tree_list_view/test/widgets/reorderable_tree_list_view_integration_test.dart: ReorderableTreeListView Integration items are draggable
00:03 +140 -44: /Users/wballard/github/reorderable_tree_list_view/test/widgets/reorderable_tree_list_view_callbacks_test.dart: ReorderableTreeListView Callbacks validation callbacks prevent actions
══╡ EXCEPTION CAUGHT BY FLUTTER TEST FRAMEWORK ╞════════════════════════════════════════════════════
The following TestFailure was thrown running a test:
Expected: contains Uri:<file:///folder1>
  Actual: []
   Which: does not contain Uri:<file:///folder1>

When the exception was thrown, this was the stack:
#4      main.<anonymous closure>.<anonymous closure> (file:///Users/wballard/github/reorderable_tree_list_view/test/widgets/reorderable_tree_list_view_callbacks_test.dart:167:7)
<asynchronous suspension>
#5      testWidgets.<anonymous closure>.<anonymous closure> (package:flutter_test/src/widget_tester.dart:193:15)
<asynchronous suspension>
#6      TestWidgetsFlutterBinding._runTestBody (package:flutter_test/src/binding.dart:1064:5)
<asynchronous suspension>
<asynchronous suspension>
(elided one frame from package:stack_trace)

This was caught by the test expectation on the following line:
  file:///Users/wballard/github/reorderable_tree_list_view/test/widgets/reorderable_tree_list_view_callbacks_test.dart line 167
The test description was:
  validation callbacks prevent actions
════════════════════════════════════════════════════════════════════════════════════════════════════
00:03 +140 -45: /Users/wballard/github/reorderable_tree_list_view/test/widgets/reorderable_tree_list_view_item_actions_test.dart: ReorderableTreeListViewItem Actions Integration Intent Invocation should invoke ExpandNodeIntent when expand button is tapped
00:03 +140 -45: /Users/wballard/github/reorderable_tree_list_view/test/widgets/reorderable_tree_list_view_callbacks_test.dart: ReorderableTreeListView Callbacks validation callbacks prevent actions [E]
  Test failed. See exception logs above.
  The test description was: validation callbacks prevent actions
  
00:03 +141 -45: /Users/wballard/github/reorderable_tree_list_view/test/widgets/reorderable_tree_list_view_item_actions_test.dart: ReorderableTreeListViewItem Actions Integration Intent Invocation should invoke ExpandNodeIntent when expand button is tapped
00:03 +142 -45: /Users/wballard/github/reorderable_tree_list_view/test/widgets/reorderable_tree_list_view_item_actions_test.dart: ReorderableTreeListViewItem Actions Integration Intent Invocation should invoke ExpandNodeIntent when expand button is tapped
00:03 +142 -45: /Users/wballard/github/reorderable_tree_list_view/test/widgets/reorderable_tree_list_view_callbacks_test.dart: ReorderableTreeListView Callbacks async validation callbacks work
══╡ EXCEPTION CAUGHT BY FLUTTER TEST FRAMEWORK ╞════════════════════════════════════════════════════
The following TestFailure was thrown running a test:
Expected: contains Uri:<file:///folder1>
  Actual: []
   Which: does not contain Uri:<file:///folder1>

When the exception was thrown, this was the stack:
#4      main.<anonymous closure>.<anonymous closure> (file:///Users/wballard/github/reorderable_tree_list_view/test/widgets/reorderable_tree_list_view_callbacks_test.dart:245:7)
<asynchronous suspension>
#5      testWidgets.<anonymous closure>.<anonymous closure> (package:flutter_test/src/widget_tester.dart:193:15)
<asynchronous suspension>
#6      TestWidgetsFlutterBinding._runTestBody (package:flutter_test/src/binding.dart:1064:5)
<asynchronous suspension>
<asynchronous suspension>
(elided one frame from package:stack_trace)

This was caught by the test expectation on the following line:
  file:///Users/wballard/github/reorderable_tree_list_view/test/widgets/reorderable_tree_list_view_callbacks_test.dart line 245
The test description was:
  async validation callbacks work
════════════════════════════════════════════════════════════════════════════════════════════════════
00:03 +142 -46: /Users/wballard/github/reorderable_tree_list_view/test/widgets/reorderable_tree_list_view_item_actions_test.dart: ReorderableTreeListViewItem Actions Integration Intent Invocation should invoke ExpandNodeIntent when expand button is tapped
00:03 +142 -46: /Users/wballard/github/reorderable_tree_list_view/test/widgets/reorderable_tree_list_view_callbacks_test.dart: ReorderableTreeListView Callbacks async validation callbacks work [E]
  Test failed. See exception logs above.
  The test description was: async validation callbacks work
  
00:04 +143 -46: /Users/wballard/github/reorderable_tree_list_view/test/widgets/reorderable_tree_list_view_test.dart: ReorderableTreeListView creates widget with sample paths
00:04 +144 -46: /Users/wballard/github/reorderable_tree_list_view/test/widgets/reorderable_tree_list_view_test.dart: ReorderableTreeListView creates widget with sample paths
00:04 +145 -46: /Users/wballard/github/reorderable_tree_list_view/test/widgets/reorderable_tree_list_view_test.dart: ReorderableTreeListView creates widget with sample paths
00:04 +146 -46: /Users/wballard/github/reorderable_tree_list_view/test/widgets/reorderable_tree_list_view_test.dart: ReorderableTreeListView creates widget with sample paths
00:04 +147 -46: /Users/wballard/github/reorderable_tree_list_view/test/widgets/reorderable_tree_list_view_test.dart: ReorderableTreeListView creates widget with sample paths
00:04 +148 -46: /Users/wballard/github/reorderable_tree_list_view/test/widgets/tree_item_expansion_test.dart: ReorderableTreeListViewItem Expansion UI expand/collapse icons should show expand icon for collapsed folder
00:04 +149 -46: /Users/wballard/github/reorderable_tree_list_view/test/widgets/tree_item_expansion_test.dart: ReorderableTreeListViewItem Expansion UI expand/collapse icons should show expand icon for collapsed folder
00:04 +150 -46: /Users/wballard/github/reorderable_tree_list_view/test/widgets/reorderable_tree_list_view_item_test.dart: ReorderableTreeListViewItem creates widget with required parameters
00:04 +151 -46: /Users/wballard/github/reorderable_tree_list_view/test/widgets/reorderable_tree_list_view_item_test.dart: ReorderableTreeListViewItem creates widget with required parameters
00:04 +152 -46: /Users/wballard/github/reorderable_tree_list_view/test/widgets/reorderable_tree_list_view_item_test.dart: ReorderableTreeListViewItem creates widget with required parameters
00:04 +153 -46: /Users/wballard/github/reorderable_tree_list_view/test/widgets/reorderable_tree_list_view_item_test.dart: ReorderableTreeListViewItem creates widget with required parameters
00:04 +154 -46: /Users/wballard/github/reorderable_tree_list_view/test/widgets/reorderable_tree_list_view_item_test.dart: ReorderableTreeListViewItem creates widget with required parameters
00:04 +155 -46: /Users/wballard/github/reorderable_tree_list_view/test/widgets/reorderable_tree_list_view_item_test.dart: ReorderableTreeListViewItem creates widget with required parameters
00:04 +156 -46: /Users/wballard/github/reorderable_tree_list_view/test/widgets/reorderable_tree_list_view_item_test.dart: ReorderableTreeListViewItem creates widget with required parameters
00:04 +157 -46: /Users/wballard/github/reorderable_tree_list_view/test/widgets/reorderable_tree_list_view_item_test.dart: ReorderableTreeListViewItem creates widget with required parameters
00:04 +158 -46: /Users/wballard/github/reorderable_tree_list_view/test/widgets/reorderable_tree_list_view_item_test.dart: ReorderableTreeListViewItem creates widget with required parameters
00:04 +159 -46: /Users/wballard/github/reorderable_tree_list_view/test/widgets/reorderable_tree_list_view_callbacks_basic_test.dart: ReorderableTreeListView Basic Callbacks invokes onItemTap callback
00:04 +160 -46: /Users/wballard/github/reorderable_tree_list_view/test/widgets/reorderable_tree_list_view_callbacks_basic_test.dart: ReorderableTreeListView Basic Callbacks invokes onItemTap callback
00:04 +161 -46: /Users/wballard/github/reorderable_tree_list_view/test/widgets/reorderable_tree_list_view_callbacks_basic_test.dart: ReorderableTreeListView Basic Callbacks invokes onItemTap callback
00:04 +162 -46: /Users/wballard/github/reorderable_tree_list_view/test/widgets/reorderable_tree_list_view_callbacks_basic_test.dart: ReorderableTreeListView Basic Callbacks invokes onItemTap callback
00:04 +163 -46: /Users/wballard/github/reorderable_tree_list_view/test/widgets/reorderable_tree_list_view_callbacks_basic_test.dart: ReorderableTreeListView Basic Callbacks invokes onItemTap callback
00:04 +164 -46: /Users/wballard/github/reorderable_tree_list_view/test/widgets/reorderable_tree_list_view_callbacks_basic_test.dart: ReorderableTreeListView Basic Callbacks invokes onItemTap callback
00:04 +165 -46: /Users/wballard/github/reorderable_tree_list_view/test/widgets/reorderable_tree_list_view_callbacks_basic_test.dart: ReorderableTreeListView Basic Callbacks invokes onItemTap callback
00:04 +166 -46: /Users/wballard/github/reorderable_tree_list_view/test/widgets/reorderable_tree_list_view_callbacks_basic_test.dart: ReorderableTreeListView Basic Callbacks invokes onItemTap callback
00:04 +167 -46: /Users/wballard/github/reorderable_tree_list_view/test/widgets/reorderable_tree_list_view_callbacks_basic_test.dart: ReorderableTreeListView Basic Callbacks invokes onItemTap callback
00:04 +168 -46: /Users/wballard/github/reorderable_tree_list_view/test/widgets/reorderable_tree_list_view_callbacks_basic_test.dart: ReorderableTreeListView Basic Callbacks invokes onItemTap callback
00:04 +169 -46: /Users/wballard/github/reorderable_tree_list_view/test/widgets/reorderable_tree_list_view_callbacks_basic_test.dart: ReorderableTreeListView Basic Callbacks invokes onItemTap callback
00:04 +170 -46: /Users/wballard/github/reorderable_tree_list_view/test/widgets/reorderable_tree_list_view_callbacks_basic_test.dart: ReorderableTreeListView Basic Callbacks invokes onItemTap callback
00:04 +171 -46: /Users/wballard/github/reorderable_tree_list_view/test/widgets/reorderable_tree_list_view_callbacks_basic_test.dart: ReorderableTreeListView Basic Callbacks invokes onItemTap callback
00:04 +172 -46: /Users/wballard/github/reorderable_tree_list_view/test/widgets/reorderable_tree_list_view_keyboard_test.dart: ReorderableTreeListView Keyboard Navigation Focus Management should focus first item on initial tab
00:04 +173 -46: /Users/wballard/github/reorderable_tree_list_view/test/widgets/reorderable_tree_list_view_keyboard_test.dart: ReorderableTreeListView Keyboard Navigation Focus Management should focus first item on initial tab
00:04 +173 -46: /Users/wballard/github/reorderable_tree_list_view/test/widgets/reorderable_tree_list_view_callbacks_basic_test.dart: ReorderableTreeListView Basic Callbacks basic drag and drop works
══╡ EXCEPTION CAUGHT BY FLUTTER TEST FRAMEWORK ╞════════════════════════════════════════════════════
The following TestFailure was thrown running a test:
Expected: non-empty
  Actual: []

When the exception was thrown, this was the stack:
#4      main.<anonymous closure>.<anonymous closure> (file:///Users/wballard/github/reorderable_tree_list_view/test/widgets/reorderable_tree_list_view_callbacks_basic_test.dart:94:7)
<asynchronous suspension>
#5      testWidgets.<anonymous closure>.<anonymous closure> (package:flutter_test/src/widget_tester.dart:193:15)
<asynchronous suspension>
#6      TestWidgetsFlutterBinding._runTestBody (package:flutter_test/src/binding.dart:1064:5)
<asynchronous suspension>
<asynchronous suspension>
(elided one frame from package:stack_trace)

This was caught by the test expectation on the following line:
  file:///Users/wballard/github/reorderable_tree_list_view/test/widgets/reorderable_tree_list_view_callbacks_basic_test.dart line 94
The test description was:
  basic drag and drop works
════════════════════════════════════════════════════════════════════════════════════════════════════
00:04 +173 -47: /Users/wballard/github/reorderable_tree_list_view/test/widgets/reorderable_tree_list_view_keyboard_test.dart: ReorderableTreeListView Keyboard Navigation Focus Management should focus first item on initial tab
00:04 +173 -47: /Users/wballard/github/reorderable_tree_list_view/test/widgets/reorderable_tree_list_view_callbacks_basic_test.dart: ReorderableTreeListView Basic Callbacks basic drag and drop works [E]
  Test failed. See exception logs above.
  The test description was: basic drag and drop works
  
00:04 +174 -47: /Users/wballard/github/reorderable_tree_list_view/test/widgets/reorderable_tree_list_view_actions_test.dart: ReorderableTreeListView Actions and Intents Actions Widget Integration should wrap tree in Actions widget with all tree actions
00:05 +175 -47: /Users/wballard/github/reorderable_tree_list_view/test/widgets/reorderable_tree_list_view_item_theme_test.dart: ReorderableTreeListViewItem Theme Integration should use default theme when no TreeTheme provided
00:05 +176 -47: /Users/wballard/github/reorderable_tree_list_view/test/widgets/reorderable_tree_list_view_item_theme_test.dart: ReorderableTreeListViewItem Theme Integration should use default theme when no TreeTheme provided
00:05 +177 -47: /Users/wballard/github/reorderable_tree_list_view/test/widgets/reorderable_tree_list_view_item_theme_test.dart: ReorderableTreeListViewItem Theme Integration should use default theme when no TreeTheme provided
00:05 +178 -47: /Users/wballard/github/reorderable_tree_list_view/test/widgets/reorderable_tree_list_view_item_theme_test.dart: ReorderableTreeListViewItem Theme Integration should use default theme when no TreeTheme provided
00:05 +179 -47: /Users/wballard/github/reorderable_tree_list_view/test/widgets/tree_view_shortcuts_test.dart: TreeViewShortcuts Default Shortcuts should wrap child with Shortcuts widget containing default shortcuts
00:05 +180 -47: /Users/wballard/github/reorderable_tree_list_view/test/widgets/tree_view_shortcuts_test.dart: TreeViewShortcuts Default Shortcuts should wrap child with Shortcuts widget containing default shortcuts
00:05 +181 -47: /Users/wballard/github/reorderable_tree_list_view/test/widgets/tree_view_shortcuts_test.dart: TreeViewShortcuts Default Shortcuts should wrap child with Shortcuts widget containing default shortcuts
00:05 +182 -47: /Users/wballard/github/reorderable_tree_list_view/test/widgets/tree_view_shortcuts_test.dart: TreeViewShortcuts Default Shortcuts should wrap child with Shortcuts widget containing default shortcuts
00:05 +183 -47: /Users/wballard/github/reorderable_tree_list_view/test/widgets/tree_view_shortcuts_test.dart: TreeViewShortcuts Default Shortcuts should wrap child with Shortcuts widget containing default shortcuts
00:05 +184 -47: /Users/wballard/github/reorderable_tree_list_view/test/widgets/tree_view_shortcuts_test.dart: TreeViewShortcuts Default Shortcuts should wrap child with Shortcuts widget containing default shortcuts
00:05 +185 -47: /Users/wballard/github/reorderable_tree_list_view/test/widgets/tree_view_shortcuts_test.dart: TreeViewShortcuts Default Shortcuts should wrap child with Shortcuts widget containing default shortcuts
00:05 +186 -47: /Users/wballard/github/reorderable_tree_list_view/test/widgets/tree_view_shortcuts_test.dart: TreeViewShortcuts Default Shortcuts should wrap child with Shortcuts widget containing default shortcuts
00:05 +187 -47: /Users/wballard/github/reorderable_tree_list_view/test/widgets/tree_view_shortcuts_test.dart: TreeViewShortcuts Default Shortcuts should wrap child with Shortcuts widget containing default shortcuts
00:05 +188 -47: /Users/wballard/github/reorderable_tree_list_view/test/widgets/tree_view_shortcuts_test.dart: TreeViewShortcuts Default Shortcuts should wrap child with Shortcuts widget containing default shortcuts
00:05 +189 -47: /Users/wballard/github/reorderable_tree_list_view/test/widgets/tree_view_shortcuts_test.dart: TreeViewShortcuts Default Shortcuts should wrap child with Shortcuts widget containing default shortcuts
00:05 +190 -47: /Users/wballard/github/reorderable_tree_list_view/test/widgets/reorderable_tree_list_view_keyboard_test.dart: ReorderableTreeListView Keyboard Navigation Arrow Navigation should expand folder with arrow right
00:05 +191 -47: /Users/wballard/github/reorderable_tree_list_view/test/widgets/tree_view_shortcuts_test.dart: TreeViewShortcuts Default Shortcuts should provide platform-specific shortcuts on macOS
00:05 +192 -47: /Users/wballard/github/reorderable_tree_list_view/test/widgets/reorderable_tree_list_view_keyboard_test.dart: ReorderableTreeListView Keyboard Navigation Arrow Navigation should collapse folder with arrow left
00:05 +193 -47: /Users/wballard/github/reorderable_tree_list_view/test/widgets/reorderable_tree_list_view_keyboard_test.dart: ReorderableTreeListView Keyboard Navigation Arrow Navigation should collapse folder with arrow left
00:05 +194 -47: /Users/wballard/github/reorderable_tree_list_view/test/widgets/reorderable_tree_list_view_keyboard_test.dart: ReorderableTreeListView Keyboard Navigation Arrow Navigation should collapse folder with arrow left
00:05 +195 -47: /Users/wballard/github/reorderable_tree_list_view/test/widgets/tree_view_shortcuts_test.dart: TreeViewShortcuts Custom Shortcuts should only use custom shortcuts when defaults are disabled
00:05 +196 -47: /Users/wballard/github/reorderable_tree_list_view/test/widgets/reorderable_tree_list_view_keyboard_test.dart: ReorderableTreeListView Keyboard Navigation Arrow Navigation should move to parent with arrow left on leaf
00:05 +197 -47: /Users/wballard/github/reorderable_tree_list_view/test/widgets/reorderable_tree_list_view_keyboard_test.dart: ReorderableTreeListView Keyboard Navigation Arrow Navigation should move to parent with arrow left on leaf
00:05 +198 -47: /Users/wballard/github/reorderable_tree_list_view/test/widgets/reorderable_tree_list_view_keyboard_test.dart: ReorderableTreeListView Keyboard Navigation Arrow Navigation should move to parent with arrow left on leaf
00:05 +199 -47: /Users/wballard/github/reorderable_tree_list_view/test/widgets/reorderable_tree_list_view_keyboard_test.dart: ReorderableTreeListView Keyboard Navigation Arrow Navigation should move to parent with arrow left on leaf
00:05 +200 -47: /Users/wballard/github/reorderable_tree_list_view/test/widgets/reorderable_tree_list_view_keyboard_test.dart: ReorderableTreeListView Keyboard Navigation Arrow Navigation should move to parent with arrow left on leaf
00:05 +201 -47: /Users/wballard/github/reorderable_tree_list_view/test/widgets/reorderable_tree_list_view_keyboard_test.dart: ReorderableTreeListView Keyboard Navigation Home/End Navigation should jump to first item with Home
00:05 +202 -47: /Users/wballard/github/reorderable_tree_list_view/test/widgets/reorderable_tree_list_view_keyboard_test.dart: ReorderableTreeListView Keyboard Navigation Home/End Navigation should jump to last item with End
00:05 +203 -47: /Users/wballard/github/reorderable_tree_list_view/test/widgets/reorderable_tree_list_view_keyboard_test.dart: ReorderableTreeListView Keyboard Navigation Item Activation should activate item with Enter
00:05 +204 -47: /Users/wballard/github/reorderable_tree_list_view/test/widgets/reorderable_tree_list_view_keyboard_test.dart: ReorderableTreeListView Keyboard Navigation Item Activation should activate item with Space
00:05 +205 -47: /Users/wballard/github/reorderable_tree_list_view/test/widgets/reorderable_tree_list_view_keyboard_test.dart: ReorderableTreeListView Keyboard Navigation Accessibility should disable keyboard navigation when flag is false
00:05 +206 -47: /Users/wballard/github/reorderable_tree_list_view/test/widgets/reorderable_tree_list_view_keyboard_test.dart: ReorderableTreeListView Keyboard Navigation Accessibility should announce tree structure with Semantics
00:05 +207 -47: Some tests failed.
